
> speaksharp@3.5.4 test:unit:local /Users/fibonacci/SW_Dev/Antigravity_Dev/speaksharp
> echo 'NOTE: Running Unit and Component Integration tests...' && cross-env CI=true FORCE_COLOR=1 vitest run --config frontend/vitest.config.mjs --coverage --pool=forks

NOTE: Running Unit and Component Integration tests...

[1m[46m RUN [49m[22m [36mv3.2.4 [39m[90m/Users/fibonacci/SW_Dev/Antigravity_Dev/speaksharp[39m
      [2mCoverage enabled with [22m[33mv8[39m

{"level":30,"time":1772984958844,"pid":3237,"hostname":"Mac.lan","project":"yxlapjuovrsvjswkwnrk","msg":"[Supabase] Real client connected"}
{"level":30,"time":1772984958848,"pid":3237,"hostname":"Mac.lan","msg":"[TranscriptionProvider] Component mounted/updated"}
{"level":30,"time":1772984958848,"pid":3237,"hostname":"Mac.lan","userId":"test-user-id","msg":"[AuthProvider] Using injected initialSession"}
{"level":30,"time":1772984958850,"pid":3237,"hostname":"Mac.lan","msg":"[useTranscriptionControl] Starting transcription"}
{"level":30,"time":1772984958850,"pid":3237,"hostname":"Mac.lan","from":"IDLE","to":"ACTIVATING_MIC","event":"START_REQUESTED","msg":"[FSM] State transition: IDLE -> ACTIVATING_MIC"}
{"level":30,"time":1772984958856,"pid":3237,"hostname":"Mac.lan","msg":"Mocking microphone stream for TEST_ENVIRONMENT"}
{"level":30,"time":1772984958856,"pid":3237,"hostname":"Mac.lan","from":"ACTIVATING_MIC","to":"READY","event":"MIC_ACQUIRED","msg":"[FSM] State transition: ACTIVATING_MIC -> READY"}
{"level":30,"time":1772984958856,"pid":3237,"hostname":"Mac.lan","from":"READY","to":"INITIALIZING_ENGINE","event":"ENGINE_INIT_REQUESTED","msg":"[FSM] State transition: READY -> INITIALIZING_ENGINE"}
{"level":30,"time":1772984958856,"pid":3237,"hostname":"Mac.lan","policyId":"e2e-deterministic-native","policyPref":"native","allowNative":true,"allowCloud":false,"allowPrivate":false,"msg":"[TranscriptionPolicy] Resolving mode:"}
{"level":30,"time":1772984958856,"pid":3237,"hostname":"Mac.lan","resolved":"native","source":"policy-preference","msg":"[TranscriptionPolicy] Resolved mode"}
{"level":30,"time":1772984958856,"pid":3237,"hostname":"Mac.lan","msg":"[TranscriptionService] Preparing engine for mode: native"}
{"level":30,"time":1772984958857,"pid":3237,"hostname":"Mac.lan","msg":"[EngineFactory] 🌐 Starting Native Browser mode"}
{"level":30,"time":1772984958857,"pid":3237,"hostname":"Mac.lan","msg":"[EngineFactory] 🧪 Injecting Native engine from Registry"}
{"level":30,"time":1772984958857,"pid":3237,"hostname":"Mac.lan","msg":"[useSpeechRecognition] Service ready"}
{"level":30,"time":1772984958857,"pid":3237,"hostname":"Mac.lan","from":"INITIALIZING_ENGINE","to":"RECORDING","event":"ENGINE_STARTED","msg":"[FSM] State transition: INITIALIZING_ENGINE -> RECORDING"}
{"level":30,"time":1772984958880,"pid":3237,"hostname":"Mac.lan","msg":"[useTranscriptionControl] Stopping transcription"}
{"level":30,"time":1772984958884,"pid":3237,"hostname":"Mac.lan","msg":"[TranscriptionProvider] Component unmounting (Service persists)"}
{"level":30,"time":1772984958885,"pid":3237,"hostname":"Mac.lan","msg":"[TranscriptionProvider] Component mounted/updated"}
{"level":30,"time":1772984958886,"pid":3237,"hostname":"Mac.lan","msg":"[useTranscriptionControl] Starting transcription"}
{"level":30,"time":1772984958886,"pid":3237,"hostname":"Mac.lan","msg":"[TranscriptionService] Interrupting active session for new request"}
{"level":30,"time":1772984958886,"pid":3237,"hostname":"Mac.lan","msg":"[TranscriptionService] 🧹 Starting cleanup sequence"}
{"level":30,"time":1772984958886,"pid":3237,"hostname":"Mac.lan","from":"RECORDING","to":"CLEANING_UP","event":"TERMINATE_REQUESTED","msg":"[FSM] State transition: RECORDING -> CLEANING_UP"}
{"level":30,"time":1772984958886,"pid":3237,"hostname":"Mac.lan","from":"CLEANING_UP","to":"IDLE","event":"RESET_REQUESTED","msg":"[FSM] State transition: CLEANING_UP -> IDLE"}
{"level":30,"time":1772984958886,"pid":3237,"hostname":"Mac.lan","msg":"[TranscriptionService] ✅ Cleanup complete"}
{"level":30,"time":1772984958886,"pid":3237,"hostname":"Mac.lan","from":"IDLE","to":"ACTIVATING_MIC","event":"START_REQUESTED","msg":"[FSM] State transition: IDLE -> ACTIVATING_MIC"}
{"level":30,"time":1772984958886,"pid":3237,"hostname":"Mac.lan","event":"INITIAL_SESSION","timestamp":"2026-03-08T15:49:18.886Z","msg":"[Supabase Auth] 🔐 Auth event: INITIAL_SESSION"}
{"level":30,"time":1772984958886,"pid":3237,"hostname":"Mac.lan","msg":"Mocking microphone stream for TEST_ENVIRONMENT"}
{"level":30,"time":1772984958886,"pid":3237,"hostname":"Mac.lan","hasSession":false,"durationMs":1,"msg":"[AuthProvider] getSession complete"}
{"level":30,"time":1772984958886,"pid":3237,"hostname":"Mac.lan","from":"ACTIVATING_MIC","to":"READY","event":"MIC_ACQUIRED","msg":"[FSM] State transition: ACTIVATING_MIC -> READY"}
{"level":30,"time":1772984958886,"pid":3237,"hostname":"Mac.lan","from":"READY","to":"INITIALIZING_ENGINE","event":"ENGINE_INIT_REQUESTED","msg":"[FSM] State transition: READY -> INITIALIZING_ENGINE"}
{"level":30,"time":1772984958886,"pid":3237,"hostname":"Mac.lan","policyId":"e2e-deterministic-native","policyPref":"native","allowNative":true,"allowCloud":false,"allowPrivate":false,"msg":"[TranscriptionPolicy] Resolving mode:"}
{"level":30,"time":1772984958886,"pid":3237,"hostname":"Mac.lan","resolved":"native","source":"policy-preference","msg":"[TranscriptionPolicy] Resolved mode"}
{"level":30,"time":1772984958886,"pid":3237,"hostname":"Mac.lan","msg":"[TranscriptionService] Preparing engine for mode: native"}
{"level":30,"time":1772984958886,"pid":3237,"hostname":"Mac.lan","msg":"[EngineFactory] 🌐 Starting Native Browser mode"}
{"level":30,"time":1772984958886,"pid":3237,"hostname":"Mac.lan","msg":"[EngineFactory] 🧪 Injecting Native engine from Registry"}
{"level":30,"time":1772984958886,"pid":3237,"hostname":"Mac.lan","msg":"[useSpeechRecognition] Service ready"}
{"level":30,"time":1772984958886,"pid":3237,"hostname":"Mac.lan","from":"INITIALIZING_ENGINE","to":"RECORDING","event":"ENGINE_STARTED","msg":"[FSM] State transition: INITIALIZING_ENGINE -> RECORDING"}
{"level":30,"time":1772984958887,"pid":3237,"hostname":"Mac.lan","from":"RECORDING","to":"ERROR","event":"ERROR_OCCURRED","msg":"[FSM] State transition: RECORDING -> ERROR"}
{"level":50,"time":1772984958887,"pid":3237,"hostname":"Mac.lan","err":{"type":"Error","message":"Error occurred","stack":"Error: Error occurred\n    at Object.onStatusChange (/Users/fibonacci/SW_Dev/Antigravity_Dev/speaksharp/frontend/src/hooks/useSpeechRecognition/useSpeechRecognition_prod.ts:99:67)\n    at Object.onStatusChange (/Users/fibonacci/SW_Dev/Antigravity_Dev/speaksharp/frontend/src/hooks/useSpeechRecognition/useTranscriptionCallbacks.ts:31:62)\n    at TranscriptionService.handleStateChange (/Users/fibonacci/SW_Dev/Antigravity_Dev/speaksharp/frontend/src/services/transcription/TranscriptionService.ts:623:18)\n    at /Users/fibonacci/SW_Dev/Antigravity_Dev/speaksharp/frontend/src/services/transcription/TranscriptionService.ts:106:38\n    at /Users/fibonacci/SW_Dev/Antigravity_Dev/speaksharp/frontend/src/services/transcription/TranscriptionFSM.ts:147:37\n    at Set.forEach (<anonymous>)\n    at TranscriptionFSM.notifyListeners (/Users/fibonacci/SW_Dev/Antigravity_Dev/speaksharp/frontend/src/services/transcription/TranscriptionFSM.ts:147:24)\n    at TranscriptionFSM.transition (/Users/fibonacci/SW_Dev/Antigravity_Dev/speaksharp/frontend/src/services/transcription/TranscriptionFSM.ts:118:14)\n    at Object.onError (/Users/fibonacci/SW_Dev/Antigravity_Dev/speaksharp/frontend/src/services/transcription/TranscriptionService.ts:574:18)\n    at MockTranscriptionService.simulateError (/Users/fibonacci/SW_Dev/Antigravity_Dev/speaksharp/frontend/tests/mocks/MockTranscriptionService.ts:93:26)"},"msg":"Transcription Error"}
{"level":30,"time":1772984961909,"pid":3237,"hostname":"Mac.lan","msg":"[TranscriptionProvider] Component unmounting (Service persists)"}
{"level":30,"time":1772984961913,"pid":3237,"hostname":"Mac.lan","msg":"[TranscriptionProvider] Component mounted/updated"}
{"level":30,"time":1772984961915,"pid":3237,"hostname":"Mac.lan","msg":"[useTranscriptionControl] Starting transcription"}
{"level":30,"time":1772984961915,"pid":3237,"hostname":"Mac.lan","from":"ERROR","to":"ACTIVATING_MIC","event":"START_REQUESTED","msg":"[FSM] State transition: ERROR -> ACTIVATING_MIC"}
{"level":30,"time":1772984961915,"pid":3237,"hostname":"Mac.lan","msg":"Mocking microphone stream for TEST_ENVIRONMENT"}
{"level":30,"time":1772984961915,"pid":3237,"hostname":"Mac.lan","event":"INITIAL_SESSION","timestamp":"2026-03-08T15:49:21.915Z","msg":"[Supabase Auth] 🔐 Auth event: INITIAL_SESSION"}
{"level":30,"time":1772984961915,"pid":3237,"hostname":"Mac.lan","from":"ACTIVATING_MIC","to":"READY","event":"MIC_ACQUIRED","msg":"[FSM] State transition: ACTIVATING_MIC -> READY"}
{"level":30,"time":1772984961916,"pid":3237,"hostname":"Mac.lan","from":"READY","to":"INITIALIZING_ENGINE","event":"ENGINE_INIT_REQUESTED","msg":"[FSM] State transition: READY -> INITIALIZING_ENGINE"}
{"level":30,"time":1772984961916,"pid":3237,"hostname":"Mac.lan","policyId":"e2e-deterministic-native","policyPref":"native","allowNative":true,"allowCloud":false,"allowPrivate":false,"msg":"[TranscriptionPolicy] Resolving mode:"}
{"level":30,"time":1772984961916,"pid":3237,"hostname":"Mac.lan","resolved":"native","source":"policy-preference","msg":"[TranscriptionPolicy] Resolved mode"}
{"level":30,"time":1772984961916,"pid":3237,"hostname":"Mac.lan","msg":"[TranscriptionService] Preparing engine for mode: native"}
{"level":30,"time":1772984961916,"pid":3237,"hostname":"Mac.lan","msg":"[TranscriptionService] Reusing existing native engine instance"}
{"level":30,"time":1772984961916,"pid":3237,"hostname":"Mac.lan","msg":"[useSpeechRecognition] Service ready"}
{"level":30,"time":1772984961916,"pid":3237,"hostname":"Mac.lan","hasSession":false,"durationMs":3,"msg":"[AuthProvider] getSession complete"}
{"level":30,"time":1772984961916,"pid":3237,"hostname":"Mac.lan","from":"INITIALIZING_ENGINE","to":"RECORDING","event":"ENGINE_STARTED","msg":"[FSM] State transition: INITIALIZING_ENGINE -> RECORDING"}
{"level":30,"time":1772984964926,"pid":3237,"hostname":"Mac.lan","msg":"[TranscriptionProvider] Component unmounting (Service persists)"}
{"level":30,"time":1772984964930,"pid":3237,"hostname":"Mac.lan","msg":"[TranscriptionProvider] Component mounted/updated"}
{"level":30,"time":1772984964932,"pid":3237,"hostname":"Mac.lan","msg":"[useTranscriptionControl] Starting transcription"}
{"level":30,"time":1772984964932,"pid":3237,"hostname":"Mac.lan","msg":"[TranscriptionService] Interrupting active session for new request"}
{"level":30,"time":1772984964932,"pid":3237,"hostname":"Mac.lan","msg":"[TranscriptionService] 🧹 Starting cleanup sequence"}
{"level":30,"time":1772984964932,"pid":3237,"hostname":"Mac.lan","from":"RECORDING","to":"CLEANING_UP","event":"TERMINATE_REQUESTED","msg":"[FSM] State transition: RECORDING -> CLEANING_UP"}
{"level":30,"time":1772984964932,"pid":3237,"hostname":"Mac.lan","from":"CLEANING_UP","to":"IDLE","event":"RESET_REQUESTED","msg":"[FSM] State transition: CLEANING_UP -> IDLE"}
{"level":30,"time":1772984964932,"pid":3237,"hostname":"Mac.lan","msg":"[TranscriptionService] ✅ Cleanup complete"}
{"level":30,"time":1772984964932,"pid":3237,"hostname":"Mac.lan","from":"IDLE","to":"ACTIVATING_MIC","event":"START_REQUESTED","msg":"[FSM] State transition: IDLE -> ACTIVATING_MIC"}
{"level":30,"time":1772984964932,"pid":3237,"hostname":"Mac.lan","event":"INITIAL_SESSION","timestamp":"2026-03-08T15:49:24.932Z","msg":"[Supabase Auth] 🔐 Auth event: INITIAL_SESSION"}
{"level":30,"time":1772984964932,"pid":3237,"hostname":"Mac.lan","msg":"Mocking microphone stream for TEST_ENVIRONMENT"}
{"level":30,"time":1772984964933,"pid":3237,"hostname":"Mac.lan","hasSession":false,"durationMs":3,"msg":"[AuthProvider] getSession complete"}
{"level":30,"time":1772984964933,"pid":3237,"hostname":"Mac.lan","from":"ACTIVATING_MIC","to":"READY","event":"MIC_ACQUIRED","msg":"[FSM] State transition: ACTIVATING_MIC -> READY"}
{"level":30,"time":1772984964933,"pid":3237,"hostname":"Mac.lan","from":"READY","to":"INITIALIZING_ENGINE","event":"ENGINE_INIT_REQUESTED","msg":"[FSM] State transition: READY -> INITIALIZING_ENGINE"}
{"level":30,"time":1772984964933,"pid":3237,"hostname":"Mac.lan","policyId":"e2e-deterministic-native","policyPref":"native","allowNative":true,"allowCloud":false,"allowPrivate":false,"msg":"[TranscriptionPolicy] Resolving mode:"}
{"level":30,"time":1772984964933,"pid":3237,"hostname":"Mac.lan","resolved":"native","source":"policy-preference","msg":"[TranscriptionPolicy] Resolved mode"}
{"level":30,"time":1772984964933,"pid":3237,"hostname":"Mac.lan","msg":"[TranscriptionService] Preparing engine for mode: native"}
{"level":30,"time":1772984964933,"pid":3237,"hostname":"Mac.lan","msg":"[EngineFactory] 🌐 Starting Native Browser mode"}
{"level":30,"time":1772984964933,"pid":3237,"hostname":"Mac.lan","msg":"[EngineFactory] 🧪 Injecting Native engine from Registry"}
{"level":30,"time":1772984964933,"pid":3237,"hostname":"Mac.lan","msg":"[useSpeechRecognition] Service ready"}
{"level":30,"time":1772984964933,"pid":3237,"hostname":"Mac.lan","from":"INITIALIZING_ENGINE","to":"RECORDING","event":"ENGINE_STARTED","msg":"[FSM] State transition: INITIALIZING_ENGINE -> RECORDING"}
{"level":30,"time":1772984964936,"pid":3237,"hostname":"Mac.lan","msg":"[TranscriptionProvider] Component unmounting (Service persists)"}
 [31m❯[39m frontend/src/hooks/useSpeechRecognition/__tests__/integration.test.tsx [2m([22m[2m4 tests[22m[2m | [22m[31m3 failed[39m[2m)[22m[33m 7109[2mms[22m[39m
   [32m✓[39m useSpeechRecognition Integration[2m > [22mshould prevent stale closure on stop by capturing latest transcript state[32m 47[2mms[22m[39m
[31m   [31m×[31m useSpeechRecognition Integration[2m > [22mshould handle service errors gracefully[39m[33m 3025[2mms[22m[39m
[31m     → expected 'Error occurred' to be 'Microphone access denied' // Object.is equality[39m
[31m   [31m×[31m useSpeechRecognition Integration[2m > [22mshould capture usage limit exceeded state mid-session[39m[33m 3017[2mms[22m[39m
[31m     → expected 'recording' to be 'error' // Object.is equality[39m
[31m   [31m×[31m useSpeechRecognition Integration[2m > [22mshould cleanup on unmount[39m[33m 1018[2mms[22m[39m
[31m     → expected "spy" to be called at least once[39m
 [31m❯[39m frontend/src/pages/__tests__/SessionPage.ui.component.test.tsx [2m([22m[2m2 tests[22m[2m | [22m[31m2 failed[39m[2m)[22m[33m 2142[2mms[22m[39m
[31m   [31m×[31m SessionPage - STT Mode Selection UI[2m > [22mshould disable Pro options (Private, Cloud) for Free users[39m[33m 1086[2mms[22m[39m
[31m     → Unable to find an element with the text: Private. This could be because the text is broken up by multiple elements. In this case, you can provide a function for your text matcher to make your matcher more flexible.

Ignored nodes: comments, script, style
[36m<body[31m
  [33mdata-scroll-locked[31m=[32m"1"[31m
  [33mstyle[31m=[32m"pointer-events: none;"[31m
[36m>[31m
  [36m<span[31m
    [33maria-hidden[31m=[32m"true"[31m
    [33mdata-aria-hidden[31m=[32m"true"[31m
    [33mdata-radix-focus-guard[31m=[32m""[31m
    [33mstyle[31m=[32m"opacity: 0; position: fixed; pointer-events: none; outline-color: none; outline-style: none; outline-width: initial;"[31m
    [33mtabindex[31m=[32m"0"[31m
  [36m/>[31m
  [36m<div>[31m
    [36m<main[31m
      [33maria-label[31m=[32m"Practice Session"[31m
      [33mclass[31m=[32m"min-h-screen bg-gradient-subtle pt-20"[31m
      [33mdata-testid[31m=[32m"session-page"[31m
    [36m>[31m
      [36m<div[31m
        [33maria-hidden[31m=[32m"true"[31m
        [33mclass[31m=[32m"text-center py-4 px-6 max-w-7xl mx-auto"[31m
        [33mdata-aria-hidden[31m=[32m"true"[31m
      [36m>[31m
        [36m<h1[31m
          [33mclass[31m=[32m"text-2xl font-bold text-foreground mb-1"[31m
        [36m>[31m
          [0mPractice Session[0m
        [36m</h1>[31m
        [36m<p[31m
          [33mclass[31m=[32m"text-xs text-muted-foreground"[31m
        [36m>[31m
          [0mWe'll analyze your speech patterns in real-time[0m
        [36m</p>[31m
      [36m</div>[31m
      [36m<div[31m
        [33mclass[31m=[32m"max-w-7xl mx-auto px-6 mb-0"[31m
      [36m>[31m
        [36m<div[31m
          [33maria-live[31m=[32m"polite"[31m
          [33mclass[31m=[32m"flex items-center gap-4 w-full px-5 py-2 rounded-t-xl border-b border-white/5 bg-emerald-500/10 border-emerald-500/20 shadow-sm backdrop-blur-xl shadow-lg transition-all duration-300"[31m
          [33mdata-engine[31m=[32m"none"[31m
          [33mdata-state[31m=[32m"ready"[31m
          [33mdata-testid[31m=[32m"stt-status-bar"[31m
          [33mrole[31m=[32m"status"[31m
        [36m>[31m
          [36m<div[31m
            [33mclass[31m=[32m"flex items-center gap-3"[31m
            [33mdata-testid[31m=[32m"session-status-indicator"[31m
          [36m>[31m
            [36m<div[31m
              [33mclass[31m=[32m"relative"[31m
            [36m>[31m
              [36m<svg[31m
                [33maria-hidden[31m=[32m"true"[31m
                [33mclass[31m=[32m"lucide lucide-circle-check h-5 w-5 text-emerald-500 font-bold"[31m
                [33mfill[31m=[32m"none"[31m
                [33mheight[31m=[32m"24"[31m
                [33mstroke[31m=[32m"currentColor"[31m
                [33mstroke-linecap[31m=[32m"round"[31m
                [33mstroke-linejoin[31m=[32m"round"[31m
                [33mstroke-width[31m=[32m"2"[31m
                [33mviewBox[31m=[32m"0 0 24 24"[31m
                [33mwidth[31m=[32m"24"[31m
                [33mxmlns[31m=[32m"http://www.w3.org/2000/svg"[31m
              [36m>[31m
                [36m<circle[31m
                  [33mcx[31m=[32m"12"[31m
                  [33mcy[31m=[32m"12"[31m
                  [33mr[31m=[32m"10"[31m
                [36m/>[31m
                [36m<path[31m
                  [33md[31m=[32m"m9 12 2 2 4-4"[31m
                [36m/>[31m
              [36m</svg>[31m
            [36m</div>[31m
            [36m<div[31m
              [33mclass[31m=[32m"flex flex-col"[31m
            [36m>[31m
              [36m<span[31m
                [33mclass[31m=[32m"text-xs font-black uppercase tracking-widest text-emerald-500 font-bold"[31m
                [33mdata-testid[31m=[32m"status-message-text"[31m
              [36m>[31m
                [0mReady to record[0m
              [36m</span>[31m
            [36m</div>[31m
          [36m</div>[31m
          [36m<div[31m
            [33mclass[31m=[32m"flex-1"[31m
          [36m/>[31m
        [36m</div>[31m
      [36m</div>[31m
      [36m<div[31m
        [33mclass[31m=[32m"max-w-7xl mx-auto px-6 pb-6 mt-0"[31m
      [36m>[31m
        [36m<div[31m
          [33mclass[31m=[32m"grid lg:grid-cols-3 gap-6 pt-6"[31m
        [36m>[31m
          [36m<div[31m
            [33maria-hidden[31m=[32m"true"[31m
            [33mclass[31m=[32m"lg:col-span-2 grid grid-cols-1 md:grid-cols-2 gap-6"[31m
            [33mdata-aria-hidden[31m=[32m"true"[31m
          [36m>[31m
            [36m<div[31m
              [33mclass[31m=[32m"bg-primary/5 border border-primary/20 rounded-2xl p-8 shadow-[0_0_40px_-10px_rgba(251,191,36,0.15)] relative z-10 h-full flex flex-col items-center justify-center text-center gap-4 min-h-half"[31m
              [33mdata-testid[31m=[32m"live-recording-card"[31m
            [36m>[31m
              [36m<div[31m
                [33mclass[31m=[32m"flex items-center justify-center gap-6 w-full translate-x-[-10px]"[31m
              [36m>[31m
                [0m [0m
                [36m<div[31m
                  [33mclass[31m=[32m"flex flex-col items-start gap-1 flex-shrink-0 min-w-0"[31m
                [36m>[31m
                  [36m<div[31m
                    [33mclass[31m=[32m"inline-flex items-center gap-1.5 px-2 py-0.5 rounded-full bg-emerald-500/10 border border-emerald-500/20 text-[7px] font-black text-emerald-500 uppercase tracking-tighter"[31m
                    [33mdata-state[31m=[32m"secure"[31m
                  [36m>[31m
                    [36m<svg[31m
                      [33maria-hidden[31m=[32m"true"[31m
                      [33mclass[31m=[32m"lucide lucide-shield h-2 w-2 fill-emerald-500/10"[31m
                      [33mfill[31m=[32m"none"[31m
                      [33mheight[31m=[32m"24"[31m
                      [33mstroke[31m=[32m"currentColor"[31m
                      [33mstroke-linecap[31m=[32m"round"[31m
                      [33mstroke-linejoin[31m=[32m"round"[31m
                      [33mstroke-width[31m=[32m"2"[31m
                      [33mviewBox[31m=[32m"0 0 24 24"[31m
                      [33mwidth[31m=[32m"24"[31m
                      [33mxmlns[31m=[32m"http://www.w3.org/2000/svg"[31m
                    [36m>[31m
                      [36m<path[31m
                        [33md[31m=[32m"M20 13c0 5-3.5 7.5-7.66 8.95a1 1 0 0 1-.67-.01C7.5 20.5 4 18 4 13V6a1 1 0 0 1 1-1c2 0 4.5-1.2 6.24-2.72a1.17 1.17 0 0 1 1.52 0C14.51 3.81 17 5 19 5a1 1 0 0 1 1 1z"[31m
                      [36m/>[31m
                    [36m</svg>[31m
                    [36m<span>[31m
                      [0mSECURE[0m
                    [36m</span>[31m
                  [36m</div>[31m
                  [36m<button[31m
                    [33maria-controls[31m=[32m"radix-:r1:"[31m
                    [33maria-expanded[31m=[32m"true"[31m
                    [33maria-haspopup[31m=[32m"menu"[31m
                    [33mclass[31m=[32m"inline-flex items-center ...

Ignored nodes: comments, script, style
[36m<body[31m
  [33mdata-scroll-locked[31m=[32m"1"[31m
  [33mstyle[31m=[32m"pointer-events: none;"[31m
[36m>[31m
  [36m<span[31m
    [33maria-hidden[31m=[32m"true"[31m
    [33mdata-aria-hidden[31m=[32m"true"[31m
    [33mdata-radix-focus-guard[31m=[32m""[31m
    [33mstyle[31m=[32m"opacity: 0; position: fixed; pointer-events: none; outline-color: none; outline-style: none; outline-width: initial;"[31m
    [33mtabindex[31m=[32m"0"[31m
  [36m/>[31m
  [36m<div>[31m
    [36m<main[31m
      [33maria-label[31m=[32m"Practice Session"[31m
      [33mclass[31m=[32m"min-h-screen bg-gradient-subtle pt-20"[31m
      [33mdata-testid[31m=[32m"session-page"[31m
    [36m>[31m
      [36m<div[31m
        [33maria-hidden[31m=[32m"true"[31m
        [33mclass[31m=[32m"text-center py-4 px-6 max-w-7xl mx-auto"[31m
        [33mdata-aria-hidden[31m=[32m"true"[31m
      [36m>[31m
        [36m<h1[31m
          [33mclass[31m=[32m"text-2xl font-bold text-foreground mb-1"[31m
        [36m>[31m
          [0mPractice Session[0m
        [36m</h1>[31m
        [36m<p[31m
          [33mclass[31m=[32m"text-xs text-muted-foreground"[31m
        [36m>[31m
          [0mWe'll analyze your speech patterns in real-time[0m
        [36m</p>[31m
      [36m</div>[31m
      [36m<div[31m
        [33mclass[31m=[32m"max-w-7xl mx-auto px-6 mb-0"[31m
      [36m>[31m
        [36m<div[31m
          [33maria-live[31m=[32m"polite"[31m
          [33mclass[31m=[32m"flex items-center gap-4 w-full px-5 py-2 rounded-t-xl border-b border-white/5 bg-emerald-500/10 border-emerald-500/20 shadow-sm backdrop-blur-xl shadow-lg transition-all duration-300"[31m
          [33mdata-engine[31m=[32m"none"[31m
          [33mdata-state[31m=[32m"ready"[31m
          [33mdata-testid[31m=[32m"stt-status-bar"[31m
          [33mrole[31m=[32m"status"[31m
        [36m>[31m
          [36m<div[31m
            [33mclass[31m=[32m"flex items-center gap-3"[31m
            [33mdata-testid[31m=[32m"session-status-indicator"[31m
          [36m>[31m
            [36m<div[31m
              [33mclass[31m=[32m"relative"[31m
            [36m>[31m
              [36m<svg[31m
                [33maria-hidden[31m=[32m"true"[31m
                [33mclass[31m=[32m"lucide lucide-circle-check h-5 w-5 text-emerald-500 font-bold"[31m
                [33mfill[31m=[32m"none"[31m
                [33mheight[31m=[32m"24"[31m
                [33mstroke[31m=[32m"currentColor"[31m
                [33mstroke-linecap[31m=[32m"round"[31m
                [33mstroke-linejoin[31m=[32m"round"[31m
                [33mstroke-width[31m=[32m"2"[31m
                [33mviewBox[31m=[32m"0 0 24 24"[31m
                [33mwidth[31m=[32m"24"[31m
                [33mxmlns[31m=[32m"http://www.w3.org/2000/svg"[31m
              [36m>[31m
                [36m<circle[31m
                  [33mcx[31m=[32m"12"[31m
                  [33mcy[31m=[32m"12"[31m
                  [33mr[31m=[32m"10"[31m
                [36m/>[31m
                [36m<path[31m
                  [33md[31m=[32m"m9 12 2 2 4-4"[31m
                [36m/>[31m
              [36m</svg>[31m
            [36m</div>[31m
            [36m<div[31m
              [33mclass[31m=[32m"flex flex-col"[31m
            [36m>[31m
              [36m<span[31m
                [33mclass[31m=[32m"text-xs font-black uppercase tracking-widest text-emerald-500 font-bold"[31m
                [33mdata-testid[31m=[32m"status-message-text"[31m
              [36m>[31m
                [0mReady to record[0m
              [36m</span>[31m
            [36m</div>[31m
          [36m</div>[31m
          [36m<div[31m
            [33mclass[31m=[32m"flex-1"[31m
          [36m/>[31m
        [36m</div>[31m
      [36m</div>[31m
      [36m<div[31m
        [33mclass[31m=[32m"max-w-7xl mx-auto px-6 pb-6 mt-0"[31m
      [36m>[31m
        [36m<div[31m
          [33mclass[31m=[32m"grid lg:grid-cols-3 gap-6 pt-6"[31m
        [36m>[31m
          [36m<div[31m
            [33maria-hidden[31m=[32m"true"[31m
            [33mclass[31m=[32m"lg:col-span-2 grid grid-cols-1 md:grid-cols-2 gap-6"[31m
            [33mdata-aria-hidden[31m=[32m"true"[31m
          [36m>[31m
            [36m<div[31m
              [33mclass[31m=[32m"bg-primary/5 border border-primary/20 rounded-2xl p-8 shadow-[0_0_40px_-10px_rgba(251,191,36,0.15)] relative z-10 h-full flex flex-col items-center justify-center text-center gap-4 min-h-half"[31m
              [33mdata-testid[31m=[32m"live-recording-card"[31m
            [36m>[31m
              [36m<div[31m
                [33mclass[31m=[32m"flex items-center justify-center gap-6 w-full translate-x-[-10px]"[31m
              [36m>[31m
                [0m [0m
                [36m<div[31m
                  [33mclass[31m=[32m"flex flex-col items-start gap-1 flex-shrink-0 min-w-0"[31m
                [36m>[31m
                  [36m<div[31m
                    [33mclass[31m=[32m"inline-flex items-center gap-1.5 px-2 py-0.5 rounded-full bg-emerald-500/10 border border-emerald-500/20 text-[7px] font-black text-emerald-500 uppercase tracking-tighter"[31m
                    [33mdata-state[31m=[32m"secure"[31m
                  [36m>[31m
                    [36m<svg[31m
                      [33maria-hidden[31m=[32m"true"[31m
                      [33mclass[31m=[32m"lucide lucide-shield h-2 w-2 fill-emerald-500/10"[31m
                      [33mfill[31m=[32m"none"[31m
                      [33mheight[31m=[32m"24"[31m
                      [33mstroke[31m=[32m"currentColor"[31m
                      [33mstroke-linecap[31m=[32m"round"[31m
                      [33mstroke-linejoin[31m=[32m"round"[31m
                      [33mstroke-width[31m=[32m"2"[31m
                      [33mviewBox[31m=[32m"0 0 24 24"[31m
                      [33mwidth[31m=[32m"24"[31m
                      [33mxmlns[31m=[32m"http://www.w3.org/2000/svg"[31m
                    [36m>[31m
                      [36m<path[31m
                        [33md[31m=[32m"M20 13c0 5-3.5 7.5-7.66 8.95a1 1 0 0 1-.67-.01C7.5 20.5 4 18 4 13V6a1 1 0 0 1 1-1c2 0 4.5-1.2 6.24-2.72a1.17 1.17 0 0 1 1.52 0C14.51 3.81 17 5 19 5a1 1 0 0 1 1 1z"[31m
                      [36m/>[31m
                    [36m</svg>[31m
                    [36m<span>[31m
                      [0mSECURE[0m
                    [36m</span>[31m
                  [36m</div>[31m
                  [36m<button[31m
                    [33maria-controls[31m=[32m"radix-:r1:"[31m
                    [33maria-expanded[31m=[32m"true"[31m
                    [33maria-haspopup[31m=[32m"menu"[31m
                    [33mclass[31m=[32m"inline-flex items-center ...[39m
[31m   [31m×[31m SessionPage - STT Mode Selection UI[2m > [22mshould enable options for Pro users[39m[33m 1055[2mms[22m[39m
[31m     → Unable to find an element with the text: Private. This could be because the text is broken up by multiple elements. In this case, you can provide a function for your text matcher to make your matcher more flexible.

Ignored nodes: comments, script, style
[36m<body[31m
  [33mdata-scroll-locked[31m=[32m"1"[31m
  [33mstyle[31m=[32m"pointer-events: none;"[31m
[36m>[31m
  [36m<span[31m
    [33maria-hidden[31m=[32m"true"[31m
    [33mdata-aria-hidden[31m=[32m"true"[31m
    [33mdata-radix-focus-guard[31m=[32m""[31m
    [33mstyle[31m=[32m"opacity: 0; position: fixed; pointer-events: none; outline-color: none; outline-style: none; outline-width: initial;"[31m
    [33mtabindex[31m=[32m"0"[31m
  [36m/>[31m
  [36m<div>[31m
    [36m<main[31m
      [33maria-label[31m=[32m"Practice Session"[31m
      [33mclass[31m=[32m"min-h-screen bg-gradient-subtle pt-20"[31m
      [33mdata-testid[31m=[32m"session-page"[31m
    [36m>[31m
      [36m<div[31m
        [33maria-hidden[31m=[32m"true"[31m
        [33mclass[31m=[32m"text-center py-4 px-6 max-w-7xl mx-auto"[31m
        [33mdata-aria-hidden[31m=[32m"true"[31m
      [36m>[31m
        [36m<h1[31m
          [33mclass[31m=[32m"text-2xl font-bold text-foreground mb-1"[31m
        [36m>[31m
          [0mPractice Session[0m
        [36m</h1>[31m
        [36m<p[31m
          [33mclass[31m=[32m"text-xs text-muted-foreground"[31m
        [36m>[31m
          [0mWe'll analyze your speech patterns in real-time[0m
        [36m</p>[31m
      [36m</div>[31m
      [36m<div[31m
        [33mclass[31m=[32m"max-w-7xl mx-auto px-6 mb-0"[31m
      [36m>[31m
        [36m<div[31m
          [33maria-live[31m=[32m"polite"[31m
          [33mclass[31m=[32m"flex items-center gap-4 w-full px-5 py-2 rounded-t-xl border-b border-white/5 bg-emerald-500/10 border-emerald-500/20 shadow-sm backdrop-blur-xl shadow-lg transition-all duration-300"[31m
          [33mdata-engine[31m=[32m"none"[31m
          [33mdata-state[31m=[32m"ready"[31m
          [33mdata-testid[31m=[32m"stt-status-bar"[31m
          [33mrole[31m=[32m"status"[31m
        [36m>[31m
          [36m<div[31m
            [33mclass[31m=[32m"flex items-center gap-3"[31m
            [33mdata-testid[31m=[32m"session-status-indicator"[31m
          [36m>[31m
            [36m<div[31m
              [33mclass[31m=[32m"relative"[31m
            [36m>[31m
              [36m<svg[31m
                [33maria-hidden[31m=[32m"true"[31m
                [33mclass[31m=[32m"lucide lucide-circle-check h-5 w-5 text-emerald-500 font-bold"[31m
                [33mfill[31m=[32m"none"[31m
                [33mheight[31m=[32m"24"[31m
                [33mstroke[31m=[32m"currentColor"[31m
                [33mstroke-linecap[31m=[32m"round"[31m
                [33mstroke-linejoin[31m=[32m"round"[31m
                [33mstroke-width[31m=[32m"2"[31m
                [33mviewBox[31m=[32m"0 0 24 24"[31m
                [33mwidth[31m=[32m"24"[31m
                [33mxmlns[31m=[32m"http://www.w3.org/2000/svg"[31m
              [36m>[31m
                [36m<circle[31m
                  [33mcx[31m=[32m"12"[31m
                  [33mcy[31m=[32m"12"[31m
                  [33mr[31m=[32m"10"[31m
                [36m/>[31m
                [36m<path[31m
                  [33md[31m=[32m"m9 12 2 2 4-4"[31m
                [36m/>[31m
              [36m</svg>[31m
            [36m</div>[31m
            [36m<div[31m
              [33mclass[31m=[32m"flex flex-col"[31m
            [36m>[31m
              [36m<span[31m
                [33mclass[31m=[32m"text-xs font-black uppercase tracking-widest text-emerald-500 font-bold"[31m
                [33mdata-testid[31m=[32m"status-message-text"[31m
              [36m>[31m
                [0mReady to record[0m
              [36m</span>[31m
            [36m</div>[31m
          [36m</div>[31m
          [36m<div[31m
            [33mclass[31m=[32m"flex-1"[31m
          [36m/>[31m
        [36m</div>[31m
      [36m</div>[31m
      [36m<div[31m
        [33mclass[31m=[32m"max-w-7xl mx-auto px-6 pb-6 mt-0"[31m
      [36m>[31m
        [36m<div[31m
          [33mclass[31m=[32m"grid lg:grid-cols-3 gap-6 pt-6"[31m
        [36m>[31m
          [36m<div[31m
            [33maria-hidden[31m=[32m"true"[31m
            [33mclass[31m=[32m"lg:col-span-2 grid grid-cols-1 md:grid-cols-2 gap-6"[31m
            [33mdata-aria-hidden[31m=[32m"true"[31m
          [36m>[31m
            [36m<div[31m
              [33mclass[31m=[32m"bg-primary/5 border border-primary/20 rounded-2xl p-8 shadow-[0_0_40px_-10px_rgba(251,191,36,0.15)] relative z-10 h-full flex flex-col items-center justify-center text-center gap-4 min-h-half"[31m
              [33mdata-testid[31m=[32m"live-recording-card"[31m
            [36m>[31m
              [36m<div[31m
                [33mclass[31m=[32m"flex items-center justify-center gap-6 w-full translate-x-[-10px]"[31m
              [36m>[31m
                [0m [0m
                [36m<div[31m
                  [33mclass[31m=[32m"flex flex-col items-start gap-1 flex-shrink-0 min-w-0"[31m
                [36m>[31m
                  [36m<div[31m
                    [33mclass[31m=[32m"inline-flex items-center gap-1.5 px-2 py-0.5 rounded-full bg-emerald-500/10 border border-emerald-500/20 text-[7px] font-black text-emerald-500 uppercase tracking-tighter"[31m
                    [33mdata-state[31m=[32m"secure"[31m
                  [36m>[31m
                    [36m<svg[31m
                      [33maria-hidden[31m=[32m"true"[31m
                      [33mclass[31m=[32m"lucide lucide-shield h-2 w-2 fill-emerald-500/10"[31m
                      [33mfill[31m=[32m"none"[31m
                      [33mheight[31m=[32m"24"[31m
                      [33mstroke[31m=[32m"currentColor"[31m
                      [33mstroke-linecap[31m=[32m"round"[31m
                      [33mstroke-linejoin[31m=[32m"round"[31m
                      [33mstroke-width[31m=[32m"2"[31m
                      [33mviewBox[31m=[32m"0 0 24 24"[31m
                      [33mwidth[31m=[32m"24"[31m
                      [33mxmlns[31m=[32m"http://www.w3.org/2000/svg"[31m
                    [36m>[31m
                      [36m<path[31m
                        [33md[31m=[32m"M20 13c0 5-3.5 7.5-7.66 8.95a1 1 0 0 1-.67-.01C7.5 20.5 4 18 4 13V6a1 1 0 0 1 1-1c2 0 4.5-1.2 6.24-2.72a1.17 1.17 0 0 1 1.52 0C14.51 3.81 17 5 19 5a1 1 0 0 1 1 1z"[31m
                      [36m/>[31m
                    [36m</svg>[31m
                    [36m<span>[31m
                      [0mSECURE[0m
                    [36m</span>[31m
                  [36m</div>[31m
                  [36m<button[31m
                    [33maria-controls[31m=[32m"radix-:rd:"[31m
                    [33maria-expanded[31m=[32m"true"[31m
                    [33maria-haspopup[31m=[32m"menu"[31m
                    [33mclass[31m=[32m"inline-flex items-center ...

Ignored nodes: comments, script, style
[36m<body[31m
  [33mdata-scroll-locked[31m=[32m"1"[31m
  [33mstyle[31m=[32m"pointer-events: none;"[31m
[36m>[31m
  [36m<span[31m
    [33maria-hidden[31m=[32m"true"[31m
    [33mdata-aria-hidden[31m=[32m"true"[31m
    [33mdata-radix-focus-guard[31m=[32m""[31m
    [33mstyle[31m=[32m"opacity: 0; position: fixed; pointer-events: none; outline-color: none; outline-style: none; outline-width: initial;"[31m
    [33mtabindex[31m=[32m"0"[31m
  [36m/>[31m
  [36m<div>[31m
    [36m<main[31m
      [33maria-label[31m=[32m"Practice Session"[31m
      [33mclass[31m=[32m"min-h-screen bg-gradient-subtle pt-20"[31m
      [33mdata-testid[31m=[32m"session-page"[31m
    [36m>[31m
      [36m<div[31m
        [33maria-hidden[31m=[32m"true"[31m
        [33mclass[31m=[32m"text-center py-4 px-6 max-w-7xl mx-auto"[31m
        [33mdata-aria-hidden[31m=[32m"true"[31m
      [36m>[31m
        [36m<h1[31m
          [33mclass[31m=[32m"text-2xl font-bold text-foreground mb-1"[31m
        [36m>[31m
          [0mPractice Session[0m
        [36m</h1>[31m
        [36m<p[31m
          [33mclass[31m=[32m"text-xs text-muted-foreground"[31m
        [36m>[31m
          [0mWe'll analyze your speech patterns in real-time[0m
        [36m</p>[31m
      [36m</div>[31m
      [36m<div[31m
        [33mclass[31m=[32m"max-w-7xl mx-auto px-6 mb-0"[31m
      [36m>[31m
        [36m<div[31m
          [33maria-live[31m=[32m"polite"[31m
          [33mclass[31m=[32m"flex items-center gap-4 w-full px-5 py-2 rounded-t-xl border-b border-white/5 bg-emerald-500/10 border-emerald-500/20 shadow-sm backdrop-blur-xl shadow-lg transition-all duration-300"[31m
          [33mdata-engine[31m=[32m"none"[31m
          [33mdata-state[31m=[32m"ready"[31m
          [33mdata-testid[31m=[32m"stt-status-bar"[31m
          [33mrole[31m=[32m"status"[31m
        [36m>[31m
          [36m<div[31m
            [33mclass[31m=[32m"flex items-center gap-3"[31m
            [33mdata-testid[31m=[32m"session-status-indicator"[31m
          [36m>[31m
            [36m<div[31m
              [33mclass[31m=[32m"relative"[31m
            [36m>[31m
              [36m<svg[31m
                [33maria-hidden[31m=[32m"true"[31m
                [33mclass[31m=[32m"lucide lucide-circle-check h-5 w-5 text-emerald-500 font-bold"[31m
                [33mfill[31m=[32m"none"[31m
                [33mheight[31m=[32m"24"[31m
                [33mstroke[31m=[32m"currentColor"[31m
                [33mstroke-linecap[31m=[32m"round"[31m
                [33mstroke-linejoin[31m=[32m"round"[31m
                [33mstroke-width[31m=[32m"2"[31m
                [33mviewBox[31m=[32m"0 0 24 24"[31m
                [33mwidth[31m=[32m"24"[31m
                [33mxmlns[31m=[32m"http://www.w3.org/2000/svg"[31m
              [36m>[31m
                [36m<circle[31m
                  [33mcx[31m=[32m"12"[31m
                  [33mcy[31m=[32m"12"[31m
                  [33mr[31m=[32m"10"[31m
                [36m/>[31m
                [36m<path[31m
                  [33md[31m=[32m"m9 12 2 2 4-4"[31m
                [36m/>[31m
              [36m</svg>[31m
            [36m</div>[31m
            [36m<div[31m
              [33mclass[31m=[32m"flex flex-col"[31m
            [36m>[31m
              [36m<span[31m
                [33mclass[31m=[32m"text-xs font-black uppercase tracking-widest text-emerald-500 font-bold"[31m
                [33mdata-testid[31m=[32m"status-message-text"[31m
              [36m>[31m
                [0mReady to record[0m
              [36m</span>[31m
            [36m</div>[31m
          [36m</div>[31m
          [36m<div[31m
            [33mclass[31m=[32m"flex-1"[31m
          [36m/>[31m
        [36m</div>[31m
      [36m</div>[31m
      [36m<div[31m
        [33mclass[31m=[32m"max-w-7xl mx-auto px-6 pb-6 mt-0"[31m
      [36m>[31m
        [36m<div[31m
          [33mclass[31m=[32m"grid lg:grid-cols-3 gap-6 pt-6"[31m
        [36m>[31m
          [36m<div[31m
            [33maria-hidden[31m=[32m"true"[31m
            [33mclass[31m=[32m"lg:col-span-2 grid grid-cols-1 md:grid-cols-2 gap-6"[31m
            [33mdata-aria-hidden[31m=[32m"true"[31m
          [36m>[31m
            [36m<div[31m
              [33mclass[31m=[32m"bg-primary/5 border border-primary/20 rounded-2xl p-8 shadow-[0_0_40px_-10px_rgba(251,191,36,0.15)] relative z-10 h-full flex flex-col items-center justify-center text-center gap-4 min-h-half"[31m
              [33mdata-testid[31m=[32m"live-recording-card"[31m
            [36m>[31m
              [36m<div[31m
                [33mclass[31m=[32m"flex items-center justify-center gap-6 w-full translate-x-[-10px]"[31m
              [36m>[31m
                [0m [0m
                [36m<div[31m
                  [33mclass[31m=[32m"flex flex-col items-start gap-1 flex-shrink-0 min-w-0"[31m
                [36m>[31m
                  [36m<div[31m
                    [33mclass[31m=[32m"inline-flex items-center gap-1.5 px-2 py-0.5 rounded-full bg-emerald-500/10 border border-emerald-500/20 text-[7px] font-black text-emerald-500 uppercase tracking-tighter"[31m
                    [33mdata-state[31m=[32m"secure"[31m
                  [36m>[31m
                    [36m<svg[31m
                      [33maria-hidden[31m=[32m"true"[31m
                      [33mclass[31m=[32m"lucide lucide-shield h-2 w-2 fill-emerald-500/10"[31m
                      [33mfill[31m=[32m"none"[31m
                      [33mheight[31m=[32m"24"[31m
                      [33mstroke[31m=[32m"currentColor"[31m
                      [33mstroke-linecap[31m=[32m"round"[31m
                      [33mstroke-linejoin[31m=[32m"round"[31m
                      [33mstroke-width[31m=[32m"2"[31m
                      [33mviewBox[31m=[32m"0 0 24 24"[31m
                      [33mwidth[31m=[32m"24"[31m
                      [33mxmlns[31m=[32m"http://www.w3.org/2000/svg"[31m
                    [36m>[31m
                      [36m<path[31m
                        [33md[31m=[32m"M20 13c0 5-3.5 7.5-7.66 8.95a1 1 0 0 1-.67-.01C7.5 20.5 4 18 4 13V6a1 1 0 0 1 1-1c2 0 4.5-1.2 6.24-2.72a1.17 1.17 0 0 1 1.52 0C14.51 3.81 17 5 19 5a1 1 0 0 1 1 1z"[31m
                      [36m/>[31m
                    [36m</svg>[31m
                    [36m<span>[31m
                      [0mSECURE[0m
                    [36m</span>[31m
                  [36m</div>[31m
                  [36m<button[31m
                    [33maria-controls[31m=[32m"radix-:rd:"[31m
                    [33maria-expanded[31m=[32m"true"[31m
                    [33maria-haspopup[31m=[32m"menu"[31m
                    [33mclass[31m=[32m"inline-flex items-center ...[39m
 [31m❯[39m frontend/src/components/analytics/__tests__/STTAccuracyVsBenchmark.test.tsx [2m([22m[2m4 tests[22m[2m | [22m[31m1 failed[39m[2m)[22m[32m 27[2mms[22m[39m
   [32m✓[39m STTAccuracyVsBenchmark[2m > [22mshould render loading skeleton[32m 16[2mms[22m[39m
   [32m✓[39m STTAccuracyVsBenchmark[2m > [22mshould render dashboard trend view when no session id is provided[32m 4[2mms[22m[39m
   [32m✓[39m STTAccuracyVsBenchmark[2m > [22mshould render empty state when no ground truth data exists[32m 1[2mms[22m[39m
[31m   [31m×[31m STTAccuracyVsBenchmark[2m > [22mshould render specific session view when URL has sessionId parameter[39m[32m 5[2mms[22m[39m
[31m     → Found multiple elements with the text: /Private/

Here are the matching elements:

Ignored nodes: comments, script, style
[36m<h3[31m
  [33mclass[31m=[32m"font-semibold leading-none tracking-tight"[31m
[36m>[31m
  [0mSession Accuracy vs [0m
  [0mPrivate[0m
  [0m Benchmark[0m
[36m</h3>[31m

Ignored nodes: comments, script, style
[36m<strong>[31m
  [0mPrivate[0m
[36m</strong>[31m

(If this is intentional, then use the `*AllBy*` variant of the query (like `queryAllByText`, `getAllByText`, or `findAllByText`)).

Ignored nodes: comments, script, style
[36m<body>[31m
  [36m<div>[31m
    [36m<div[31m
      [33mclass[31m=[32m"bg-card rounded-lg border-2 border-white shadow-card p-6"[31m
    [36m>[31m
      [36m<div[31m
        [33mclass[31m=[32m"flex flex-col space-y-1.5"[31m
      [36m>[31m
        [36m<h3[31m
          [33mclass[31m=[32m"font-semibold leading-none tracking-tight"[31m
        [36m>[31m
          [0mSession Accuracy vs [0m
          [0mPrivate[0m
          [0m Benchmark[0m
        [36m</h3>[31m
      [36m</div>[31m
      [36m<div>[31m
        [36m<div[31m
          [33mclass[31m=[32m"recharts-responsive-container"[31m
          [33mstyle[31m=[32m"width: 100%; height: 180px; min-width: 0;"[31m
        [36m>[31m
          [36m<div[31m
            [33mstyle[31m=[32m"width: 0px; overflow-x: visible;"[31m
          [36m/>[31m
        [36m</div>[31m
        [36m<p[31m
          [33mclass[31m=[32m"text-xs text-muted-foreground mt-2 text-center"[31m
        [36m>[31m
          [0mThis session used the [0m
          [36m<strong>[31m
            [0mPrivate[0m
          [36m</strong>[31m
          [0m engine. Its theoretical maximum memory-ceiling is [0m
          [0m93[0m
          [0m%.[0m
        [36m</p>[31m
      [36m</div>[31m
    [36m</div>[31m
  [36m</div>[31m
[36m</body>[31m[39m
 [31m❯[39m frontend/src/hooks/__tests__/useSessionLifecycle.test.tsx [2m([22m[2m2 tests[22m[2m | [22m[31m2 failed[39m[2m)[22m[32m 16[2mms[22m[39m
[31m   [31m×[31m useSessionLifecycle - Auto-Stop Logic[2m > [22mshould trigger handleStartStop when elapsed time exceeds limit[39m[32m 14[2mms[22m[39m
[31m     → useTranscriptionContext must be used within a TranscriptionProvider[39m
[31m   [31m×[31m useSessionLifecycle - Auto-Stop Logic[2m > [22mshould NOT trigger stop when time remains[39m[32m 1[2mms[22m[39m
[31m     → useTranscriptionContext must be used within a TranscriptionProvider[39m
 [31m❯[39m frontend/src/hooks/useSpeechRecognition/__tests__/useTranscriptionService.component.test.tsx [2m([22m[2m5 tests[22m[2m | [22m[31m5 failed[39m[2m)[22m[32m 21[2mms[22m[39m
[31m   [31m×[31m useTranscriptionService[2m > [22mshould initialize with correct default state[39m[32m 15[2mms[22m[39m
[31m     → [vitest] No "getTranscriptionService" export is defined on the "../../../services/transcription/TranscriptionService" mock. Did you forget to return it from "vi.mock"?
If you need to partially mock a module, you can use "importOriginal" helper inside:
[39m
[31m   [31m×[31m useTranscriptionService[2m > [22mshould start listening successfully[39m[32m 1[2mms[22m[39m
[31m     → [vitest] No "getTranscriptionService" export is defined on the "../../../services/transcription/TranscriptionService" mock. Did you forget to return it from "vi.mock"?
If you need to partially mock a module, you can use "importOriginal" helper inside:
[39m
[31m   [31m×[31m useTranscriptionService[2m > [22mshould stop listening successfully[39m[32m 1[2mms[22m[39m
[31m     → [vitest] No "getTranscriptionService" export is defined on the "../../../services/transcription/TranscriptionService" mock. Did you forget to return it from "vi.mock"?
If you need to partially mock a module, you can use "importOriginal" helper inside:
[39m
[31m   [31m×[31m useTranscriptionService[2m > [22mshould handle start listening errors[39m[32m 1[2mms[22m[39m
[31m     → [vitest] No "getTranscriptionService" export is defined on the "../../../services/transcription/TranscriptionService" mock. Did you forget to return it from "vi.mock"?
If you need to partially mock a module, you can use "importOriginal" helper inside:
[39m
[31m   [31m×[31m useTranscriptionService[2m > [22mshould cleanup on unmount[39m[32m 1[2mms[22m[39m
[31m     → [vitest] No "getTranscriptionService" export is defined on the "../../../services/transcription/TranscriptionService" mock. Did you forget to return it from "vi.mock"?
If you need to partially mock a module, you can use "importOriginal" helper inside:
[39m
 [31m❯[39m frontend/src/pages/__tests__/SessionPage.feedback.component.test.tsx [2m([22m[2m3 tests[22m[2m | [22m[31m3 failed[39m[2m)[22m[32m 21[2mms[22m[39m
[31m   [31m×[31m SessionPage Feedback Logic[2m > [22mshould show "Session too short" warning in status bar when stopped < 5s[39m[32m 17[2mms[22m[39m
[31m     → useTranscriptionContext must be used within a TranscriptionProvider[39m
[31m   [31m×[31m SessionPage Feedback Logic[2m > [22mshould show "Session saved" success in status bar when stopped > 5s[39m[32m 1[2mms[22m[39m
[31m     → useTranscriptionContext must be used within a TranscriptionProvider[39m
[31m   [31m×[31m SessionPage Feedback Logic[2m > [22mshould clear feedback message when new session starts[39m[32m 1[2mms[22m[39m
[31m     → useTranscriptionContext must be used within a TranscriptionProvider[39m
 [31m❯[39m frontend/src/pages/__tests__/SessionPage.timer.component.test.tsx [2m([22m[2m2 tests[22m[2m | [22m[31m2 failed[39m[2m)[22m[32m 18[2mms[22m[39m
[31m   [31m×[31m useSessionLifecycle Timer Logic[2m > [22mshould update elapsed time when listening[39m[32m 16[2mms[22m[39m
[31m     → useTranscriptionContext must be used within a TranscriptionProvider[39m
[31m   [31m×[31m useSessionLifecycle Timer Logic[2m > [22mshould reset elapsed time when stopped (on mount)[39m[32m 2[2mms[22m[39m
[31m     → useTranscriptionContext must be used within a TranscriptionProvider[39m
{"level":30,"time":1772984972400,"pid":3253,"hostname":"Mac.lan","msg":"[TransformersJS] Initializing engine..."}
{"level":30,"time":1772984972400,"pid":3253,"hostname":"Mac.lan","msg":"[TransformersJS] Engine initialized successfully."}
{"level":30,"time":1772984972402,"pid":3253,"hostname":"Mac.lan","msg":"[TransformersJS] Initializing engine..."}
{"level":30,"time":1772984972402,"pid":3253,"hostname":"Mac.lan","msg":"[TransformersJS] Engine initialized successfully."}
{"level":30,"time":1772984972402,"pid":3253,"hostname":"Mac.lan","msg":"[TransformersJS] Initializing engine..."}
{"level":50,"time":1772984972402,"pid":3253,"hostname":"Mac.lan","err":{"type":"Error","message":"Network failure","stack":"Error: Network failure\n    at /Users/fibonacci/SW_Dev/Antigravity_Dev/speaksharp/frontend/src/services/transcription/engines/__tests__/TransformersJSEngine.test.ts:108:44\n    at file:///Users/fibonacci/SW_Dev/Antigravity_Dev/speaksharp/node_modules/@vitest/runner/dist/chunk-hooks.js:155:11\n    at file:///Users/fibonacci/SW_Dev/Antigravity_Dev/speaksharp/node_modules/@vitest/runner/dist/chunk-hooks.js:752:26\n    at file:///Users/fibonacci/SW_Dev/Antigravity_Dev/speaksharp/node_modules/@vitest/runner/dist/chunk-hooks.js:1897:20\n    at new Promise (<anonymous>)\n    at runWithTimeout (file:///Users/fibonacci/SW_Dev/Antigravity_Dev/speaksharp/node_modules/@vitest/runner/dist/chunk-hooks.js:1863:10)\n    at runTest (file:///Users/fibonacci/SW_Dev/Antigravity_Dev/speaksharp/node_modules/@vitest/runner/dist/chunk-hooks.js:1574:12)\n    at runSuite (file:///Users/fibonacci/SW_Dev/Antigravity_Dev/speaksharp/node_modules/@vitest/runner/dist/chunk-hooks.js:1729:8)\n    at runSuite (file:///Users/fibonacci/SW_Dev/Antigravity_Dev/speaksharp/node_modules/@vitest/runner/dist/chunk-hooks.js:1729:8)\n    at runFiles (file:///Users/fibonacci/SW_Dev/Antigravity_Dev/speaksharp/node_modules/@vitest/runner/dist/chunk-hooks.js:1787:3)"},"msg":"[TransformersJS] Failed to initialize engine."}
{"level":30,"time":1772984972404,"pid":3253,"hostname":"Mac.lan","msg":"[TransformersJS] Initializing engine..."}
{"level":30,"time":1772984972404,"pid":3253,"hostname":"Mac.lan","msg":"[TransformersJS] Engine initialized successfully."}
{"level":30,"time":1772984972404,"pid":3253,"hostname":"Mac.lan","msg":"[TransformersJS] Engine already initialized, skipping."}
{"level":30,"time":1772984972406,"pid":3253,"hostname":"Mac.lan","msg":"[TransformersJS] Destroying engine..."}
{"level":30,"time":1772984972406,"pid":3253,"hostname":"Mac.lan","msg":"[TransformersJS] Initializing engine..."}
{"level":30,"time":1772984972406,"pid":3253,"hostname":"Mac.lan","msg":"[TransformersJS] Engine initialized successfully."}
{"level":30,"time":1772984972407,"pid":3253,"hostname":"Mac.lan","msg":"[TransformersJS] Initializing engine..."}
{"level":50,"time":1772984972407,"pid":3253,"hostname":"Mac.lan","msg":"[TransformersJS] ❌ Model load failed with \"Unexpected token <\". This suggests a 404 error where the server returned index.html instead of the model file. Ensure env.allowLocalModels=false is set."}
{"level":50,"time":1772984972407,"pid":3253,"hostname":"Mac.lan","err":{"type":"Error","message":"Unexpected token < at position 0","stack":"Error: Unexpected token < at position 0\n    at /Users/fibonacci/SW_Dev/Antigravity_Dev/speaksharp/frontend/src/services/transcription/engines/__tests__/TransformersJSEngine.test.ts:149:44\n    at file:///Users/fibonacci/SW_Dev/Antigravity_Dev/speaksharp/node_modules/@vitest/runner/dist/chunk-hooks.js:155:11\n    at file:///Users/fibonacci/SW_Dev/Antigravity_Dev/speaksharp/node_modules/@vitest/runner/dist/chunk-hooks.js:752:26\n    at file:///Users/fibonacci/SW_Dev/Antigravity_Dev/speaksharp/node_modules/@vitest/runner/dist/chunk-hooks.js:1897:20\n    at new Promise (<anonymous>)\n    at runWithTimeout (file:///Users/fibonacci/SW_Dev/Antigravity_Dev/speaksharp/node_modules/@vitest/runner/dist/chunk-hooks.js:1863:10)\n    at runTest (file:///Users/fibonacci/SW_Dev/Antigravity_Dev/speaksharp/node_modules/@vitest/runner/dist/chunk-hooks.js:1574:12)\n    at runSuite (file:///Users/fibonacci/SW_Dev/Antigravity_Dev/speaksharp/node_modules/@vitest/runner/dist/chunk-hooks.js:1729:8)\n    at runSuite (file:///Users/fibonacci/SW_Dev/Antigravity_Dev/speaksharp/node_modules/@vitest/runner/dist/chunk-hooks.js:1729:8)\n    at runFiles (file:///Users/fibonacci/SW_Dev/Antigravity_Dev/speaksharp/node_modules/@vitest/runner/dist/chunk-hooks.js:1787:3)"},"msg":"[TransformersJS] Failed to initialize engine."}
{"level":30,"time":1772984972407,"pid":3253,"hostname":"Mac.lan","msg":"[TransformersJS] Initializing engine..."}
{"level":30,"time":1772984972407,"pid":3253,"hostname":"Mac.lan","msg":"[TransformersJS] Engine initialized successfully."}
{"level":30,"time":1772984972407,"pid":3253,"hostname":"Mac.lan","msg":"[TransformersJS] Initializing engine..."}
{"level":50,"time":1772984972407,"pid":3253,"hostname":"Mac.lan","err":{"type":"Error","message":"string error","stack":"Error: string error\n    at TransformersJSEngine.init (/Users/fibonacci/SW_Dev/Antigravity_Dev/speaksharp/frontend/src/services/transcription/engines/TransformersJSEngine.ts:108:56)\n    at /Users/fibonacci/SW_Dev/Antigravity_Dev/speaksharp/frontend/src/services/transcription/engines/__tests__/TransformersJSEngine.test.ts:171:24\n    at file:///Users/fibonacci/SW_Dev/Antigravity_Dev/speaksharp/node_modules/@vitest/runner/dist/chunk-hooks.js:752:20"},"msg":"[TransformersJS] Failed to initialize engine."}
 [31m❯[39m frontend/src/services/transcription/engines/__tests__/TransformersJSEngine.test.ts [2m([22m[2m11 tests[22m[2m | [22m[31m1 failed[39m[2m)[22m[32m 12[2mms[22m[39m
   [32m✓[39m TransformersJSEngine (Unit)[2m > [22mshould have correct engine type[32m 3[2mms[22m[39m
   [32m✓[39m TransformersJSEngine (Unit)[2m > [22mshould initialize successfully[32m 2[2mms[22m[39m
   [32m✓[39m TransformersJSEngine (Unit)[2m > [22mshould process PCM audio buffer correctly[32m 0[2mms[22m[39m
   [32m✓[39m TransformersJSEngine (Unit)[2m > [22mshould fail if transcriber is not initialized[32m 0[2mms[22m[39m
   [32m✓[39m TransformersJSEngine (Unit)[2m > [22mshould handle initialization errors[32m 2[2mms[22m[39m
[31m   [31m×[31m TransformersJSEngine (Unit)[2m > [22mshould handle transcription errors[39m[32m 2[2mms[22m[39m
[31m     → expected false to be true // Object.is equality[39m
   [32m✓[39m TransformersJSEngine (Unit)[2m > [22mshould exercise destroy method[32m 0[2mms[22m[39m
   [32m✓[39m TransformersJSEngine (Unit)[2m > [22mshould exercise environmental branches (IS_TEST_MODE false)[32m 0[2mms[22m[39m
   [32m✓[39m TransformersJSEngine (Unit)[2m > [22mshould handle "Unexpected token <" error specifically[32m 0[2mms[22m[39m
   [32m✓[39m TransformersJSEngine (Unit)[2m > [22mshould trigger progress callback from transformers.js[32m 0[2mms[22m[39m
   [32m✓[39m TransformersJSEngine (Unit)[2m > [22mshould handle non-Error catch during init[32m 1[2mms[22m[39m
{"level":50,"time":1772984973314,"pid":3255,"hostname":"Mac.lan","err":{"type":"Error","message":"User already registered","stack":"Error: User already registered\n    at /Users/fibonacci/SW_Dev/Antigravity_Dev/speaksharp/frontend/src/pages/__tests__/SignUpPage.component.test.tsx:205:33\n    at file:///Users/fibonacci/SW_Dev/Antigravity_Dev/speaksharp/node_modules/@vitest/runner/dist/chunk-hooks.js:155:11\n    at file:///Users/fibonacci/SW_Dev/Antigravity_Dev/speaksharp/node_modules/@vitest/runner/dist/chunk-hooks.js:752:26\n    at file:///Users/fibonacci/SW_Dev/Antigravity_Dev/speaksharp/node_modules/@vitest/runner/dist/chunk-hooks.js:1897:20\n    at new Promise (<anonymous>)\n    at runWithTimeout (file:///Users/fibonacci/SW_Dev/Antigravity_Dev/speaksharp/node_modules/@vitest/runner/dist/chunk-hooks.js:1863:10)\n    at runTest (file:///Users/fibonacci/SW_Dev/Antigravity_Dev/speaksharp/node_modules/@vitest/runner/dist/chunk-hooks.js:1574:12)\n    at runSuite (file:///Users/fibonacci/SW_Dev/Antigravity_Dev/speaksharp/node_modules/@vitest/runner/dist/chunk-hooks.js:1729:8)\n    at runSuite (file:///Users/fibonacci/SW_Dev/Antigravity_Dev/speaksharp/node_modules/@vitest/runner/dist/chunk-hooks.js:1729:8)\n    at runSuite (file:///Users/fibonacci/SW_Dev/Antigravity_Dev/speaksharp/node_modules/@vitest/runner/dist/chunk-hooks.js:1729:8)"},"msg":"[AUTH] Error during sign up"}
{"level":50,"time":1772984973473,"pid":3255,"hostname":"Mac.lan","err":{"type":"Error","message":"Supabase client not available","stack":"Error: Supabase client not available\n    at handleSubmit (/Users/fibonacci/SW_Dev/Antigravity_Dev/speaksharp/frontend/src/pages/SignUpPage.tsx:33:34)\n    at HTMLUnknownElement.callCallback (/Users/fibonacci/SW_Dev/Antigravity_Dev/speaksharp/node_modules/react-dom/cjs/react-dom.development.js:4164:14)\n    at HTMLUnknownElement.#callDispatchEventListeners (file:///Users/fibonacci/SW_Dev/Antigravity_Dev/speaksharp/node_modules/happy-dom/src/event/EventTarget.ts:299:42)\n    at HTMLUnknownElement.dispatchEvent (file:///Users/fibonacci/SW_Dev/Antigravity_Dev/speaksharp/node_modules/happy-dom/src/event/EventTarget.ts:136:35)\n    at HTMLUnknownElement.#goThroughDispatchEventPhases (file:///Users/fibonacci/SW_Dev/Antigravity_Dev/speaksharp/node_modules/happy-dom/src/event/EventTarget.ts:208:33)\n    at HTMLUnknownElement.dispatchEvent (file:///Users/fibonacci/SW_Dev/Antigravity_Dev/speaksharp/node_modules/happy-dom/src/event/EventTarget.ts:129:38)\n    at Object.invokeGuardedCallbackDev (/Users/fibonacci/SW_Dev/Antigravity_Dev/speaksharp/node_modules/react-dom/cjs/react-dom.development.js:4213:16)\n    at invokeGuardedCallback (/Users/fibonacci/SW_Dev/Antigravity_Dev/speaksharp/node_modules/react-dom/cjs/react-dom.development.js:4277:31)\n    at invokeGuardedCallbackAndCatchFirstError (/Users/fibonacci/SW_Dev/Antigravity_Dev/speaksharp/node_modules/react-dom/cjs/react-dom.development.js:4291:25)\n    at executeDispatch (/Users/fibonacci/SW_Dev/Antigravity_Dev/speaksharp/node_modules/react-dom/cjs/react-dom.development.js:9041:3)"},"msg":"[AUTH] Error during sign up"}
{"level":50,"time":1772984973566,"pid":3255,"hostname":"Mac.lan","err":{"type":"Error","message":"User already registered","stack":"Error: User already registered\n    at /Users/fibonacci/SW_Dev/Antigravity_Dev/speaksharp/frontend/src/pages/__tests__/SignUpPage.component.test.tsx:258:33\n    at file:///Users/fibonacci/SW_Dev/Antigravity_Dev/speaksharp/node_modules/@vitest/runner/dist/chunk-hooks.js:155:11\n    at file:///Users/fibonacci/SW_Dev/Antigravity_Dev/speaksharp/node_modules/@vitest/runner/dist/chunk-hooks.js:752:26\n    at file:///Users/fibonacci/SW_Dev/Antigravity_Dev/speaksharp/node_modules/@vitest/runner/dist/chunk-hooks.js:1897:20\n    at new Promise (<anonymous>)\n    at runWithTimeout (file:///Users/fibonacci/SW_Dev/Antigravity_Dev/speaksharp/node_modules/@vitest/runner/dist/chunk-hooks.js:1863:10)\n    at runTest (file:///Users/fibonacci/SW_Dev/Antigravity_Dev/speaksharp/node_modules/@vitest/runner/dist/chunk-hooks.js:1574:12)\n    at runSuite (file:///Users/fibonacci/SW_Dev/Antigravity_Dev/speaksharp/node_modules/@vitest/runner/dist/chunk-hooks.js:1729:8)\n    at runSuite (file:///Users/fibonacci/SW_Dev/Antigravity_Dev/speaksharp/node_modules/@vitest/runner/dist/chunk-hooks.js:1729:8)\n    at runSuite (file:///Users/fibonacci/SW_Dev/Antigravity_Dev/speaksharp/node_modules/@vitest/runner/dist/chunk-hooks.js:1729:8)"},"msg":"[AUTH] Error during sign up"}
{"level":50,"time":1772984973704,"pid":3255,"hostname":"Mac.lan","err":{"type":"Error","message":"Network error","stack":"Error: Network error\n    at /Users/fibonacci/SW_Dev/Antigravity_Dev/speaksharp/frontend/src/pages/__tests__/SignUpPage.component.test.tsx:296:42\n    at file:///Users/fibonacci/SW_Dev/Antigravity_Dev/speaksharp/node_modules/@vitest/runner/dist/chunk-hooks.js:155:11\n    at file:///Users/fibonacci/SW_Dev/Antigravity_Dev/speaksharp/node_modules/@vitest/runner/dist/chunk-hooks.js:752:26\n    at file:///Users/fibonacci/SW_Dev/Antigravity_Dev/speaksharp/node_modules/@vitest/runner/dist/chunk-hooks.js:1897:20\n    at new Promise (<anonymous>)\n    at runWithTimeout (file:///Users/fibonacci/SW_Dev/Antigravity_Dev/speaksharp/node_modules/@vitest/runner/dist/chunk-hooks.js:1863:10)\n    at runTest (file:///Users/fibonacci/SW_Dev/Antigravity_Dev/speaksharp/node_modules/@vitest/runner/dist/chunk-hooks.js:1574:12)\n    at runSuite (file:///Users/fibonacci/SW_Dev/Antigravity_Dev/speaksharp/node_modules/@vitest/runner/dist/chunk-hooks.js:1729:8)\n    at runSuite (file:///Users/fibonacci/SW_Dev/Antigravity_Dev/speaksharp/node_modules/@vitest/runner/dist/chunk-hooks.js:1729:8)\n    at runSuite (file:///Users/fibonacci/SW_Dev/Antigravity_Dev/speaksharp/node_modules/@vitest/runner/dist/chunk-hooks.js:1729:8)"},"msg":"[AUTH] Error during sign up"}
{"level":50,"time":1772984973784,"pid":3255,"hostname":"Mac.lan","err":"String error","msg":"[AUTH] Error during sign up"}
 [32m✓[39m frontend/src/pages/__tests__/SignUpPage.component.test.tsx [2m([22m[2m18 tests[22m[2m)[22m[33m 1006[2mms[22m[39m
 [32m✓[39m frontend/src/pages/__tests__/SignInPage.component.test.tsx [2m([22m[2m15 tests[22m[2m)[22m[33m 719[2mms[22m[39m
 [32m✓[39m frontend/src/services/transcription/modes/__tests__/CloudAssemblyAI.test.ts [2m([22m[2m6 tests[22m[2m)[22m[33m 938[2mms[22m[39m
   [33m[2m✓[22m[39m CloudAssemblyAI (Native WebSocket)[2m > [22mResilience & Backoff[2m > [22mshould reconnect with exponential backoff on error [33m 869[2mms[22m[39m
 [32m✓[39m frontend/tests/integration/AuthPage.test.tsx [2m([22m[2m9 tests[22m[2m)[22m[33m 508[2mms[22m[39m
 [32m✓[39m frontend/tests/integration/SessionSidebar.test.tsx [2m([22m[2m8 tests[22m[2m)[22m[33m 311[2mms[22m[39m
 [32m✓[39m frontend/src/components/session/__tests__/FillerWordAnalysis.component.test.tsx [2m([22m[2m12 tests[22m[2m)[22m[32m 212[2mms[22m[39m
 [32m✓[39m frontend/src/components/session/__tests__/TranscriptPanel.component.test.tsx [2m([22m[2m9 tests[22m[2m)[22m[32m 38[2mms[22m[39m
{"level":50,"time":1772984980350,"pid":3271,"hostname":"Mac.lan","err":{"type":"Error","message":"Supabase client not available","stack":"Error: Supabase client not available\n    at handleUpgrade (/Users/fibonacci/SW_Dev/Antigravity_Dev/speaksharp/frontend/src/pages/PricingPage.tsx:47:28)\n    at HTMLUnknownElement.callCallback (/Users/fibonacci/SW_Dev/Antigravity_Dev/speaksharp/node_modules/react-dom/cjs/react-dom.development.js:4164:14)\n    at HTMLUnknownElement.#callDispatchEventListeners (file:///Users/fibonacci/SW_Dev/Antigravity_Dev/speaksharp/node_modules/happy-dom/src/event/EventTarget.ts:299:42)\n    at HTMLUnknownElement.dispatchEvent (file:///Users/fibonacci/SW_Dev/Antigravity_Dev/speaksharp/node_modules/happy-dom/src/event/EventTarget.ts:136:35)\n    at HTMLUnknownElement.#goThroughDispatchEventPhases (file:///Users/fibonacci/SW_Dev/Antigravity_Dev/speaksharp/node_modules/happy-dom/src/event/EventTarget.ts:208:33)\n    at HTMLUnknownElement.dispatchEvent (file:///Users/fibonacci/SW_Dev/Antigravity_Dev/speaksharp/node_modules/happy-dom/src/event/EventTarget.ts:129:38)\n    at Object.invokeGuardedCallbackDev (/Users/fibonacci/SW_Dev/Antigravity_Dev/speaksharp/node_modules/react-dom/cjs/react-dom.development.js:4213:16)\n    at invokeGuardedCallback (/Users/fibonacci/SW_Dev/Antigravity_Dev/speaksharp/node_modules/react-dom/cjs/react-dom.development.js:4277:31)\n    at invokeGuardedCallbackAndCatchFirstError (/Users/fibonacci/SW_Dev/Antigravity_Dev/speaksharp/node_modules/react-dom/cjs/react-dom.development.js:4291:25)\n    at executeDispatch (/Users/fibonacci/SW_Dev/Antigravity_Dev/speaksharp/node_modules/react-dom/cjs/react-dom.development.js:9041:3)"},"tier":"Pro","msg":"Error creating Stripe checkout session:"}
{"level":50,"time":1772984980373,"pid":3271,"hostname":"Mac.lan","err":{"type":"Error","message":"Checkout failed","stack":"Error: Checkout failed\n    at /Users/fibonacci/SW_Dev/Antigravity_Dev/speaksharp/frontend/src/pages/__tests__/PricingPage.component.test.tsx:156:24\n    at file:///Users/fibonacci/SW_Dev/Antigravity_Dev/speaksharp/node_modules/@vitest/runner/dist/chunk-hooks.js:155:11\n    at file:///Users/fibonacci/SW_Dev/Antigravity_Dev/speaksharp/node_modules/@vitest/runner/dist/chunk-hooks.js:752:26\n    at file:///Users/fibonacci/SW_Dev/Antigravity_Dev/speaksharp/node_modules/@vitest/runner/dist/chunk-hooks.js:1897:20\n    at new Promise (<anonymous>)\n    at runWithTimeout (file:///Users/fibonacci/SW_Dev/Antigravity_Dev/speaksharp/node_modules/@vitest/runner/dist/chunk-hooks.js:1863:10)\n    at runTest (file:///Users/fibonacci/SW_Dev/Antigravity_Dev/speaksharp/node_modules/@vitest/runner/dist/chunk-hooks.js:1574:12)\n    at runSuite (file:///Users/fibonacci/SW_Dev/Antigravity_Dev/speaksharp/node_modules/@vitest/runner/dist/chunk-hooks.js:1729:8)\n    at runSuite (file:///Users/fibonacci/SW_Dev/Antigravity_Dev/speaksharp/node_modules/@vitest/runner/dist/chunk-hooks.js:1729:8)\n    at runSuite (file:///Users/fibonacci/SW_Dev/Antigravity_Dev/speaksharp/node_modules/@vitest/runner/dist/chunk-hooks.js:1729:8)"},"tier":"Pro","msg":"Error creating Stripe checkout session:"}
 [32m✓[39m frontend/src/pages/__tests__/PricingPage.component.test.tsx [2m([22m[2m12 tests[22m[2m)[22m[32m 193[2mms[22m[39m
 [32m✓[39m frontend/src/components/session/__tests__/AISuggestions.component.test.tsx [2m([22m[2m12 tests[22m[2m)[22m[32m 131[2mms[22m[39m
 [32m✓[39m frontend/tests/integration/UserFillerWordsManager.test.tsx [2m([22m[2m7 tests[22m[2m)[22m[32m 129[2mms[22m[39m
 [32m✓[39m frontend/src/components/__tests__/ErrorBoundary.test.tsx [2m([22m[2m2 tests[22m[2m)[22m[32m 33[2mms[22m[39m
{"level":30,"time":1772984982948,"pid":3283,"hostname":"Mac.lan","userId":"test-user-id","durationMs":1,"msg":"[useUserProfile] Profile fetched successfully"}
{"level":50,"time":1772984983002,"pid":3283,"hostname":"Mac.lan","error":{},"userId":"test-user-id","durationMs":0,"msg":"[useUserProfile] Profile fetch failed (will retry)"}
 [32m✓[39m frontend/src/hooks/__tests__/useUserProfile.component.test.tsx [2m([22m[2m3 tests[22m[2m)[22m[32m 128[2mms[22m[39m
 [32m✓[39m frontend/src/hooks/__tests__/usePracticeHistory.component.test.tsx [2m([22m[2m2 tests[22m[2m)[22m[32m 73[2mms[22m[39m
 [32m✓[39m frontend/src/hooks/__tests__/useGoals.test.ts [2m([22m[2m5 tests[22m[2m)[22m[32m 64[2mms[22m[39m
 [32m✓[39m frontend/src/components/__tests__/AnalyticsDashboard.component.test.tsx [2m([22m[2m4 tests[22m[2m)[22m[32m 68[2mms[22m[39m
 [32m✓[39m frontend/src/components/__tests__/Navigation.component.test.tsx [2m([22m[2m13 tests[22m[2m)[22m[32m 81[2mms[22m[39m
 [32m✓[39m frontend/src/pages/__tests__/SessionPage.rendering.component.test.tsx [2m([22m[2m13 tests[22m[2m)[22m[32m 67[2mms[22m[39m
 [32m✓[39m frontend/src/components/__tests__/UpgradePromptDialog.component.test.tsx [2m([22m[2m4 tests[22m[2m)[22m[32m 56[2mms[22m[39m
 [32m✓[39m frontend/src/pages/__tests__/Index.component.test.tsx [2m([22m[2m5 tests[22m[2m)[22m[32m 62[2mms[22m[39m
 [32m✓[39m frontend/src/pages/__tests__/AnalyticsPage.component.test.tsx [2m([22m[2m14 tests[22m[2m)[22m[32m 60[2mms[22m[39m
 [32m✓[39m frontend/src/pages/__tests__/DesignSystemPage.component.test.tsx [2m([22m[2m3 tests[22m[2m)[22m[32m 45[2mms[22m[39m
 [32m✓[39m frontend/src/hooks/useSpeechRecognition/__tests__/useFillerWords.test.tsx [2m([22m[2m4 tests[22m[2m)[22m[32m 46[2mms[22m[39m
 [32m✓[39m frontend/tests/unit/fillerWordUtils.test.ts [2m([22m[2m13 tests[22m[2m)[22m[32m 40[2mms[22m[39m
{"level":50,"time":1772984990033,"pid":3314,"hostname":"Mac.lan","error":{},"errorInfo":{"componentStack":"\n    at ThrowError (/Users/fibonacci/SW_Dev/Antigravity_Dev/speaksharp/frontend/src/components/__tests__/ErrorBoundary.component.test.tsx:9:23)\n    at ErrorBoundary (/Users/fibonacci/SW_Dev/Antigravity_Dev/speaksharp/frontend/src/components/ErrorBoundary.tsx:16:5)\n    at MockElements (/Users/fibonacci/SW_Dev/Antigravity_Dev/speaksharp/frontend/tests/support/test-utils/components.tsx:20:25)\n    at MockAuthProvider (/Users/fibonacci/SW_Dev/Antigravity_Dev/speaksharp/frontend/tests/support/test-utils/components.tsx:25:29)\n    at QueryClientProvider (file:///Users/fibonacci/SW_Dev/Antigravity_Dev/speaksharp/node_modules/@tanstack/react-query/build/modern/QueryClientProvider.js:20:3)\n    at Router (/Users/fibonacci/SW_Dev/Antigravity_Dev/speaksharp/node_modules/react-router/dist/umd/react-router.development.js:1207:17)\n    at MemoryRouter (/Users/fibonacci/SW_Dev/Antigravity_Dev/speaksharp/node_modules/react-router/dist/umd/react-router.development.js:1101:7)\n    at AllTheProviders (/Users/fibonacci/SW_Dev/Antigravity_Dev/speaksharp/frontend/tests/support/test-utils/components.tsx:30:28)\n    at Wrapper (/Users/fibonacci/SW_Dev/Antigravity_Dev/speaksharp/frontend/tests/support/test-utils/render.tsx:11:22)"},"msg":"Uncaught error:"}
{"level":50,"time":1772984990040,"pid":3314,"hostname":"Mac.lan","error":{},"errorInfo":{"componentStack":"\n    at ThrowError (/Users/fibonacci/SW_Dev/Antigravity_Dev/speaksharp/frontend/src/components/__tests__/ErrorBoundary.component.test.tsx:9:23)\n    at ErrorBoundary (/Users/fibonacci/SW_Dev/Antigravity_Dev/speaksharp/frontend/src/components/ErrorBoundary.tsx:16:5)\n    at MockElements (/Users/fibonacci/SW_Dev/Antigravity_Dev/speaksharp/frontend/tests/support/test-utils/components.tsx:20:25)\n    at MockAuthProvider (/Users/fibonacci/SW_Dev/Antigravity_Dev/speaksharp/frontend/tests/support/test-utils/components.tsx:25:29)\n    at QueryClientProvider (file:///Users/fibonacci/SW_Dev/Antigravity_Dev/speaksharp/node_modules/@tanstack/react-query/build/modern/QueryClientProvider.js:20:3)\n    at Router (/Users/fibonacci/SW_Dev/Antigravity_Dev/speaksharp/node_modules/react-router/dist/umd/react-router.development.js:1207:17)\n    at MemoryRouter (/Users/fibonacci/SW_Dev/Antigravity_Dev/speaksharp/node_modules/react-router/dist/umd/react-router.development.js:1101:7)\n    at AllTheProviders (/Users/fibonacci/SW_Dev/Antigravity_Dev/speaksharp/frontend/tests/support/test-utils/components.tsx:30:28)\n    at Wrapper (/Users/fibonacci/SW_Dev/Antigravity_Dev/speaksharp/frontend/tests/support/test-utils/render.tsx:11:22)"},"msg":"Uncaught error:"}
 [32m✓[39m frontend/src/components/__tests__/ErrorBoundary.component.test.tsx [2m([22m[2m3 tests[22m[2m)[22m[32m 32[2mms[22m[39m
{"level":30,"time":1772984990633,"pid":3316,"hostname":"Mac.lan","hasSession":false,"durationMs":3,"msg":"[AuthProvider] getSession complete"}
{"level":30,"time":1772984990641,"pid":3316,"hostname":"Mac.lan","hasSession":true,"userId":"user-123","durationMs":0,"msg":"[AuthProvider] getSession complete"}
{"level":30,"time":1772984990646,"pid":3316,"hostname":"Mac.lan","hasSession":true,"userId":"user-123","durationMs":0,"msg":"[AuthProvider] getSession complete"}
{"level":30,"time":1772984990650,"pid":3316,"hostname":"Mac.lan","msg":"[AuthProvider] QueryClient cache cleared"}
{"level":30,"time":1772984990650,"pid":3316,"hostname":"Mac.lan","msg":"[AuthProvider] Zustand session memory purged"}
{"level":30,"time":1772984990650,"pid":3316,"hostname":"Mac.lan","msg":"[AuthProvider] Window storage cleared"}
{"level":50,"time":1772984990652,"pid":3316,"hostname":"Mac.lan","error":"Network error","code":500,"durationMs":1,"msg":"[AuthProvider] getSession failed"}
{"level":30,"time":1772984990655,"pid":3316,"hostname":"Mac.lan","userId":"injected-user","msg":"[AuthProvider] Using injected initialSession"}
{"level":30,"time":1772984990658,"pid":3316,"hostname":"Mac.lan","hasSession":false,"durationMs":0,"msg":"[AuthProvider] getSession complete"}
{"level":30,"time":1772984990661,"pid":3316,"hostname":"Mac.lan","event":"TOKEN_REFRESHED","userId":"refreshed-user","timestamp":"2026-03-08T15:49:50.661Z","msg":"[Supabase Auth] 🔐 Auth event: TOKEN_REFRESHED"}
{"level":30,"time":1772984990661,"pid":3316,"hostname":"Mac.lan","timestamp":"2026-03-08T15:49:50.661Z","msg":"[AuthProvider] Token successfully refreshed"}
{"level":30,"time":1772984990665,"pid":3316,"hostname":"Mac.lan","hasSession":true,"userId":"user-123","durationMs":0,"msg":"[AuthProvider] getSession complete"}
{"level":30,"time":1772984990675,"pid":3316,"hostname":"Mac.lan","event":"SIGNED_OUT","timestamp":"2026-03-08T15:49:50.675Z","msg":"[Supabase Auth] 🔐 Auth event: SIGNED_OUT"}
{"level":30,"time":1772984990675,"pid":3316,"hostname":"Mac.lan","timestamp":"2026-03-08T15:49:50.675Z","msg":"[AuthProvider] User signed out or refresh failed, clearing state"}
 [32m✓[39m frontend/src/contexts/__tests__/AuthProvider.component.test.tsx [2m([22m[2m7 tests[22m[2m)[22m[32m 59[2mms[22m[39m
 [32m✓[39m frontend/src/components/analytics/__tests__/SessionComparisonDialog.test.tsx [2m([22m[2m2 tests[22m[2m)[22m[32m 34[2mms[22m[39m
 [32m✓[39m frontend/src/hooks/__tests__/useAnalytics.test.tsx [2m([22m[2m2 tests[22m[2m)[22m[32m 24[2mms[22m[39m
{"level":50,"time":1772984992259,"pid":3324,"hostname":"Mac.lan","err":{"type":"TypeError","message":"Cannot read properties of undefined (reading 'toFixed')","stack":"TypeError: Cannot read properties of undefined (reading 'toFixed')\n    at PauseMetricsDisplay (/Users/fibonacci/SW_Dev/Antigravity_Dev/speaksharp/frontend/src/components/session/PauseMetricsDisplay.tsx:33:97)\n    at renderWithHooks (/Users/fibonacci/SW_Dev/Antigravity_Dev/speaksharp/node_modules/react-dom/cjs/react-dom.development.js:15486:18)\n    at mountIndeterminateComponent (/Users/fibonacci/SW_Dev/Antigravity_Dev/speaksharp/node_modules/react-dom/cjs/react-dom.development.js:20103:13)\n    at beginWork (/Users/fibonacci/SW_Dev/Antigravity_Dev/speaksharp/node_modules/react-dom/cjs/react-dom.development.js:21626:16)\n    at HTMLUnknownElement.callCallback (/Users/fibonacci/SW_Dev/Antigravity_Dev/speaksharp/node_modules/react-dom/cjs/react-dom.development.js:4164:14)\n    at HTMLUnknownElement.#callDispatchEventListeners (file:///Users/fibonacci/SW_Dev/Antigravity_Dev/speaksharp/node_modules/happy-dom/src/event/EventTarget.ts:299:42)\n    at HTMLUnknownElement.dispatchEvent (file:///Users/fibonacci/SW_Dev/Antigravity_Dev/speaksharp/node_modules/happy-dom/src/event/EventTarget.ts:136:35)\n    at HTMLUnknownElement.#goThroughDispatchEventPhases (file:///Users/fibonacci/SW_Dev/Antigravity_Dev/speaksharp/node_modules/happy-dom/src/event/EventTarget.ts:208:33)\n    at HTMLUnknownElement.dispatchEvent (file:///Users/fibonacci/SW_Dev/Antigravity_Dev/speaksharp/node_modules/happy-dom/src/event/EventTarget.ts:129:38)\n    at Object.invokeGuardedCallbackDev (/Users/fibonacci/SW_Dev/Antigravity_Dev/speaksharp/node_modules/react-dom/cjs/react-dom.development.js:4213:16)"},"component":"PauseMetricsDisplay","isolationKey":"pause-metrics","info":{"componentStack":"\n    at PauseMetricsDisplay (/Users/fibonacci/SW_Dev/Antigravity_Dev/speaksharp/frontend/src/components/session/PauseMetricsDisplay.tsx:8:32)\n    at LocalErrorBoundary (/Users/fibonacci/SW_Dev/Antigravity_Dev/speaksharp/frontend/src/components/LocalErrorBoundary.tsx:17:5)\n    at div\n    at div\n    at div\n    at main\n    at SessionPage (/Users/fibonacci/SW_Dev/Antigravity_Dev/speaksharp/frontend/src/pages/SessionPage.tsx:44:81)\n    at MockElements (/Users/fibonacci/SW_Dev/Antigravity_Dev/speaksharp/frontend/tests/support/test-utils/components.tsx:20:25)\n    at MockAuthProvider (/Users/fibonacci/SW_Dev/Antigravity_Dev/speaksharp/frontend/tests/support/test-utils/components.tsx:25:29)\n    at QueryClientProvider (file:///Users/fibonacci/SW_Dev/Antigravity_Dev/speaksharp/node_modules/@tanstack/react-query/build/modern/QueryClientProvider.js:20:3)\n    at Router (/Users/fibonacci/SW_Dev/Antigravity_Dev/speaksharp/node_modules/react-router/dist/umd/react-router.development.js:1207:17)\n    at MemoryRouter (/Users/fibonacci/SW_Dev/Antigravity_Dev/speaksharp/node_modules/react-router/dist/umd/react-router.development.js:1101:7)\n    at AllTheProviders (/Users/fibonacci/SW_Dev/Antigravity_Dev/speaksharp/frontend/tests/support/test-utils/components.tsx:30:28)\n    at Wrapper (/Users/fibonacci/SW_Dev/Antigravity_Dev/speaksharp/frontend/tests/support/test-utils/render.tsx:11:22)"},"msg":"[LocalErrorBoundary] Caught error"}
 [32m✓[39m frontend/src/pages/__tests__/SessionPage.logic.component.test.tsx [2m([22m[2m2 tests[22m[2m)[22m[32m 34[2mms[22m[39m
 [32m✓[39m frontend/src/components/__tests__/LocalErrorBoundary.test.tsx [2m([22m[2m6 tests[22m[2m)[22m[32m 42[2mms[22m[39m
 [32m✓[39m frontend/src/components/session/__tests__/LiveRecordingCard.test.tsx [2m([22m[2m2 tests[22m[2m)[22m[32m 34[2mms[22m[39m
 [32m✓[39m frontend/src/services/audio/__tests__/pauseDetector.test.ts [2m([22m[2m8 tests[22m[2m)[22m[32m 16[2mms[22m[39m
 [32m✓[39m frontend/src/pages/__tests__/ConfigurationNeededPage.component.test.tsx [2m([22m[2m4 tests[22m[2m)[22m[32m 32[2mms[22m[39m
 [32m✓[39m frontend/src/lib/__tests__/wer.test.ts [2m([22m[2m12 tests[22m[2m)[22m[32m 29[2mms[22m[39m
 [32m✓[39m frontend/src/components/analytics/__tests__/WeeklyActivityChart.test.tsx [2m([22m[2m3 tests[22m[2m)[22m[32m 25[2mms[22m[39m
{"level":30,"time":1772984996532,"pid":3341,"hostname":"Mac.lan","msg":"[MSW DEBUG] Intercepted: GET /auth/v1/user"}
{"level":30,"time":1772984996535,"pid":3341,"hostname":"Mac.lan","msg":"[MSW DEBUG] Intercepted: POST /auth/v1/signup"}
{"level":30,"time":1772984996536,"pid":3341,"hostname":"Mac.lan","msg":"[MSW DEBUG] Intercepted: POST /auth/v1/token"}
{"level":30,"time":1772984996537,"pid":3341,"hostname":"Mac.lan","msg":"[MSW DEBUG] Intercepted: GET /rest/v1/user_profiles"}
{"level":30,"time":1772984996537,"pid":3341,"hostname":"Mac.lan","msg":"[MSW DEBUG] Returning single user_profile object"}
{"level":30,"time":1772984996537,"pid":3341,"hostname":"Mac.lan","msg":"[MSW DEBUG] Intercepted: GET /rest/v1/user_profiles"}
{"level":30,"time":1772984996537,"pid":3341,"hostname":"Mac.lan","msg":"[MSW DEBUG] Returning user_profiles array"}
{"level":30,"time":1772984996538,"pid":3341,"hostname":"Mac.lan","msg":"[MSW DEBUG] Intercepted: GET /rest/v1/sessions"}
{"level":30,"time":1772984996538,"pid":3341,"hostname":"Mac.lan","windowFlag":false,"msg":"[MSW DEBUG] window.__E2E_EMPTY_SESSIONS__"}
{"level":30,"time":1772984996538,"pid":3341,"hostname":"Mac.lan","emptyFlag":false,"msg":"[MSW DEBUG] x-e2e-empty-sessions header"}
{"level":30,"time":1772984996539,"pid":3341,"hostname":"Mac.lan","msg":"[MSW DEBUG] Intercepted: GET /rest/v1/sessions"}
{"level":30,"time":1772984996539,"pid":3341,"hostname":"Mac.lan","windowFlag":false,"msg":"[MSW DEBUG] window.__E2E_EMPTY_SESSIONS__"}
{"level":30,"time":1772984996539,"pid":3341,"hostname":"Mac.lan","emptyFlag":true,"msg":"[MSW DEBUG] x-e2e-empty-sessions header"}
{"level":30,"time":1772984996539,"pid":3341,"hostname":"Mac.lan","msg":"[MSW DEBUG] Returning empty sessions array"}
{"level":30,"time":1772984996539,"pid":3341,"hostname":"Mac.lan","msg":"[MSW DEBUG] Intercepted: GET /rest/v1/sessions"}
{"level":30,"time":1772984996539,"pid":3341,"hostname":"Mac.lan","windowFlag":false,"msg":"[MSW DEBUG] window.__E2E_EMPTY_SESSIONS__"}
{"level":30,"time":1772984996539,"pid":3341,"hostname":"Mac.lan","emptyFlag":false,"msg":"[MSW DEBUG] x-e2e-empty-sessions header"}
{"level":30,"time":1772984996540,"pid":3341,"hostname":"Mac.lan","msg":"[MSW DEBUG] Intercepted: GET /rest/v1/sessions"}
{"level":30,"time":1772984996540,"pid":3341,"hostname":"Mac.lan","windowFlag":false,"msg":"[MSW DEBUG] window.__E2E_EMPTY_SESSIONS__"}
{"level":30,"time":1772984996540,"pid":3341,"hostname":"Mac.lan","emptyFlag":false,"msg":"[MSW DEBUG] x-e2e-empty-sessions header"}
 [32m✓[39m frontend/src/mocks/__tests__/handlers.test.ts [2m([22m[2m9 tests[22m[2m)[22m[32m 17[2mms[22m[39m
 [32m✓[39m frontend/src/lib/__tests__/dateUtils.test.ts [2m([22m[2m9 tests[22m[2m)[22m[32m 25[2mms[22m[39m
 [32m✓[39m frontend/src/lib/__tests__/analyticsUtils.test.ts [2m([22m[2m8 tests[22m[2m)[22m[32m 22[2mms[22m[39m
 [32m✓[39m frontend/src/hooks/__tests__/useVocalAnalysis.component.test.tsx [2m([22m[2m4 tests[22m[2m)[22m[32m 20[2mms[22m[39m
 [32m✓[39m tests/analytics/math-integrity.test.ts [2m([22m[2m7 tests[22m[2m)[22m[32m 21[2mms[22m[39m
{"level":30,"time":1772984998699,"pid":3351,"hostname":"Mac.lan","msg":"[TestRegistry] Enabled"}
{"level":30,"time":1772984998699,"pid":3351,"hostname":"Mac.lan","key":"nativeSTT","priority":100,"testName":"unknown","msg":"[TestRegistry] Registered factory"}
{"level":30,"time":1772984998699,"pid":3351,"hostname":"Mac.lan","msg":"[TranscriptionProvider] Component mounted/updated"}
{"level":30,"time":1772984998699,"pid":3351,"hostname":"Mac.lan","msg":"[TestRegistry] Cleared all registrations"}
{"level":30,"time":1772984998699,"pid":3351,"hostname":"Mac.lan","msg":"[TestRegistry] Cleared all registrations"}
{"level":30,"time":1772984998699,"pid":3351,"hostname":"Mac.lan","msg":"[TestRegistry] Disabled and cleared"}
{"level":30,"time":1772984998709,"pid":3351,"hostname":"Mac.lan","msg":"[TranscriptionProvider] Component unmounting (Service persists)"}
{"level":30,"time":1772984998710,"pid":3351,"hostname":"Mac.lan","msg":"[TestRegistry] Enabled"}
{"level":30,"time":1772984998710,"pid":3351,"hostname":"Mac.lan","key":"nativeSTT","priority":100,"testName":"unknown","msg":"[TestRegistry] Registered factory"}
{"level":30,"time":1772984998710,"pid":3351,"hostname":"Mac.lan","msg":"[TranscriptionProvider] Component mounted/updated"}
{"level":30,"time":1772984998710,"pid":3351,"hostname":"Mac.lan","msg":"[TestRegistry] Cleared all registrations"}
{"level":30,"time":1772984998710,"pid":3351,"hostname":"Mac.lan","msg":"[TestRegistry] Cleared all registrations"}
{"level":30,"time":1772984998710,"pid":3351,"hostname":"Mac.lan","msg":"[TestRegistry] Disabled and cleared"}
{"level":30,"time":1772984998711,"pid":3351,"hostname":"Mac.lan","msg":"[TranscriptionProvider] Component unmounting (Service persists)"}
{"level":30,"time":1772984998711,"pid":3351,"hostname":"Mac.lan","msg":"[TestRegistry] Enabled"}
{"level":30,"time":1772984998711,"pid":3351,"hostname":"Mac.lan","key":"nativeSTT","priority":100,"testName":"unknown","msg":"[TestRegistry] Registered factory"}
{"level":30,"time":1772984998711,"pid":3351,"hostname":"Mac.lan","msg":"[TranscriptionProvider] Component mounted/updated"}
{"level":30,"time":1772984998711,"pid":3351,"hostname":"Mac.lan","msg":"[useTranscriptionControl] Starting transcription"}
{"level":30,"time":1772984998711,"pid":3351,"hostname":"Mac.lan","msg":"[useTranscriptionControl] Stopping transcription"}
{"level":30,"time":1772984998711,"pid":3351,"hostname":"Mac.lan","msg":"[TestRegistry] Cleared all registrations"}
{"level":30,"time":1772984998711,"pid":3351,"hostname":"Mac.lan","msg":"[TestRegistry] Cleared all registrations"}
{"level":30,"time":1772984998711,"pid":3351,"hostname":"Mac.lan","msg":"[TestRegistry] Disabled and cleared"}
{"level":30,"time":1772984998714,"pid":3351,"hostname":"Mac.lan","msg":"[TranscriptionProvider] Component unmounting (Service persists)"}
{"level":30,"time":1772984998714,"pid":3351,"hostname":"Mac.lan","msg":"[TestRegistry] Enabled"}
{"level":30,"time":1772984998714,"pid":3351,"hostname":"Mac.lan","key":"nativeSTT","priority":100,"testName":"unknown","msg":"[TestRegistry] Registered factory"}
{"level":30,"time":1772984998714,"pid":3351,"hostname":"Mac.lan","msg":"[TranscriptionProvider] Component mounted/updated"}
{"level":30,"time":1772984998714,"pid":3351,"hostname":"Mac.lan","msg":"[useTranscriptionControl] Starting transcription"}
{"level":30,"time":1772984999714,"pid":3351,"hostname":"Mac.lan","msg":"[TestRegistry] Cleared all registrations"}
{"level":30,"time":1772984999714,"pid":3351,"hostname":"Mac.lan","msg":"[TestRegistry] Cleared all registrations"}
{"level":30,"time":1772984999714,"pid":3351,"hostname":"Mac.lan","msg":"[TestRegistry] Disabled and cleared"}
{"level":30,"time":1772984998715,"pid":3351,"hostname":"Mac.lan","msg":"[TranscriptionProvider] Component unmounting (Service persists)"}
{"level":30,"time":1772984998716,"pid":3351,"hostname":"Mac.lan","msg":"[TestRegistry] Enabled"}
{"level":30,"time":1772984998716,"pid":3351,"hostname":"Mac.lan","key":"nativeSTT","priority":100,"testName":"unknown","msg":"[TestRegistry] Registered factory"}
{"level":30,"time":1772984998716,"pid":3351,"hostname":"Mac.lan","msg":"[TestRegistry] Cleared all registrations"}
{"level":30,"time":1772984998716,"pid":3351,"hostname":"Mac.lan","msg":"[TestRegistry] Cleared all registrations"}
{"level":30,"time":1772984998716,"pid":3351,"hostname":"Mac.lan","msg":"[TestRegistry] Disabled and cleared"}
{"level":30,"time":1772984998716,"pid":3351,"hostname":"Mac.lan","msg":"[TestRegistry] Enabled"}
{"level":30,"time":1772984998716,"pid":3351,"hostname":"Mac.lan","key":"nativeSTT","priority":100,"testName":"unknown","msg":"[TestRegistry] Registered factory"}
{"level":30,"time":1772984998716,"pid":3351,"hostname":"Mac.lan","msg":"[TranscriptionProvider] Component mounted/updated"}
{"level":30,"time":1772984998716,"pid":3351,"hostname":"Mac.lan","msg":"[useTranscriptionControl] Starting transcription"}
{"level":30,"time":1772984998716,"pid":3351,"hostname":"Mac.lan","msg":"[TestRegistry] Cleared all registrations"}
{"level":30,"time":1772984998716,"pid":3351,"hostname":"Mac.lan","msg":"[TestRegistry] Cleared all registrations"}
{"level":30,"time":1772984998716,"pid":3351,"hostname":"Mac.lan","msg":"[TestRegistry] Disabled and cleared"}
{"level":30,"time":1772984998718,"pid":3351,"hostname":"Mac.lan","msg":"[TranscriptionProvider] Component unmounting (Service persists)"}
 [32m✓[39m frontend/src/hooks/useSpeechRecognition/__tests__/index.component.test.tsx [2m([22m[2m6 tests[22m[2m)[22m[32m 19[2mms[22m[39m
 [32m✓[39m frontend/src/components/analytics/__tests__/TopFillerWords.component.test.tsx [2m([22m[2m4 tests[22m[2m)[22m[32m 20[2mms[22m[39m
{"level":40,"time":1772984999548,"pid":3355,"hostname":"Mac.lan","msg":"[supabaseClient] Creating MOCK Supabase client for development"}
{"level":30,"time":1772984999550,"pid":3355,"hostname":"Mac.lan","project":"real-project","msg":"[Supabase] Real client connected"}
{"level":30,"time":1772984999554,"pid":3355,"hostname":"Mac.lan","project":"real-project","msg":"[Supabase] Real client connected"}
 [32m✓[39m frontend/src/lib/__tests__/supabaseClient.test.ts [2m([22m[2m5 tests[22m[2m)[22m[32m 18[2mms[22m[39m
 [32m✓[39m frontend/tests/unit/main.test.tsx [2m([22m[2m2 tests[22m[2m)[22m[32m 18[2mms[22m[39m
 [32m✓[39m frontend/src/hooks/__tests__/useSessionMetrics.test.ts [2m([22m[2m11 tests[22m[2m)[22m[32m 20[2mms[22m[39m
{"level":30,"time":1772985000738,"pid":3361,"hostname":"Mac.lan","msg":"[PrivateSTT] 🚀 Automatic engine selection started..."}
{"level":30,"time":1772985000738,"pid":3361,"hostname":"Mac.lan","msg":"[PrivateSTT] 🧪 Test environment detected. Using MockEngine."}
{"level":30,"time":1772985000738,"pid":3361,"hostname":"Mac.lan","msg":"[PrivateSTT] 🛠️ Loading MockEngine..."}
{"level":30,"time":1772985000738,"pid":3361,"hostname":"Mac.lan","msg":"[PrivateSTT] ✅ MockEngine ready."}
{"level":30,"time":1772985000738,"pid":3361,"hostname":"Mac.lan","msg":"[PrivateSTT] MockEngine initialized successfully."}
{"level":30,"time":1772985000739,"pid":3361,"hostname":"Mac.lan","msg":"[PrivateSTT] 🚀 Automatic engine selection started..."}
{"level":30,"time":1772985000739,"pid":3361,"hostname":"Mac.lan","webGPUAvailable":true,"forceSafe":false,"msg":"[PrivateSTT] 🔍 WebGPU support check"}
{"level":30,"time":1772985000739,"pid":3361,"hostname":"Mac.lan","msg":"[PrivateSTT] ⚡ WebGPU available. Attempting to initialize WhisperTurbo (Fast Path)..."}
{"level":30,"time":1772985000739,"pid":3361,"hostname":"Mac.lan","msg":"[PrivateSTT] WebGPU available. Trying WhisperTurbo engine..."}
{"level":30,"time":1772985000739,"pid":3361,"hostname":"Mac.lan","msg":"[PrivateSTT] 📥 Importing WhisperTurbo engine..."}
{"level":30,"time":1772985000739,"pid":3361,"hostname":"Mac.lan","msg":"[PrivateSTT] ⏳ calling WhisperTurbo.init()..."}
{"level":30,"time":1772985000739,"pid":3361,"hostname":"Mac.lan","msg":"[PrivateSTT] WhisperTurbo engine initialized successfully."}
{"level":30,"time":1772985000739,"pid":3361,"hostname":"Mac.lan","msg":"[PrivateSTT] ✅ WhisperTurbo initialized successfully."}
{"level":30,"time":1772985000739,"pid":3361,"hostname":"Mac.lan","msg":"[PrivateSTT] [DEBUG-PRIVATE] 🚀 Verified: Using Fast WhisperTurbo engine."}
{"level":30,"time":1772985000740,"pid":3361,"hostname":"Mac.lan","msg":"[PrivateSTT] 🚀 Automatic engine selection started..."}
{"level":30,"time":1772985000740,"pid":3361,"hostname":"Mac.lan","webGPUAvailable":true,"forceSafe":false,"msg":"[PrivateSTT] 🔍 WebGPU support check"}
{"level":30,"time":1772985000740,"pid":3361,"hostname":"Mac.lan","msg":"[PrivateSTT] ⚡ WebGPU available. Attempting to initialize WhisperTurbo (Fast Path)..."}
{"level":30,"time":1772985000740,"pid":3361,"hostname":"Mac.lan","msg":"[PrivateSTT] WebGPU available. Trying WhisperTurbo engine..."}
{"level":30,"time":1772985000740,"pid":3361,"hostname":"Mac.lan","msg":"[PrivateSTT] 📥 Importing WhisperTurbo engine..."}
{"level":30,"time":1772985000740,"pid":3361,"hostname":"Mac.lan","msg":"[PrivateSTT] ⏳ calling WhisperTurbo.init()..."}
{"level":40,"time":1772985000740,"pid":3361,"hostname":"Mac.lan","err":{"type":"Error","message":"WebGPU Init Failed","stack":"Error: WebGPU Init Failed\n    at t.<anonymous> (/Users/fibonacci/SW_Dev/Antigravity_Dev/speaksharp/frontend/tests/integration/PrivateSTT.integration.test.ts:124:56)\n    at new mockCall (file:///Users/fibonacci/SW_Dev/Antigravity_Dev/speaksharp/node_modules/@vitest/spy/dist/index.js:96:15)\n    at new spy (file:///Users/fibonacci/SW_Dev/Antigravity_Dev/speaksharp/node_modules/tinyspy/dist/index.js:47:34)\n    at PrivateSTT.initFastEngine (/Users/fibonacci/SW_Dev/Antigravity_Dev/speaksharp/frontend/src/services/transcription/engines/PrivateSTT.ts:136:28)\n    at PrivateSTT.init (/Users/fibonacci/SW_Dev/Antigravity_Dev/speaksharp/frontend/src/services/transcription/engines/PrivateSTT.ts:81:32)\n    at /Users/fibonacci/SW_Dev/Antigravity_Dev/speaksharp/frontend/tests/integration/PrivateSTT.integration.test.ts:136:24\n    at file:///Users/fibonacci/SW_Dev/Antigravity_Dev/speaksharp/node_modules/@vitest/runner/dist/chunk-hooks.js:752:20"},"msg":"[PrivateSTT] ⚠️ WhisperTurbo init returned error"}
{"level":40,"time":1772985000743,"pid":3361,"hostname":"Mac.lan","err":{"type":"Error","message":"WebGPU Init Failed","stack":"Error: WebGPU Init Failed\n    at t.<anonymous> (/Users/fibonacci/SW_Dev/Antigravity_Dev/speaksharp/frontend/tests/integration/PrivateSTT.integration.test.ts:124:56)\n    at new mockCall (file:///Users/fibonacci/SW_Dev/Antigravity_Dev/speaksharp/node_modules/@vitest/spy/dist/index.js:96:15)\n    at new spy (file:///Users/fibonacci/SW_Dev/Antigravity_Dev/speaksharp/node_modules/tinyspy/dist/index.js:47:34)\n    at PrivateSTT.initFastEngine (/Users/fibonacci/SW_Dev/Antigravity_Dev/speaksharp/frontend/src/services/transcription/engines/PrivateSTT.ts:136:28)\n    at PrivateSTT.init (/Users/fibonacci/SW_Dev/Antigravity_Dev/speaksharp/frontend/src/services/transcription/engines/PrivateSTT.ts:81:32)\n    at /Users/fibonacci/SW_Dev/Antigravity_Dev/speaksharp/frontend/tests/integration/PrivateSTT.integration.test.ts:136:24\n    at file:///Users/fibonacci/SW_Dev/Antigravity_Dev/speaksharp/node_modules/@vitest/runner/dist/chunk-hooks.js:752:20"},"msg":"[PrivateSTT] ⚠️ WhisperTurbo failed to initialize. Falling back to safe engine."}
{"level":40,"time":1772985000743,"pid":3361,"hostname":"Mac.lan","err":{"type":"Error","message":"WebGPU Init Failed","stack":"Error: WebGPU Init Failed\n    at t.<anonymous> (/Users/fibonacci/SW_Dev/Antigravity_Dev/speaksharp/frontend/tests/integration/PrivateSTT.integration.test.ts:124:56)\n    at new mockCall (file:///Users/fibonacci/SW_Dev/Antigravity_Dev/speaksharp/node_modules/@vitest/spy/dist/index.js:96:15)\n    at new spy (file:///Users/fibonacci/SW_Dev/Antigravity_Dev/speaksharp/node_modules/tinyspy/dist/index.js:47:34)\n    at PrivateSTT.initFastEngine (/Users/fibonacci/SW_Dev/Antigravity_Dev/speaksharp/frontend/src/services/transcription/engines/PrivateSTT.ts:136:28)\n    at PrivateSTT.init (/Users/fibonacci/SW_Dev/Antigravity_Dev/speaksharp/frontend/src/services/transcription/engines/PrivateSTT.ts:81:32)\n    at /Users/fibonacci/SW_Dev/Antigravity_Dev/speaksharp/frontend/tests/integration/PrivateSTT.integration.test.ts:136:24\n    at file:///Users/fibonacci/SW_Dev/Antigravity_Dev/speaksharp/node_modules/@vitest/runner/dist/chunk-hooks.js:752:20"},"msg":"[PrivateSTT] WhisperTurbo failed. Falling back to TransformersJS..."}
{"level":30,"time":1772985000743,"pid":3361,"hostname":"Mac.lan","msg":"[PrivateSTT] 🛡️ Initializing TransformersJS (Safe Path)..."}
{"level":30,"time":1772985000743,"pid":3361,"hostname":"Mac.lan","msg":"[PrivateSTT] 📥 Importing TransformersJS engine..."}
{"level":30,"time":1772985000743,"pid":3361,"hostname":"Mac.lan","msg":"[PrivateSTT] ⏳ calling TransformersJS.init()..."}
{"level":30,"time":1772985000743,"pid":3361,"hostname":"Mac.lan","msg":"[PrivateSTT] ✅ TransformersJS engine initialized successfully."}
{"level":30,"time":1772985000743,"pid":3361,"hostname":"Mac.lan","msg":"[PrivateSTT] TransformersJS engine initialized successfully."}
{"level":30,"time":1772985000743,"pid":3361,"hostname":"Mac.lan","msg":"[PrivateSTT] 🚀 Automatic engine selection started..."}
{"level":30,"time":1772985000743,"pid":3361,"hostname":"Mac.lan","webGPUAvailable":true,"forceSafe":false,"msg":"[PrivateSTT] 🔍 WebGPU support check"}
{"level":30,"time":1772985000743,"pid":3361,"hostname":"Mac.lan","msg":"[PrivateSTT] ⚡ WebGPU available. Attempting to initialize WhisperTurbo (Fast Path)..."}
{"level":30,"time":1772985000743,"pid":3361,"hostname":"Mac.lan","msg":"[PrivateSTT] WebGPU available. Trying WhisperTurbo engine..."}
{"level":30,"time":1772985000743,"pid":3361,"hostname":"Mac.lan","msg":"[PrivateSTT] 📥 Importing WhisperTurbo engine..."}
{"level":30,"time":1772985000743,"pid":3361,"hostname":"Mac.lan","msg":"[PrivateSTT] ⏳ calling WhisperTurbo.init()..."}
{"level":40,"time":1772985000743,"pid":3361,"hostname":"Mac.lan","err":{"type":"TypeError","message":"Cannot read properties of undefined (reading 'isErr')","stack":"TypeError: Cannot read properties of undefined (reading 'isErr')\n    at PrivateSTT.initFastEngine (/Users/fibonacci/SW_Dev/Antigravity_Dev/speaksharp/frontend/src/services/transcription/engines/PrivateSTT.ts:141:24)\n    at PrivateSTT.init (/Users/fibonacci/SW_Dev/Antigravity_Dev/speaksharp/frontend/src/services/transcription/engines/PrivateSTT.ts:81:32)\n    at /Users/fibonacci/SW_Dev/Antigravity_Dev/speaksharp/frontend/tests/integration/PrivateSTT.integration.test.ts:155:24\n    at file:///Users/fibonacci/SW_Dev/Antigravity_Dev/speaksharp/node_modules/@vitest/runner/dist/chunk-hooks.js:752:20"},"msg":"[PrivateSTT] ⚠️ WhisperTurbo init threw exception"}
{"level":40,"time":1772985000743,"pid":3361,"hostname":"Mac.lan","err":{"type":"TypeError","message":"Cannot read properties of undefined (reading 'isErr')","stack":"TypeError: Cannot read properties of undefined (reading 'isErr')\n    at PrivateSTT.initFastEngine (/Users/fibonacci/SW_Dev/Antigravity_Dev/speaksharp/frontend/src/services/transcription/engines/PrivateSTT.ts:141:24)\n    at PrivateSTT.init (/Users/fibonacci/SW_Dev/Antigravity_Dev/speaksharp/frontend/src/services/transcription/engines/PrivateSTT.ts:81:32)\n    at /Users/fibonacci/SW_Dev/Antigravity_Dev/speaksharp/frontend/tests/integration/PrivateSTT.integration.test.ts:155:24\n    at file:///Users/fibonacci/SW_Dev/Antigravity_Dev/speaksharp/node_modules/@vitest/runner/dist/chunk-hooks.js:752:20"},"msg":"[PrivateSTT] ⚠️ WhisperTurbo failed to initialize. Falling back to safe engine."}
{"level":40,"time":1772985000743,"pid":3361,"hostname":"Mac.lan","err":{"type":"TypeError","message":"Cannot read properties of undefined (reading 'isErr')","stack":"TypeError: Cannot read properties of undefined (reading 'isErr')\n    at PrivateSTT.initFastEngine (/Users/fibonacci/SW_Dev/Antigravity_Dev/speaksharp/frontend/src/services/transcription/engines/PrivateSTT.ts:141:24)\n    at PrivateSTT.init (/Users/fibonacci/SW_Dev/Antigravity_Dev/speaksharp/frontend/src/services/transcription/engines/PrivateSTT.ts:81:32)\n    at /Users/fibonacci/SW_Dev/Antigravity_Dev/speaksharp/frontend/tests/integration/PrivateSTT.integration.test.ts:155:24\n    at file:///Users/fibonacci/SW_Dev/Antigravity_Dev/speaksharp/node_modules/@vitest/runner/dist/chunk-hooks.js:752:20"},"msg":"[PrivateSTT] WhisperTurbo failed. Falling back to TransformersJS..."}
{"level":30,"time":1772985000743,"pid":3361,"hostname":"Mac.lan","msg":"[PrivateSTT] 🛡️ Initializing TransformersJS (Safe Path)..."}
{"level":30,"time":1772985000743,"pid":3361,"hostname":"Mac.lan","msg":"[PrivateSTT] 📥 Importing TransformersJS engine..."}
{"level":30,"time":1772985000743,"pid":3361,"hostname":"Mac.lan","msg":"[PrivateSTT] ⏳ calling TransformersJS.init()..."}
{"level":30,"time":1772985000743,"pid":3361,"hostname":"Mac.lan","msg":"[PrivateSTT] ✅ TransformersJS engine initialized successfully."}
{"level":30,"time":1772985000743,"pid":3361,"hostname":"Mac.lan","msg":"[PrivateSTT] TransformersJS engine initialized successfully."}
{"level":30,"time":1772985000744,"pid":3361,"hostname":"Mac.lan","msg":"[PrivateSTT] 🚀 Automatic engine selection started..."}
{"level":30,"time":1772985000744,"pid":3361,"hostname":"Mac.lan","msg":"[PrivateSTT] 🧪 Test environment detected. Using MockEngine."}
{"level":30,"time":1772985000744,"pid":3361,"hostname":"Mac.lan","msg":"[PrivateSTT] 🛠️ Loading MockEngine..."}
{"level":30,"time":1772985000744,"pid":3361,"hostname":"Mac.lan","msg":"[PrivateSTT] ✅ MockEngine ready."}
{"level":30,"time":1772985000744,"pid":3361,"hostname":"Mac.lan","msg":"[PrivateSTT] MockEngine initialized successfully."}
{"level":40,"time":1772985000744,"pid":3361,"hostname":"Mac.lan","err":{"type":"TypeError","message":"Cannot read properties of undefined (reading 'isErr')","stack":"TypeError: Cannot read properties of undefined (reading 'isErr')\n    at PrivateSTT.initFastEngine (/Users/fibonacci/SW_Dev/Antigravity_Dev/speaksharp/frontend/src/services/transcription/engines/PrivateSTT.ts:141:24)\n    at PrivateSTT.init (/Users/fibonacci/SW_Dev/Antigravity_Dev/speaksharp/frontend/src/services/transcription/engines/PrivateSTT.ts:81:32)\n    at /Users/fibonacci/SW_Dev/Antigravity_Dev/speaksharp/frontend/tests/integration/PrivateSTT.integration.test.ts:193:9\n    at file:///Users/fibonacci/SW_Dev/Antigravity_Dev/speaksharp/node_modules/@vitest/runner/dist/chunk-hooks.js:752:20"},"msg":"[PrivateSTT] ⚠️ WhisperTurbo init threw exception"}
{"level":40,"time":1772985000744,"pid":3361,"hostname":"Mac.lan","err":{"type":"TypeError","message":"Cannot read properties of undefined (reading 'isErr')","stack":"TypeError: Cannot read properties of undefined (reading 'isErr')\n    at PrivateSTT.initFastEngine (/Users/fibonacci/SW_Dev/Antigravity_Dev/speaksharp/frontend/src/services/transcription/engines/PrivateSTT.ts:141:24)\n    at PrivateSTT.init (/Users/fibonacci/SW_Dev/Antigravity_Dev/speaksharp/frontend/src/services/transcription/engines/PrivateSTT.ts:81:32)\n    at /Users/fibonacci/SW_Dev/Antigravity_Dev/speaksharp/frontend/tests/integration/PrivateSTT.integration.test.ts:193:9\n    at file:///Users/fibonacci/SW_Dev/Antigravity_Dev/speaksharp/node_modules/@vitest/runner/dist/chunk-hooks.js:752:20"},"msg":"[PrivateSTT] ⚠️ WhisperTurbo failed to initialize. Falling back to safe engine."}
{"level":40,"time":1772985000744,"pid":3361,"hostname":"Mac.lan","err":{"type":"TypeError","message":"Cannot read properties of undefined (reading 'isErr')","stack":"TypeError: Cannot read properties of undefined (reading 'isErr')\n    at PrivateSTT.initFastEngine (/Users/fibonacci/SW_Dev/Antigravity_Dev/speaksharp/frontend/src/services/transcription/engines/PrivateSTT.ts:141:24)\n    at PrivateSTT.init (/Users/fibonacci/SW_Dev/Antigravity_Dev/speaksharp/frontend/src/services/transcription/engines/PrivateSTT.ts:81:32)\n    at /Users/fibonacci/SW_Dev/Antigravity_Dev/speaksharp/frontend/tests/integration/PrivateSTT.integration.test.ts:193:9\n    at file:///Users/fibonacci/SW_Dev/Antigravity_Dev/speaksharp/node_modules/@vitest/runner/dist/chunk-hooks.js:752:20"},"msg":"[PrivateSTT] WhisperTurbo failed. Falling back to TransformersJS..."}
{"level":50,"time":1772985000744,"pid":3361,"hostname":"Mac.lan","err":{"type":"TypeError","message":"Cannot read properties of undefined (reading 'isErr')","stack":"TypeError: Cannot read properties of undefined (reading 'isErr')\n    at PrivateSTT.initSafeEngine (/Users/fibonacci/SW_Dev/Antigravity_Dev/speaksharp/frontend/src/services/transcription/engines/PrivateSTT.ts:172:24)\n    at /Users/fibonacci/SW_Dev/Antigravity_Dev/speaksharp/frontend/tests/integration/PrivateSTT.integration.test.ts:193:9\n    at file:///Users/fibonacci/SW_Dev/Antigravity_Dev/speaksharp/node_modules/@vitest/runner/dist/chunk-hooks.js:752:20"},"msg":"[PrivateSTT] ❌ TransformersJS init threw exception"}
{"level":30,"time":1772985000745,"pid":3361,"hostname":"Mac.lan","msg":"[PrivateSTT] 🚀 Automatic engine selection started..."}
{"level":30,"time":1772985000745,"pid":3361,"hostname":"Mac.lan","webGPUAvailable":true,"forceSafe":false,"msg":"[PrivateSTT] 🔍 WebGPU support check"}
{"level":30,"time":1772985000745,"pid":3361,"hostname":"Mac.lan","msg":"[PrivateSTT] ⚡ WebGPU available. Attempting to initialize WhisperTurbo (Fast Path)..."}
{"level":30,"time":1772985000745,"pid":3361,"hostname":"Mac.lan","msg":"[PrivateSTT] WebGPU available. Trying WhisperTurbo engine..."}
{"level":30,"time":1772985000745,"pid":3361,"hostname":"Mac.lan","msg":"[PrivateSTT] 📥 Importing WhisperTurbo engine..."}
{"level":30,"time":1772985000745,"pid":3361,"hostname":"Mac.lan","msg":"[PrivateSTT] ⏳ calling WhisperTurbo.init()..."}
{"level":40,"time":1772985000745,"pid":3361,"hostname":"Mac.lan","err":{"type":"Error","message":"Low-level WASM crash","stack":"Error: Low-level WASM crash\n    at /Users/fibonacci/SW_Dev/Antigravity_Dev/speaksharp/frontend/tests/integration/PrivateSTT.integration.test.ts:210:27\n    at file:///Users/fibonacci/SW_Dev/Antigravity_Dev/speaksharp/node_modules/@vitest/runner/dist/chunk-hooks.js:752:20"},"msg":"[PrivateSTT] ⚠️ WhisperTurbo init returned error"}
{"level":40,"time":1772985000746,"pid":3361,"hostname":"Mac.lan","err":{"type":"Error","message":"Low-level WASM crash","stack":"Error: Low-level WASM crash\n    at /Users/fibonacci/SW_Dev/Antigravity_Dev/speaksharp/frontend/tests/integration/PrivateSTT.integration.test.ts:210:27\n    at file:///Users/fibonacci/SW_Dev/Antigravity_Dev/speaksharp/node_modules/@vitest/runner/dist/chunk-hooks.js:752:20"},"msg":"[PrivateSTT] ⚠️ WhisperTurbo failed to initialize. Falling back to safe engine."}
 [32m✓[39m frontend/tests/integration/PrivateSTT.integration.test.ts [2m([22m[2m7 tests[22m[2m)[22m[32m 11[2mms[22m[39m
 [32m✓[39m frontend/src/hooks/__tests__/useSessionManager.component.test.tsx [2m([22m[2m4 tests[22m[2m)[22m[32m 13[2mms[22m[39m
 [32m✓[39m frontend/src/services/transcription/engines/__tests__/WhisperEngineRegistry.test.ts [2m([22m[2m6 tests[22m[2m)[22m[32m 19[2mms[22m[39m
{"level":30,"time":1772985001951,"pid":3367,"hostname":"Mac.lan","userId":"user1...","msg":"[Supabase DB] 📥 Fetching sessions"}
{"level":30,"time":1772985001951,"pid":3367,"hostname":"Mac.lan","requestUrl":"https://yxlapjuovrsvjswkwnrk.supabase.co/rest/v1/sessions","msg":"[Supabase DB] Request URL"}
{"level":30,"time":1772985001951,"pid":3367,"hostname":"Mac.lan","sessionCount":1,"msg":"[Supabase DB] ✅ Sessions fetched"}
{"level":30,"time":1772985001952,"pid":3367,"hostname":"Mac.lan","userId":"user1...","msg":"[Supabase DB] 📥 Fetching sessions"}
{"level":30,"time":1772985001952,"pid":3367,"hostname":"Mac.lan","requestUrl":"https://yxlapjuovrsvjswkwnrk.supabase.co/rest/v1/sessions","msg":"[Supabase DB] Request URL"}
{"level":30,"time":1772985001952,"pid":3367,"hostname":"Mac.lan","sessionCount":0,"msg":"[Supabase DB] ✅ Sessions fetched"}
{"level":30,"time":1772985001952,"pid":3367,"hostname":"Mac.lan","userId":"user1...","msg":"[Supabase DB] 📥 Fetching sessions"}
{"level":30,"time":1772985001952,"pid":3367,"hostname":"Mac.lan","requestUrl":"https://yxlapjuovrsvjswkwnrk.supabase.co/rest/v1/sessions","msg":"[Supabase DB] Request URL"}
{"level":30,"time":1772985001952,"pid":3367,"hostname":"Mac.lan","sessionCount":0,"msg":"[Supabase DB] ✅ Sessions fetched"}
{"level":30,"time":1772985001954,"pid":3367,"hostname":"Mac.lan","userId":"user1","duration":60,"engineType":"native","msg":"[Supabase DB] 💾 Saving session via RPC"}
{"level":30,"time":1772985001954,"pid":3367,"hostname":"Mac.lan","userId":"user1","duration":60,"engineType":"cloud","msg":"[Supabase DB] 💾 Saving session via RPC"}
{"level":30,"time":1772985001955,"pid":3367,"hostname":"Mac.lan","userId":"user1","duration":60,"engineType":"native","msg":"[Supabase DB] 💾 Saving session via RPC"}
{"level":30,"time":1772985001957,"pid":3367,"hostname":"Mac.lan","userId":"user1...","msg":"[Supabase DB] 📥 Fetching sessions"}
{"level":30,"time":1772985001957,"pid":3367,"hostname":"Mac.lan","requestUrl":"https://yxlapjuovrsvjswkwnrk.supabase.co/rest/v1/sessions","msg":"[Supabase DB] Request URL"}
{"level":30,"time":1772985001957,"pid":3367,"hostname":"Mac.lan","sessionCount":1,"msg":"[Supabase DB] ✅ Sessions fetched"}
 [32m✓[39m frontend/src/lib/__tests__/storage.test.ts [2m([22m[2m12 tests[22m[2m)[22m[32m 11[2mms[22m[39m
 [32m✓[39m frontend/src/hooks/__tests__/useVocalAnalysis.test.ts [2m([22m[2m4 tests[22m[2m)[22m[32m 17[2mms[22m[39m
{"level":50,"time":1772985002748,"pid":3371,"hostname":"Mac.lan","error":{"code":"DB_ERROR","message":"Database connection failed"},"msg":"[sessionService.getHistory]"}
{"level":50,"time":1772985002752,"pid":3371,"hostname":"Mac.lan","error":{"code":"OTHER","message":"DB error"},"userId":"user-1","msg":"[profileService.getById]"}
 [32m✓[39m frontend/src/services/__tests__/domainServices.test.ts [2m([22m[2m17 tests[22m[2m)[22m[32m 14[2mms[22m[39m
 [32m✓[39m frontend/src/hooks/__tests__/useStreak.test.ts [2m([22m[2m5 tests[22m[2m)[22m[32m 13[2mms[22m[39m
 [32m✓[39m frontend/src/services/transcription/utils/__tests__/AudioProcessor.test.ts [2m([22m[2m14 tests[22m[2m)[22m[32m 13[2mms[22m[39m
 [32m✓[39m frontend/src/hooks/useSpeechRecognition/__tests__/stale-closure.test.tsx [2m([22m[2m1 test[22m[2m)[22m[32m 13[2mms[22m[39m
 [32m✓[39m frontend/src/utils/__tests__/highlightUtils.test.ts [2m([22m[2m6 tests[22m[2m)[22m[32m 11[2mms[22m[39m
 [32m✓[39m frontend/src/pages/__tests__/MainPage.component.test.tsx [2m([22m[2m2 tests[22m[2m)[22m[32m 13[2mms[22m[39m
 [32m✓[39m frontend/src/services/transcription/utils/__tests__/audio-processor.worker.test.ts [2m([22m[2m5 tests[22m[2m)[22m[32m 11[2mms[22m[39m
 [32m✓[39m frontend/src/services/transcription/utils/__tests__/ImmutableCallbackProxy.test.ts [2m([22m[2m4 tests[22m[2m)[22m[32m 13[2mms[22m[39m
 [32m✓[39m frontend/src/lib/__tests__/utils.test.ts [2m([22m[2m8 tests[22m[2m)[22m[32m 9[2mms[22m[39m
 [32m✓[39m frontend/src/constants/__tests__/subscriptionTiers.test.ts [2m([22m[2m19 tests[22m[2m)[22m[32m 12[2mms[22m[39m
 [32m✓[39m frontend/src/services/transcription/__tests__/FailureManager.test.ts [2m([22m[2m6 tests[22m[2m)[22m[32m 11[2mms[22m[39m
{"level":30,"time":1772985007103,"pid":3393,"hostname":"Mac.lan","msg":"[PrivateWhisper] 🧪 Exposing instance for E2E testing"}
{"level":30,"time":1772985007103,"pid":3393,"hostname":"Mac.lan","msg":"[PrivateWhisper] Initialized (dual-engine facade)."}
{"level":30,"time":1772985007103,"pid":3393,"hostname":"Mac.lan","msg":"[PrivateWhisper] 🔄 init() START - Dual-Engine Mode"}
{"level":30,"time":1772985007103,"pid":3393,"hostname":"Mac.lan","msg":"[PrivateWhisper] Initializing PrivateSTT facade..."}
{"level":30,"time":1772985007103,"pid":3393,"hostname":"Mac.lan","engineType":"whisper-turbo","msg":"[PrivateWhisper] ✅ Engine initialized"}
{"level":30,"time":1772985007103,"pid":3393,"hostname":"Mac.lan","msg":"[PrivateWhisper] Engine initialized: whisper-turbo"}
{"level":30,"time":1772985007103,"pid":3393,"hostname":"Mac.lan","msg":"[PrivateWhisper] Model ready! Using GPU acceleration."}
{"level":30,"time":1772985007104,"pid":3393,"hostname":"Mac.lan","msg":"[PrivateWhisper] 🧪 Exposing instance for E2E testing"}
{"level":30,"time":1772985007104,"pid":3393,"hostname":"Mac.lan","msg":"[PrivateWhisper] Initialized (dual-engine facade)."}
{"level":30,"time":1772985007104,"pid":3393,"hostname":"Mac.lan","msg":"[PrivateWhisper] 🔄 init() START - Dual-Engine Mode"}
{"level":30,"time":1772985007104,"pid":3393,"hostname":"Mac.lan","msg":"[PrivateWhisper] Initializing PrivateSTT facade..."}
{"level":30,"time":1772985007104,"pid":3393,"hostname":"Mac.lan","engineType":"whisper-turbo","msg":"[PrivateWhisper] ✅ Engine initialized"}
{"level":30,"time":1772985007104,"pid":3393,"hostname":"Mac.lan","msg":"[PrivateWhisper] Engine initialized: whisper-turbo"}
{"level":30,"time":1772985007104,"pid":3393,"hostname":"Mac.lan","msg":"[PrivateWhisper] Model ready! Using GPU acceleration."}
{"level":30,"time":1772985007104,"pid":3393,"hostname":"Mac.lan","msg":"[PrivateWhisper] startTranscription() called."}
{"level":30,"time":1772985007104,"pid":3393,"hostname":"Mac.lan","msg":"[PrivateWhisper] Streaming started."}
{"level":30,"time":1772985007604,"pid":3393,"hostname":"Mac.lan","samples":16000,"msg":"[PrivateWhisper] 🔊 Speech detected"}
{"level":30,"time":1772985007604,"pid":3393,"hostname":"Mac.lan","samples":16000,"expectedDurationSec":1,"msg":"[PrivateWhisper] 🎤 Processing chunk"}
{"level":30,"time":1772985007604,"pid":3393,"hostname":"Mac.lan","newText":"Test transcript","latencyMs":"0.00","msg":"[PrivateWhisper] ✨ Transcription success"}
{"level":30,"time":1772985008204,"pid":3393,"hostname":"Mac.lan","msg":"[PrivateWhisper] stopTranscription() called."}
{"level":30,"time":1772985007107,"pid":3393,"hostname":"Mac.lan","msg":"[PrivateWhisper] 🧪 Exposing instance for E2E testing"}
{"level":30,"time":1772985007107,"pid":3393,"hostname":"Mac.lan","msg":"[PrivateWhisper] Initialized (dual-engine facade)."}
{"level":30,"time":1772985007107,"pid":3393,"hostname":"Mac.lan","msg":"[PrivateWhisper] 🔄 init() START - Dual-Engine Mode"}
{"level":30,"time":1772985007107,"pid":3393,"hostname":"Mac.lan","msg":"[PrivateWhisper] Initializing PrivateSTT facade..."}
{"level":30,"time":1772985007107,"pid":3393,"hostname":"Mac.lan","engineType":"whisper-turbo","msg":"[PrivateWhisper] ✅ Engine initialized"}
{"level":30,"time":1772985007107,"pid":3393,"hostname":"Mac.lan","msg":"[PrivateWhisper] Engine initialized: whisper-turbo"}
{"level":30,"time":1772985007107,"pid":3393,"hostname":"Mac.lan","msg":"[PrivateWhisper] Model ready! Using GPU acceleration."}
{"level":30,"time":1772985007107,"pid":3393,"hostname":"Mac.lan","msg":"[PrivateWhisper] startTranscription() called."}
{"level":30,"time":1772985007107,"pid":3393,"hostname":"Mac.lan","msg":"[PrivateWhisper] Streaming started."}
{"level":30,"time":1772985008207,"pid":3393,"hostname":"Mac.lan","msg":"[PrivateWhisper] stopTranscription() called."}
{"level":30,"time":1772985007107,"pid":3393,"hostname":"Mac.lan","msg":"[PrivateWhisper] 🧪 Exposing instance for E2E testing"}
{"level":30,"time":1772985007107,"pid":3393,"hostname":"Mac.lan","msg":"[PrivateWhisper] Initialized (dual-engine facade)."}
{"level":30,"time":1772985007107,"pid":3393,"hostname":"Mac.lan","msg":"[PrivateWhisper] 🔄 init() START - Dual-Engine Mode"}
{"level":30,"time":1772985007107,"pid":3393,"hostname":"Mac.lan","msg":"[PrivateWhisper] Initializing PrivateSTT facade..."}
{"level":30,"time":1772985007107,"pid":3393,"hostname":"Mac.lan","engineType":"whisper-turbo","msg":"[PrivateWhisper] ✅ Engine initialized"}
{"level":30,"time":1772985007107,"pid":3393,"hostname":"Mac.lan","msg":"[PrivateWhisper] Engine initialized: whisper-turbo"}
{"level":30,"time":1772985007107,"pid":3393,"hostname":"Mac.lan","msg":"[PrivateWhisper] Model ready! Using GPU acceleration."}
{"level":30,"time":1772985007107,"pid":3393,"hostname":"Mac.lan","msg":"[PrivateWhisper] startTranscription() called."}
{"level":30,"time":1772985007107,"pid":3393,"hostname":"Mac.lan","msg":"[PrivateWhisper] Streaming started."}
{"level":30,"time":1772985007607,"pid":3393,"hostname":"Mac.lan","samples":16000,"msg":"[PrivateWhisper] 🔊 Speech detected"}
{"level":30,"time":1772985007607,"pid":3393,"hostname":"Mac.lan","samples":16000,"expectedDurationSec":1,"msg":"[PrivateWhisper] 🎤 Processing chunk"}
{"level":30,"time":1772985007607,"pid":3393,"hostname":"Mac.lan","newText":"Test transcript","latencyMs":"0.00","msg":"[PrivateWhisper] ✨ Transcription success"}
{"level":30,"time":1772985008207,"pid":3393,"hostname":"Mac.lan","msg":"[PrivateWhisper] stopTranscription() called."}
{"level":30,"time":1772985007110,"pid":3393,"hostname":"Mac.lan","msg":"[PrivateWhisper] 🧪 Exposing instance for E2E testing"}
{"level":30,"time":1772985007110,"pid":3393,"hostname":"Mac.lan","msg":"[PrivateWhisper] Initialized (dual-engine facade)."}
{"level":30,"time":1772985007110,"pid":3393,"hostname":"Mac.lan","msg":"[PrivateWhisper] 🔄 init() START - Dual-Engine Mode"}
{"level":30,"time":1772985007110,"pid":3393,"hostname":"Mac.lan","msg":"[PrivateWhisper] Initializing PrivateSTT facade..."}
{"level":30,"time":1772985007110,"pid":3393,"hostname":"Mac.lan","engineType":"whisper-turbo","msg":"[PrivateWhisper] ✅ Engine initialized"}
{"level":30,"time":1772985007110,"pid":3393,"hostname":"Mac.lan","msg":"[PrivateWhisper] Engine initialized: whisper-turbo"}
{"level":30,"time":1772985007110,"pid":3393,"hostname":"Mac.lan","msg":"[PrivateWhisper] Model ready! Using GPU acceleration."}
{"level":30,"time":1772985007110,"pid":3393,"hostname":"Mac.lan","msg":"[PrivateWhisper] startTranscription() called."}
{"level":30,"time":1772985007110,"pid":3393,"hostname":"Mac.lan","msg":"[PrivateWhisper] Streaming started."}
{"level":30,"time":1772985007610,"pid":3393,"hostname":"Mac.lan","samples":8000,"msg":"[PrivateWhisper] 🔊 Speech detected"}
{"level":30,"time":1772985007610,"pid":3393,"hostname":"Mac.lan","samples":8000,"expectedDurationSec":0.5,"msg":"[PrivateWhisper] 🎤 Processing chunk"}
{"level":30,"time":1772985007610,"pid":3393,"hostname":"Mac.lan","newText":"Test transcript","latencyMs":"0.00","msg":"[PrivateWhisper] ✨ Transcription success"}
{"level":30,"time":1772985008110,"pid":3393,"hostname":"Mac.lan","samples":8000,"msg":"[PrivateWhisper] 🔊 Speech detected"}
{"level":30,"time":1772985008110,"pid":3393,"hostname":"Mac.lan","newText":"Test transcript","latencyMs":"0.00","msg":"[PrivateWhisper] ✨ Transcription success"}
{"level":30,"time":1772985008410,"pid":3393,"hostname":"Mac.lan","msg":"[PrivateWhisper] stopTranscription() called."}
 [32m✓[39m frontend/src/services/transcription/modes/__tests__/PrivateWhisper.test.ts [2m([22m[2m5 tests[22m[2m)[22m[32m 11[2mms[22m[39m
 [32m✓[39m frontend/src/hooks/useSpeechRecognition/__tests__/useTranscriptionService.test.ts [2m([22m[2m2 tests[22m[2m)[22m[32m 11[2mms[22m[39m
 [32m✓[39m frontend/src/utils/__tests__/safeCompare.test.ts [2m([22m[2m6 tests[22m[2m)[22m[32m 10[2mms[22m[39m
 [32m✓[39m frontend/src/hooks/useSpeechRecognition/__tests__/utils.test.ts [2m([22m[2m6 tests[22m[2m)[22m[32m 10[2mms[22m[39m
 [32m✓[39m frontend/src/config/__tests__/env.test.ts [2m([22m[2m4 tests[22m[2m)[22m[32m 8[2mms[22m[39m
{"level":30,"time":1772985009301,"pid":3403,"hostname":"Mac.lan","msg":"[TestRegistry] Cleared all registrations"}
{"level":30,"time":1772985009301,"pid":3403,"hostname":"Mac.lan","key":"nativeSTT","priority":100,"testName":"unknown","msg":"[TestRegistry] Registered factory"}
{"level":30,"time":1772985009301,"pid":3403,"hostname":"Mac.lan","key":"privateSTT","priority":100,"testName":"unknown","msg":"[TestRegistry] Registered factory"}
{"level":30,"time":1772985009301,"pid":3403,"hostname":"Mac.lan","key":"privateSTT","priority":100,"testName":"unknown","msg":"[TestRegistry] Registered factory"}
{"level":30,"time":1772985009301,"pid":3403,"hostname":"Mac.lan","from":"IDLE","to":"ACTIVATING_MIC","event":"START_REQUESTED","msg":"[FSM] State transition: IDLE -> ACTIVATING_MIC"}
{"level":30,"time":1772985009301,"pid":3403,"hostname":"Mac.lan","from":"ACTIVATING_MIC","to":"READY","event":"MIC_ACQUIRED","msg":"[FSM] State transition: ACTIVATING_MIC -> READY"}
{"level":30,"time":1772985009301,"pid":3403,"hostname":"Mac.lan","from":"READY","to":"INITIALIZING_ENGINE","event":"ENGINE_INIT_REQUESTED","msg":"[FSM] State transition: READY -> INITIALIZING_ENGINE"}
{"level":30,"time":1772985009301,"pid":3403,"hostname":"Mac.lan","policyId":"test","policyPref":"private","allowNative":true,"allowCloud":false,"allowPrivate":true,"msg":"[TranscriptionPolicy] Resolving mode:"}
{"level":30,"time":1772985009301,"pid":3403,"hostname":"Mac.lan","resolved":"private","source":"policy-preference","msg":"[TranscriptionPolicy] Resolved mode"}
{"level":30,"time":1772985009301,"pid":3403,"hostname":"Mac.lan","msg":"[TranscriptionService] Preparing engine for mode: private"}
{"level":30,"time":1772985009301,"pid":3403,"hostname":"Mac.lan","key":"privateSTT","testName":"unknown","age":0,"msg":"[TestRegistry] Retrieved factory"}
{"level":30,"time":1772985009301,"pid":3403,"hostname":"Mac.lan","msg":"[TranscriptionService] 🧪 E2E Mode detected: DISABLING optimistic fallback. Waiting for full engine init."}
{"level":50,"time":1772985009301,"pid":3403,"hostname":"Mac.lan","mode":"private","error":{},"msg":"[TranscriptionService] Implementation failure"}
{"level":30,"time":1772985009301,"pid":3403,"hostname":"Mac.lan","msg":"[TranscriptionService] Attempting Native Fallback..."}
{"level":30,"time":1772985009301,"pid":3403,"hostname":"Mac.lan","msg":"[TranscriptionService] Interrupting active session for new request"}
{"level":30,"time":1772985009301,"pid":3403,"hostname":"Mac.lan","msg":"[TranscriptionService] 🧹 Starting cleanup sequence"}
{"level":30,"time":1772985009301,"pid":3403,"hostname":"Mac.lan","from":"INITIALIZING_ENGINE","to":"CLEANING_UP","event":"TERMINATE_REQUESTED","msg":"[FSM] State transition: INITIALIZING_ENGINE -> CLEANING_UP"}
{"level":30,"time":1772985009301,"pid":3403,"hostname":"Mac.lan","from":"CLEANING_UP","to":"IDLE","event":"RESET_REQUESTED","msg":"[FSM] State transition: CLEANING_UP -> IDLE"}
{"level":30,"time":1772985009301,"pid":3403,"hostname":"Mac.lan","msg":"[TranscriptionService] ✅ Cleanup complete"}
{"level":30,"time":1772985009301,"pid":3403,"hostname":"Mac.lan","from":"IDLE","to":"ACTIVATING_MIC","event":"START_REQUESTED","msg":"[FSM] State transition: IDLE -> ACTIVATING_MIC"}
{"level":30,"time":1772985009301,"pid":3403,"hostname":"Mac.lan","from":"ACTIVATING_MIC","to":"READY","event":"MIC_ACQUIRED","msg":"[FSM] State transition: ACTIVATING_MIC -> READY"}
{"level":30,"time":1772985009301,"pid":3403,"hostname":"Mac.lan","from":"READY","to":"INITIALIZING_ENGINE","event":"ENGINE_INIT_REQUESTED","msg":"[FSM] State transition: READY -> INITIALIZING_ENGINE"}
{"level":30,"time":1772985009301,"pid":3403,"hostname":"Mac.lan","policyId":"test","policyPref":"native","allowNative":true,"allowCloud":false,"allowPrivate":true,"msg":"[TranscriptionPolicy] Resolving mode:"}
{"level":30,"time":1772985009301,"pid":3403,"hostname":"Mac.lan","resolved":"native","source":"policy-preference","msg":"[TranscriptionPolicy] Resolved mode"}
{"level":30,"time":1772985009301,"pid":3403,"hostname":"Mac.lan","msg":"[TranscriptionService] Preparing engine for mode: native"}
{"level":30,"time":1772985009301,"pid":3403,"hostname":"Mac.lan","key":"nativeSTT","testName":"unknown","age":0,"msg":"[TestRegistry] Retrieved factory"}
{"level":30,"time":1772985009301,"pid":3403,"hostname":"Mac.lan","from":"INITIALIZING_ENGINE","to":"RECORDING","event":"ENGINE_STARTED","msg":"[FSM] State transition: INITIALIZING_ENGINE -> RECORDING"}
{"level":30,"time":1772985009301,"pid":3403,"hostname":"Mac.lan","msg":"[TestRegistry] Cleared all registrations"}
{"level":30,"time":1772985009306,"pid":3403,"hostname":"Mac.lan","msg":"[TestRegistry] Cleared all registrations"}
{"level":30,"time":1772985009306,"pid":3403,"hostname":"Mac.lan","key":"nativeSTT","priority":100,"testName":"unknown","msg":"[TestRegistry] Registered factory"}
{"level":30,"time":1772985009306,"pid":3403,"hostname":"Mac.lan","key":"privateSTT","priority":100,"testName":"unknown","msg":"[TestRegistry] Registered factory"}
{"level":30,"time":1772985009306,"pid":3403,"hostname":"Mac.lan","key":"privateSTT","priority":100,"testName":"unknown","msg":"[TestRegistry] Registered factory"}
{"level":30,"time":1772985009306,"pid":3403,"hostname":"Mac.lan","from":"IDLE","to":"ACTIVATING_MIC","event":"START_REQUESTED","msg":"[FSM] State transition: IDLE -> ACTIVATING_MIC"}
{"level":30,"time":1772985009306,"pid":3403,"hostname":"Mac.lan","from":"ACTIVATING_MIC","to":"READY","event":"MIC_ACQUIRED","msg":"[FSM] State transition: ACTIVATING_MIC -> READY"}
{"level":30,"time":1772985009306,"pid":3403,"hostname":"Mac.lan","from":"READY","to":"INITIALIZING_ENGINE","event":"ENGINE_INIT_REQUESTED","msg":"[FSM] State transition: READY -> INITIALIZING_ENGINE"}
{"level":30,"time":1772985009306,"pid":3403,"hostname":"Mac.lan","policyId":"test","policyPref":"private","allowNative":true,"allowCloud":false,"allowPrivate":true,"msg":"[TranscriptionPolicy] Resolving mode:"}
{"level":30,"time":1772985009306,"pid":3403,"hostname":"Mac.lan","resolved":"private","source":"policy-preference","msg":"[TranscriptionPolicy] Resolved mode"}
{"level":30,"time":1772985009306,"pid":3403,"hostname":"Mac.lan","msg":"[TranscriptionService] Preparing engine for mode: private"}
{"level":30,"time":1772985009306,"pid":3403,"hostname":"Mac.lan","key":"privateSTT","testName":"unknown","age":0,"msg":"[TestRegistry] Retrieved factory"}
{"level":30,"time":1772985009306,"pid":3403,"hostname":"Mac.lan","msg":"[TranscriptionService] 🧪 E2E Mode detected: DISABLING optimistic fallback. Waiting for full engine init."}
{"level":30,"time":1772985009306,"pid":3403,"hostname":"Mac.lan","msg":"[TranscriptionService] Cache miss - triggering download"}
{"level":30,"time":1772985009306,"pid":3403,"hostname":"Mac.lan","msg":"[TranscriptionService] Handling cache miss - switching to native fallback"}
{"level":30,"time":1772985009306,"pid":3403,"hostname":"Mac.lan","key":"nativeSTT","testName":"unknown","age":0,"msg":"[TestRegistry] Retrieved factory"}
{"level":30,"time":1772985009306,"pid":3403,"hostname":"Mac.lan","from":"INITIALIZING_ENGINE","to":"RECORDING","event":"ENGINE_STARTED","msg":"[FSM] State transition: INITIALIZING_ENGINE -> RECORDING"}
{"level":30,"time":1772985009306,"pid":3403,"hostname":"Mac.lan","msg":"[TestRegistry] Cleared all registrations"}
{"level":30,"time":1772985009307,"pid":3403,"hostname":"Mac.lan","msg":"[TestRegistry] Cleared all registrations"}
{"level":30,"time":1772985009307,"pid":3403,"hostname":"Mac.lan","key":"nativeSTT","priority":100,"testName":"unknown","msg":"[TestRegistry] Registered factory"}
{"level":30,"time":1772985009307,"pid":3403,"hostname":"Mac.lan","key":"privateSTT","priority":100,"testName":"unknown","msg":"[TestRegistry] Registered factory"}
{"level":30,"time":1772985009307,"pid":3403,"hostname":"Mac.lan","key":"nativeSTT","priority":100,"testName":"unknown","msg":"[TestRegistry] Registered factory"}
{"level":30,"time":1772985009307,"pid":3403,"hostname":"Mac.lan","from":"IDLE","to":"ACTIVATING_MIC","event":"START_REQUESTED","msg":"[FSM] State transition: IDLE -> ACTIVATING_MIC"}
{"level":30,"time":1772985009307,"pid":3403,"hostname":"Mac.lan","from":"ACTIVATING_MIC","to":"READY","event":"MIC_ACQUIRED","msg":"[FSM] State transition: ACTIVATING_MIC -> READY"}
{"level":30,"time":1772985009307,"pid":3403,"hostname":"Mac.lan","from":"READY","to":"INITIALIZING_ENGINE","event":"ENGINE_INIT_REQUESTED","msg":"[FSM] State transition: READY -> INITIALIZING_ENGINE"}
{"level":30,"time":1772985009307,"pid":3403,"hostname":"Mac.lan","policyId":"test","policyPref":"native","allowNative":true,"allowCloud":false,"allowPrivate":false,"msg":"[TranscriptionPolicy] Resolving mode:"}
{"level":30,"time":1772985009307,"pid":3403,"hostname":"Mac.lan","resolved":"native","source":"policy-preference","msg":"[TranscriptionPolicy] Resolved mode"}
{"level":30,"time":1772985009307,"pid":3403,"hostname":"Mac.lan","msg":"[TranscriptionService] Preparing engine for mode: native"}
{"level":30,"time":1772985009307,"pid":3403,"hostname":"Mac.lan","key":"nativeSTT","testName":"unknown","age":0,"msg":"[TestRegistry] Retrieved factory"}
{"level":30,"time":1772985009307,"pid":3403,"hostname":"Mac.lan","from":"INITIALIZING_ENGINE","to":"RECORDING","event":"ENGINE_STARTED","msg":"[FSM] State transition: INITIALIZING_ENGINE -> RECORDING"}
{"level":30,"time":1772985009307,"pid":3403,"hostname":"Mac.lan","msg":"[TestRegistry] Cleared all registrations"}
{"level":30,"time":1772985009308,"pid":3403,"hostname":"Mac.lan","msg":"[TestRegistry] Cleared all registrations"}
{"level":30,"time":1772985009308,"pid":3403,"hostname":"Mac.lan","key":"nativeSTT","priority":100,"testName":"unknown","msg":"[TestRegistry] Registered factory"}
{"level":30,"time":1772985009308,"pid":3403,"hostname":"Mac.lan","key":"privateSTT","priority":100,"testName":"unknown","msg":"[TestRegistry] Registered factory"}
{"level":30,"time":1772985009308,"pid":3403,"hostname":"Mac.lan","from":"IDLE","to":"ACTIVATING_MIC","event":"START_REQUESTED","msg":"[FSM] State transition: IDLE -> ACTIVATING_MIC"}
{"level":30,"time":1772985009308,"pid":3403,"hostname":"Mac.lan","from":"ACTIVATING_MIC","to":"READY","event":"MIC_ACQUIRED","msg":"[FSM] State transition: ACTIVATING_MIC -> READY"}
{"level":30,"time":1772985009308,"pid":3403,"hostname":"Mac.lan","from":"READY","to":"INITIALIZING_ENGINE","event":"ENGINE_INIT_REQUESTED","msg":"[FSM] State transition: READY -> INITIALIZING_ENGINE"}
{"level":30,"time":1772985009308,"pid":3403,"hostname":"Mac.lan","policyId":"test","policyPref":"native","allowNative":true,"allowCloud":false,"allowPrivate":false,"msg":"[TranscriptionPolicy] Resolving mode:"}
{"level":30,"time":1772985009308,"pid":3403,"hostname":"Mac.lan","resolved":"native","source":"policy-preference","msg":"[TranscriptionPolicy] Resolved mode"}
{"level":30,"time":1772985009308,"pid":3403,"hostname":"Mac.lan","msg":"[TranscriptionService] Preparing engine for mode: native"}
{"level":30,"time":1772985009308,"pid":3403,"hostname":"Mac.lan","key":"nativeSTT","testName":"unknown","age":0,"msg":"[TestRegistry] Retrieved factory"}
{"level":30,"time":1772985009308,"pid":3403,"hostname":"Mac.lan","from":"INITIALIZING_ENGINE","to":"RECORDING","event":"ENGINE_STARTED","msg":"[FSM] State transition: INITIALIZING_ENGINE -> RECORDING"}
{"level":30,"time":1772985009308,"pid":3403,"hostname":"Mac.lan","msg":"[TranscriptionService] 🧹 Starting cleanup sequence"}
{"level":30,"time":1772985009308,"pid":3403,"hostname":"Mac.lan","from":"RECORDING","to":"CLEANING_UP","event":"TERMINATE_REQUESTED","msg":"[FSM] State transition: RECORDING -> CLEANING_UP"}
{"level":40,"time":1772985009308,"pid":3403,"hostname":"Mac.lan","status":{"type":"idle","message":"Ready"},"msg":"[Store] ⚠️ Attempted to overwrite recording state"}
{"level":30,"time":1772985009308,"pid":3403,"hostname":"Mac.lan","from":"CLEANING_UP","to":"IDLE","event":"RESET_REQUESTED","msg":"[FSM] State transition: CLEANING_UP -> IDLE"}
{"level":30,"time":1772985009308,"pid":3403,"hostname":"Mac.lan","msg":"[TranscriptionService] ✅ Cleanup complete"}
{"level":30,"time":1772985009308,"pid":3403,"hostname":"Mac.lan","msg":"[TestRegistry] Cleared all registrations"}
 [32m✓[39m frontend/src/services/transcription/__tests__/TranscriptionService.test.ts [2m([22m[2m4 tests[22m[2m)[22m[32m 8[2mms[22m[39m
{"level":30,"time":1772985009697,"pid":3405,"hostname":"Mac.lan","msg":"[NativeBrowser] Init complete."}
{"level":30,"time":1772985009697,"pid":3405,"hostname":"Mac.lan","msg":"[NativeBrowser] Calling onReady callback..."}
{"level":30,"time":1772985009698,"pid":3405,"hostname":"Mac.lan","msg":"[NativeBrowser] Init complete."}
{"level":30,"time":1772985009698,"pid":3405,"hostname":"Mac.lan","msg":"[NativeBrowser] Calling onReady callback..."}
{"level":30,"time":1772985009698,"pid":3405,"hostname":"Mac.lan","msg":"[NativeBrowser] startTranscription called"}
{"level":30,"time":1772985009698,"pid":3405,"hostname":"Mac.lan","msg":"[NativeBrowser] Starting recognition.start()..."}
{"level":30,"time":1772985009698,"pid":3405,"hostname":"Mac.lan","msg":"[NativeBrowser] recognition.start() called successfully."}
{"level":30,"time":1772985009698,"pid":3405,"hostname":"Mac.lan","msg":"[NativeBrowser] Init complete."}
{"level":30,"time":1772985009698,"pid":3405,"hostname":"Mac.lan","msg":"[NativeBrowser] Calling onReady callback..."}
{"level":30,"time":1772985009698,"pid":3405,"hostname":"Mac.lan","msg":"[NativeBrowser] startTranscription called"}
{"level":30,"time":1772985009698,"pid":3405,"hostname":"Mac.lan","msg":"[NativeBrowser] Starting recognition.start()..."}
{"level":30,"time":1772985009698,"pid":3405,"hostname":"Mac.lan","msg":"[NativeBrowser] recognition.start() called successfully."}
{"level":30,"time":1772985009698,"pid":3405,"hostname":"Mac.lan","msg":"[NativeBrowser] stopTranscription called"}
{"level":30,"time":1772985009699,"pid":3405,"hostname":"Mac.lan","msg":"[NativeBrowser] Init complete."}
{"level":30,"time":1772985009699,"pid":3405,"hostname":"Mac.lan","msg":"[NativeBrowser] Calling onReady callback..."}
{"level":30,"time":1772985009699,"pid":3405,"hostname":"Mac.lan","resultIndex":0,"resultsLength":1,"msg":"[NativeBrowser] onresult called!"}
{"level":30,"time":1772985009699,"pid":3405,"hostname":"Mac.lan","finalTranscript":"hello world","msg":"[NativeBrowser] Final transcript received"}
{"level":30,"time":1772985009700,"pid":3405,"hostname":"Mac.lan","msg":"[NativeBrowser] Init complete."}
{"level":30,"time":1772985009700,"pid":3405,"hostname":"Mac.lan","msg":"[NativeBrowser] Calling onReady callback..."}
{"level":30,"time":1772985009700,"pid":3405,"hostname":"Mac.lan","resultIndex":0,"resultsLength":1,"msg":"[NativeBrowser] onresult called!"}
{"level":30,"time":1772985009700,"pid":3405,"hostname":"Mac.lan","interimTranscript":"hello","msg":"[NativeBrowser] Interim transcript received"}
{"level":30,"time":1772985009700,"pid":3405,"hostname":"Mac.lan","msg":"[NativeBrowser] Init complete."}
{"level":30,"time":1772985009700,"pid":3405,"hostname":"Mac.lan","msg":"[NativeBrowser] Calling onReady callback..."}
{"level":30,"time":1772985009700,"pid":3405,"hostname":"Mac.lan","msg":"[NativeBrowser] startTranscription called"}
{"level":30,"time":1772985009700,"pid":3405,"hostname":"Mac.lan","msg":"[NativeBrowser] Starting recognition.start()..."}
{"level":30,"time":1772985009700,"pid":3405,"hostname":"Mac.lan","msg":"[NativeBrowser] recognition.start() called successfully."}
{"level":30,"time":1772985009700,"pid":3405,"hostname":"Mac.lan","msg":"[NativeBrowser] onend reached, attempting immediate restart..."}
{"level":30,"time":1772985009760,"pid":3405,"hostname":"Mac.lan","msg":"[NativeBrowser] onend reached, attempting immediate restart..."}
 [32m✓[39m frontend/src/services/transcription/modes/__tests__/NativeBrowser.test.ts [2m([22m[2m6 tests[22m[2m)[22m[32m 7[2mms[22m[39m
{"level":30,"time":1772985010221,"pid":3407,"hostname":"Mac.lan","msg":"[TestRegistry] Cleared all registrations"}
{"level":30,"time":1772985010221,"pid":3407,"hostname":"Mac.lan","key":"nativeSTT","priority":100,"testName":"unknown","msg":"[TestRegistry] Registered factory"}
{"level":30,"time":1772985010221,"pid":3407,"hostname":"Mac.lan","from":"IDLE","to":"ACTIVATING_MIC","event":"START_REQUESTED","msg":"[FSM] State transition: IDLE -> ACTIVATING_MIC"}
{"level":30,"time":1772985010221,"pid":3407,"hostname":"Mac.lan","msg":"Mocking microphone stream for TEST_ENVIRONMENT"}
{"level":30,"time":1772985010221,"pid":3407,"hostname":"Mac.lan","from":"ACTIVATING_MIC","to":"READY","event":"MIC_ACQUIRED","msg":"[FSM] State transition: ACTIVATING_MIC -> READY"}
{"level":30,"time":1772985010221,"pid":3407,"hostname":"Mac.lan","from":"READY","to":"INITIALIZING_ENGINE","event":"ENGINE_INIT_REQUESTED","msg":"[FSM] State transition: READY -> INITIALIZING_ENGINE"}
{"level":30,"time":1772985010221,"pid":3407,"hostname":"Mac.lan","policyId":"test","policyPref":"native","allowNative":true,"allowCloud":false,"allowPrivate":false,"msg":"[TranscriptionPolicy] Resolving mode:"}
{"level":30,"time":1772985010221,"pid":3407,"hostname":"Mac.lan","resolved":"native","source":"policy-preference","msg":"[TranscriptionPolicy] Resolved mode"}
{"level":30,"time":1772985010221,"pid":3407,"hostname":"Mac.lan","msg":"[TranscriptionService] Preparing engine for mode: native"}
{"level":30,"time":1772985010221,"pid":3407,"hostname":"Mac.lan","key":"nativeSTT","testName":"unknown","age":0,"msg":"[TestRegistry] Retrieved factory"}
{"level":30,"time":1772985010221,"pid":3407,"hostname":"Mac.lan","from":"INITIALIZING_ENGINE","to":"RECORDING","event":"ENGINE_STARTED","msg":"[FSM] State transition: INITIALIZING_ENGINE -> RECORDING"}
{"level":30,"time":1772985010421,"pid":3407,"hostname":"Mac.lan","from":"RECORDING","to":"STOPPING","event":"STOP_REQUESTED","msg":"[FSM] State transition: RECORDING -> STOPPING"}
{"level":40,"time":1772985010421,"pid":3407,"hostname":"Mac.lan","status":{"type":"idle","message":"Ready"},"msg":"[Store] ⚠️ Attempted to overwrite recording state"}
{"level":30,"time":1772985010421,"pid":3407,"hostname":"Mac.lan","from":"STOPPING","to":"READY","event":"STOP_COMPLETED","msg":"[FSM] State transition: STOPPING -> READY"}
{"level":30,"time":1772985010421,"pid":3407,"hostname":"Mac.lan","msg":"[TestRegistry] Cleared all registrations"}
{"level":30,"time":1772985010225,"pid":3407,"hostname":"Mac.lan","msg":"[TestRegistry] Cleared all registrations"}
{"level":30,"time":1772985010225,"pid":3407,"hostname":"Mac.lan","key":"cloudSTT","priority":100,"testName":"unknown","msg":"[TestRegistry] Registered factory"}
{"level":30,"time":1772985010225,"pid":3407,"hostname":"Mac.lan","from":"IDLE","to":"ACTIVATING_MIC","event":"START_REQUESTED","msg":"[FSM] State transition: IDLE -> ACTIVATING_MIC"}
{"level":30,"time":1772985010225,"pid":3407,"hostname":"Mac.lan","msg":"Mocking microphone stream for TEST_ENVIRONMENT"}
{"level":30,"time":1772985010225,"pid":3407,"hostname":"Mac.lan","from":"ACTIVATING_MIC","to":"READY","event":"MIC_ACQUIRED","msg":"[FSM] State transition: ACTIVATING_MIC -> READY"}
{"level":30,"time":1772985010225,"pid":3407,"hostname":"Mac.lan","from":"READY","to":"INITIALIZING_ENGINE","event":"ENGINE_INIT_REQUESTED","msg":"[FSM] State transition: READY -> INITIALIZING_ENGINE"}
{"level":30,"time":1772985010225,"pid":3407,"hostname":"Mac.lan","policyId":"test","policyPref":"cloud","allowNative":false,"allowCloud":true,"allowPrivate":false,"msg":"[TranscriptionPolicy] Resolving mode:"}
{"level":30,"time":1772985010225,"pid":3407,"hostname":"Mac.lan","resolved":"cloud","source":"policy-preference","msg":"[TranscriptionPolicy] Resolved mode"}
{"level":30,"time":1772985010225,"pid":3407,"hostname":"Mac.lan","msg":"[TranscriptionService] Preparing engine for mode: cloud"}
{"level":30,"time":1772985010225,"pid":3407,"hostname":"Mac.lan","key":"cloudSTT","testName":"unknown","age":0,"msg":"[TestRegistry] Retrieved factory"}
{"level":30,"time":1772985010225,"pid":3407,"hostname":"Mac.lan","from":"INITIALIZING_ENGINE","to":"RECORDING","event":"ENGINE_STARTED","msg":"[FSM] State transition: INITIALIZING_ENGINE -> RECORDING"}
{"level":30,"time":1772985010425,"pid":3407,"hostname":"Mac.lan","from":"RECORDING","to":"STOPPING","event":"STOP_REQUESTED","msg":"[FSM] State transition: RECORDING -> STOPPING"}
{"level":40,"time":1772985010425,"pid":3407,"hostname":"Mac.lan","status":{"type":"idle","message":"Ready"},"msg":"[Store] ⚠️ Attempted to overwrite recording state"}
{"level":30,"time":1772985010425,"pid":3407,"hostname":"Mac.lan","from":"STOPPING","to":"READY","event":"STOP_COMPLETED","msg":"[FSM] State transition: STOPPING -> READY"}
{"level":30,"time":1772985010425,"pid":3407,"hostname":"Mac.lan","msg":"[TestRegistry] Cleared all registrations"}
{"level":30,"time":1772985010226,"pid":3407,"hostname":"Mac.lan","msg":"[TestRegistry] Cleared all registrations"}
{"level":30,"time":1772985010226,"pid":3407,"hostname":"Mac.lan","key":"privateSTT","priority":100,"testName":"unknown","msg":"[TestRegistry] Registered factory"}
{"level":30,"time":1772985010226,"pid":3407,"hostname":"Mac.lan","from":"IDLE","to":"ACTIVATING_MIC","event":"START_REQUESTED","msg":"[FSM] State transition: IDLE -> ACTIVATING_MIC"}
{"level":30,"time":1772985010226,"pid":3407,"hostname":"Mac.lan","msg":"Mocking microphone stream for TEST_ENVIRONMENT"}
{"level":30,"time":1772985010226,"pid":3407,"hostname":"Mac.lan","from":"ACTIVATING_MIC","to":"READY","event":"MIC_ACQUIRED","msg":"[FSM] State transition: ACTIVATING_MIC -> READY"}
{"level":30,"time":1772985010226,"pid":3407,"hostname":"Mac.lan","from":"READY","to":"INITIALIZING_ENGINE","event":"ENGINE_INIT_REQUESTED","msg":"[FSM] State transition: READY -> INITIALIZING_ENGINE"}
{"level":30,"time":1772985010226,"pid":3407,"hostname":"Mac.lan","policyId":"test","policyPref":"private","allowNative":false,"allowCloud":false,"allowPrivate":true,"msg":"[TranscriptionPolicy] Resolving mode:"}
{"level":30,"time":1772985010226,"pid":3407,"hostname":"Mac.lan","resolved":"private","source":"policy-preference","msg":"[TranscriptionPolicy] Resolved mode"}
{"level":30,"time":1772985010226,"pid":3407,"hostname":"Mac.lan","msg":"[TranscriptionService] Preparing engine for mode: private"}
{"level":30,"time":1772985010226,"pid":3407,"hostname":"Mac.lan","key":"privateSTT","testName":"unknown","age":0,"msg":"[TestRegistry] Retrieved factory"}
{"level":30,"time":1772985010226,"pid":3407,"hostname":"Mac.lan","msg":"[TranscriptionService] 🧪 E2E Mode detected: DISABLING optimistic fallback. Waiting for full engine init."}
{"level":30,"time":1772985010226,"pid":3407,"hostname":"Mac.lan","from":"INITIALIZING_ENGINE","to":"RECORDING","event":"ENGINE_STARTED","msg":"[FSM] State transition: INITIALIZING_ENGINE -> RECORDING"}
{"level":30,"time":1772985010426,"pid":3407,"hostname":"Mac.lan","from":"RECORDING","to":"STOPPING","event":"STOP_REQUESTED","msg":"[FSM] State transition: RECORDING -> STOPPING"}
{"level":40,"time":1772985010426,"pid":3407,"hostname":"Mac.lan","status":{"type":"idle","message":"Ready"},"msg":"[Store] ⚠️ Attempted to overwrite recording state"}
{"level":30,"time":1772985010426,"pid":3407,"hostname":"Mac.lan","from":"STOPPING","to":"READY","event":"STOP_COMPLETED","msg":"[FSM] State transition: STOPPING -> READY"}
{"level":30,"time":1772985010426,"pid":3407,"hostname":"Mac.lan","msg":"[TestRegistry] Cleared all registrations"}
 [32m✓[39m frontend/src/services/transcription/__tests__/TranscriptionAccuracy.integration.test.ts [2m([22m[2m3 tests[22m[2m)[22m[32m 7[2mms[22m[39m
{"level":30,"time":1772985010614,"pid":3409,"hostname":"Mac.lan","attempt":1,"delayMs":100,"msg":"[fetchWithRetry] Retrying failed fetch"}
{"level":30,"time":1772985010714,"pid":3409,"hostname":"Mac.lan","attempt":2,"delayMs":200,"msg":"[fetchWithRetry] Retrying failed fetch"}
{"level":30,"time":1772985010615,"pid":3409,"hostname":"Mac.lan","attempt":1,"delayMs":100,"msg":"[fetchWithRetry] Retrying failed fetch"}
{"level":30,"time":1772985010715,"pid":3409,"hostname":"Mac.lan","attempt":2,"delayMs":200,"msg":"[fetchWithRetry] Retrying failed fetch"}
{"level":30,"time":1772985010616,"pid":3409,"hostname":"Mac.lan","attempt":1,"delayMs":100,"msg":"[fetchWithRetry] Retrying failed fetch"}
{"level":30,"time":1772985010716,"pid":3409,"hostname":"Mac.lan","attempt":2,"delayMs":200,"msg":"[fetchWithRetry] Retrying failed fetch"}
{"level":30,"time":1772985010616,"pid":3409,"hostname":"Mac.lan","attempt":1,"delayMs":100,"msg":"[fetchWithRetry] Retrying failed fetch"}
{"level":30,"time":1772985010617,"pid":3409,"hostname":"Mac.lan","attempt":1,"delayMs":500,"msg":"[fetchWithRetry] Retrying failed fetch"}
{"level":30,"time":1772985010617,"pid":3409,"hostname":"Mac.lan","attempt":1,"delayMs":100,"msg":"[fetchWithRetry] Retrying failed fetch"}
 [32m✓[39m frontend/src/utils/__tests__/fetchWithRetry.test.ts [2m([22m[2m7 tests[22m[2m)[22m[32m 8[2mms[22m[39m
 [32m✓[39m frontend/src/lib/__tests__/pdfGenerator.test.ts [2m([22m[2m3 tests[22m[2m)[22m[32m 9[2mms[22m[39m
{"level":30,"time":1772985011662,"pid":3413,"hostname":"Mac.lan","msg":"[TestRegistry] Cleared all registrations"}
{"level":30,"time":1772985011662,"pid":3413,"hostname":"Mac.lan","from":"IDLE","to":"ACTIVATING_MIC","event":"START_REQUESTED","msg":"[FSM] State transition: IDLE -> ACTIVATING_MIC"}
{"level":30,"time":1772985011662,"pid":3413,"hostname":"Mac.lan","from":"ACTIVATING_MIC","to":"READY","event":"MIC_ACQUIRED","msg":"[FSM] State transition: ACTIVATING_MIC -> READY"}
{"level":30,"time":1772985011662,"pid":3413,"hostname":"Mac.lan","key":"cloudSTT","priority":100,"testName":"unknown","msg":"[TestRegistry] Registered factory"}
{"level":30,"time":1772985011662,"pid":3413,"hostname":"Mac.lan","key":"privateSTT","priority":100,"testName":"unknown","msg":"[TestRegistry] Registered factory"}
{"level":30,"time":1772985011662,"pid":3413,"hostname":"Mac.lan","from":"READY","to":"INITIALIZING_ENGINE","event":"ENGINE_INIT_REQUESTED","msg":"[FSM] State transition: READY -> INITIALIZING_ENGINE"}
{"level":30,"time":1772985011662,"pid":3413,"hostname":"Mac.lan","policyId":"prod-free","policyPref":"cloud","allowNative":true,"allowCloud":true,"allowPrivate":true,"msg":"[TranscriptionPolicy] Resolving mode:"}
{"level":30,"time":1772985011662,"pid":3413,"hostname":"Mac.lan","resolved":"cloud","source":"policy-preference","msg":"[TranscriptionPolicy] Resolved mode"}
{"level":30,"time":1772985011662,"pid":3413,"hostname":"Mac.lan","msg":"[TranscriptionService] Preparing engine for mode: cloud"}
{"level":30,"time":1772985011662,"pid":3413,"hostname":"Mac.lan","key":"cloudSTT","testName":"unknown","age":0,"msg":"[TestRegistry] Retrieved factory"}
{"level":30,"time":1772985011662,"pid":3413,"hostname":"Mac.lan","from":"INITIALIZING_ENGINE","to":"RECORDING","event":"ENGINE_STARTED","msg":"[FSM] State transition: INITIALIZING_ENGINE -> RECORDING"}
{"level":30,"time":1772985011662,"pid":3413,"hostname":"Mac.lan","msg":"[TranscriptionService] Interrupting active session for new request"}
{"level":30,"time":1772985011662,"pid":3413,"hostname":"Mac.lan","msg":"[TranscriptionService] 🧹 Starting cleanup sequence"}
{"level":30,"time":1772985011662,"pid":3413,"hostname":"Mac.lan","from":"RECORDING","to":"CLEANING_UP","event":"TERMINATE_REQUESTED","msg":"[FSM] State transition: RECORDING -> CLEANING_UP"}
{"level":40,"time":1772985011662,"pid":3413,"hostname":"Mac.lan","status":{"type":"idle","message":"Ready"},"msg":"[Store] ⚠️ Attempted to overwrite recording state"}
{"level":30,"time":1772985011662,"pid":3413,"hostname":"Mac.lan","from":"CLEANING_UP","to":"IDLE","event":"RESET_REQUESTED","msg":"[FSM] State transition: CLEANING_UP -> IDLE"}
{"level":30,"time":1772985011662,"pid":3413,"hostname":"Mac.lan","msg":"[TranscriptionService] ✅ Cleanup complete"}
{"level":30,"time":1772985011662,"pid":3413,"hostname":"Mac.lan","from":"IDLE","to":"ACTIVATING_MIC","event":"START_REQUESTED","msg":"[FSM] State transition: IDLE -> ACTIVATING_MIC"}
{"level":30,"time":1772985011662,"pid":3413,"hostname":"Mac.lan","from":"ACTIVATING_MIC","to":"READY","event":"MIC_ACQUIRED","msg":"[FSM] State transition: ACTIVATING_MIC -> READY"}
{"level":30,"time":1772985011662,"pid":3413,"hostname":"Mac.lan","from":"READY","to":"INITIALIZING_ENGINE","event":"ENGINE_INIT_REQUESTED","msg":"[FSM] State transition: READY -> INITIALIZING_ENGINE"}
{"level":30,"time":1772985011662,"pid":3413,"hostname":"Mac.lan","policyId":"prod-free","policyPref":"private","allowNative":true,"allowCloud":true,"allowPrivate":true,"msg":"[TranscriptionPolicy] Resolving mode:"}
{"level":30,"time":1772985011662,"pid":3413,"hostname":"Mac.lan","resolved":"private","source":"policy-preference","msg":"[TranscriptionPolicy] Resolved mode"}
{"level":30,"time":1772985011662,"pid":3413,"hostname":"Mac.lan","msg":"[TranscriptionService] Preparing engine for mode: private"}
{"level":30,"time":1772985011662,"pid":3413,"hostname":"Mac.lan","key":"privateSTT","testName":"unknown","age":0,"msg":"[TestRegistry] Retrieved factory"}
{"level":30,"time":1772985011662,"pid":3413,"hostname":"Mac.lan","msg":"[TranscriptionService] 🧪 E2E Mode detected: DISABLING optimistic fallback. Waiting for full engine init."}
{"level":30,"time":1772985011662,"pid":3413,"hostname":"Mac.lan","from":"INITIALIZING_ENGINE","to":"RECORDING","event":"ENGINE_STARTED","msg":"[FSM] State transition: INITIALIZING_ENGINE -> RECORDING"}
{"level":30,"time":1772985011662,"pid":3413,"hostname":"Mac.lan","msg":"[TranscriptionService] 🧹 Starting cleanup sequence"}
{"level":30,"time":1772985011662,"pid":3413,"hostname":"Mac.lan","from":"RECORDING","to":"CLEANING_UP","event":"TERMINATE_REQUESTED","msg":"[FSM] State transition: RECORDING -> CLEANING_UP"}
{"level":40,"time":1772985011662,"pid":3413,"hostname":"Mac.lan","status":{"type":"idle","message":"Ready"},"msg":"[Store] ⚠️ Attempted to overwrite recording state"}
{"level":30,"time":1772985011662,"pid":3413,"hostname":"Mac.lan","from":"CLEANING_UP","to":"IDLE","event":"RESET_REQUESTED","msg":"[FSM] State transition: CLEANING_UP -> IDLE"}
{"level":30,"time":1772985011662,"pid":3413,"hostname":"Mac.lan","msg":"[TranscriptionService] ✅ Cleanup complete"}
{"level":30,"time":1772985011662,"pid":3413,"hostname":"Mac.lan","msg":"[TestRegistry] Cleared all registrations"}
{"level":30,"time":1772985011666,"pid":3413,"hostname":"Mac.lan","msg":"[TestRegistry] Cleared all registrations"}
{"level":30,"time":1772985011666,"pid":3413,"hostname":"Mac.lan","from":"IDLE","to":"ACTIVATING_MIC","event":"START_REQUESTED","msg":"[FSM] State transition: IDLE -> ACTIVATING_MIC"}
{"level":30,"time":1772985011666,"pid":3413,"hostname":"Mac.lan","from":"ACTIVATING_MIC","to":"READY","event":"MIC_ACQUIRED","msg":"[FSM] State transition: ACTIVATING_MIC -> READY"}
{"level":30,"time":1772985011666,"pid":3413,"hostname":"Mac.lan","key":"cloudSTT","priority":100,"testName":"unknown","msg":"[TestRegistry] Registered factory"}
{"level":30,"time":1772985011666,"pid":3413,"hostname":"Mac.lan","from":"READY","to":"INITIALIZING_ENGINE","event":"ENGINE_INIT_REQUESTED","msg":"[FSM] State transition: READY -> INITIALIZING_ENGINE"}
{"level":30,"time":1772985011666,"pid":3413,"hostname":"Mac.lan","policyId":"prod-free","policyPref":"cloud","allowNative":true,"allowCloud":true,"allowPrivate":true,"msg":"[TranscriptionPolicy] Resolving mode:"}
{"level":30,"time":1772985011666,"pid":3413,"hostname":"Mac.lan","resolved":"cloud","source":"policy-preference","msg":"[TranscriptionPolicy] Resolved mode"}
{"level":30,"time":1772985011666,"pid":3413,"hostname":"Mac.lan","msg":"[TranscriptionService] Preparing engine for mode: cloud"}
{"level":30,"time":1772985011666,"pid":3413,"hostname":"Mac.lan","key":"cloudSTT","testName":"unknown","age":0,"msg":"[TestRegistry] Retrieved factory"}
{"level":30,"time":1772985011666,"pid":3413,"hostname":"Mac.lan","from":"INITIALIZING_ENGINE","to":"RECORDING","event":"ENGINE_STARTED","msg":"[FSM] State transition: INITIALIZING_ENGINE -> RECORDING"}
{"level":30,"time":1772985011666,"pid":3413,"hostname":"Mac.lan","msg":"[TranscriptionService] 🧹 Starting cleanup sequence"}
{"level":30,"time":1772985011666,"pid":3413,"hostname":"Mac.lan","from":"RECORDING","to":"CLEANING_UP","event":"TERMINATE_REQUESTED","msg":"[FSM] State transition: RECORDING -> CLEANING_UP"}
{"level":40,"time":1772985011666,"pid":3413,"hostname":"Mac.lan","status":{"type":"idle","message":"Ready"},"msg":"[Store] ⚠️ Attempted to overwrite recording state"}
{"level":30,"time":1772985011716,"pid":3413,"hostname":"Mac.lan","from":"CLEANING_UP","to":"IDLE","event":"RESET_REQUESTED","msg":"[FSM] State transition: CLEANING_UP -> IDLE"}
{"level":30,"time":1772985011716,"pid":3413,"hostname":"Mac.lan","msg":"[TranscriptionService] ✅ Cleanup complete"}
{"level":30,"time":1772985011766,"pid":3413,"hostname":"Mac.lan","msg":"[TestRegistry] Cleared all registrations"}
{"level":30,"time":1772985011667,"pid":3413,"hostname":"Mac.lan","msg":"[TestRegistry] Cleared all registrations"}
{"level":30,"time":1772985011667,"pid":3413,"hostname":"Mac.lan","from":"IDLE","to":"ACTIVATING_MIC","event":"START_REQUESTED","msg":"[FSM] State transition: IDLE -> ACTIVATING_MIC"}
{"level":30,"time":1772985011667,"pid":3413,"hostname":"Mac.lan","from":"ACTIVATING_MIC","to":"READY","event":"MIC_ACQUIRED","msg":"[FSM] State transition: ACTIVATING_MIC -> READY"}
{"level":30,"time":1772985011667,"pid":3413,"hostname":"Mac.lan","key":"cloudSTT","priority":100,"testName":"unknown","msg":"[TestRegistry] Registered factory"}
{"level":30,"time":1772985011667,"pid":3413,"hostname":"Mac.lan","from":"READY","to":"INITIALIZING_ENGINE","event":"ENGINE_INIT_REQUESTED","msg":"[FSM] State transition: READY -> INITIALIZING_ENGINE"}
{"level":30,"time":1772985011667,"pid":3413,"hostname":"Mac.lan","policyId":"prod-free","policyPref":"cloud","allowNative":true,"allowCloud":true,"allowPrivate":true,"msg":"[TranscriptionPolicy] Resolving mode:"}
{"level":30,"time":1772985011667,"pid":3413,"hostname":"Mac.lan","resolved":"cloud","source":"policy-preference","msg":"[TranscriptionPolicy] Resolved mode"}
{"level":30,"time":1772985011667,"pid":3413,"hostname":"Mac.lan","msg":"[TranscriptionService] Preparing engine for mode: cloud"}
{"level":30,"time":1772985011667,"pid":3413,"hostname":"Mac.lan","key":"cloudSTT","testName":"unknown","age":0,"msg":"[TestRegistry] Retrieved factory"}
{"level":30,"time":1772985011667,"pid":3413,"hostname":"Mac.lan","from":"INITIALIZING_ENGINE","to":"RECORDING","event":"ENGINE_STARTED","msg":"[FSM] State transition: INITIALIZING_ENGINE -> RECORDING"}
{"level":30,"time":1772985011667,"pid":3413,"hostname":"Mac.lan","msg":"[TranscriptionService] 🧹 Starting cleanup sequence"}
{"level":30,"time":1772985011667,"pid":3413,"hostname":"Mac.lan","from":"RECORDING","to":"CLEANING_UP","event":"TERMINATE_REQUESTED","msg":"[FSM] State transition: RECORDING -> CLEANING_UP"}
{"level":40,"time":1772985011667,"pid":3413,"hostname":"Mac.lan","status":{"type":"idle","message":"Ready"},"msg":"[Store] ⚠️ Attempted to overwrite recording state"}
{"level":30,"time":1772985011667,"pid":3413,"hostname":"Mac.lan","from":"CLEANING_UP","to":"IDLE","event":"RESET_REQUESTED","msg":"[FSM] State transition: CLEANING_UP -> IDLE"}
{"level":30,"time":1772985011667,"pid":3413,"hostname":"Mac.lan","msg":"[TranscriptionService] ✅ Cleanup complete"}
{"level":30,"time":1772985011667,"pid":3413,"hostname":"Mac.lan","msg":"[TestRegistry] Cleared all registrations"}
 [32m✓[39m frontend/src/services/transcription/__tests__/TranscriptionService.zombie.test.ts [2m([22m[2m3 tests[22m[2m)[22m[32m 7[2mms[22m[39m
 [32m✓[39m frontend/src/lib/__tests__/globalErrorHandlers.test.ts [2m([22m[2m3 tests[22m[2m)[22m[32m 7[2mms[22m[39m
{"level":30,"time":1772985012420,"pid":3417,"hostname":"Mac.lan","userPref":"private","policyPref":"cloud","allowNative":true,"allowCloud":true,"allowPrivate":true,"msg":"[TranscriptionPolicy] Resolving mode:"}
{"level":30,"time":1772985012420,"pid":3417,"hostname":"Mac.lan","resolved":"private","source":"user-preference","msg":"[TranscriptionPolicy] Resolved mode"}
{"level":30,"time":1772985012421,"pid":3417,"hostname":"Mac.lan","userPref":"cloud","policyPref":"native","allowNative":true,"allowCloud":false,"allowPrivate":true,"msg":"[TranscriptionPolicy] Resolving mode:"}
{"level":30,"time":1772985012421,"pid":3417,"hostname":"Mac.lan","resolved":"native","source":"policy-preference","msg":"[TranscriptionPolicy] Resolved mode"}
{"level":30,"time":1772985012421,"pid":3417,"hostname":"Mac.lan","userPref":null,"policyPref":"cloud","allowNative":true,"allowCloud":true,"allowPrivate":false,"msg":"[TranscriptionPolicy] Resolving mode:"}
{"level":30,"time":1772985012421,"pid":3417,"hostname":"Mac.lan","resolved":"cloud","source":"policy-preference","msg":"[TranscriptionPolicy] Resolved mode"}
{"level":30,"time":1772985012421,"pid":3417,"hostname":"Mac.lan","policyPref":null,"allowNative":true,"allowCloud":true,"allowPrivate":true,"msg":"[TranscriptionPolicy] Resolving mode:"}
{"level":30,"time":1772985012421,"pid":3417,"hostname":"Mac.lan","resolved":"native","source":"fallback","msg":"[TranscriptionPolicy] Resolved mode"}
{"level":30,"time":1772985012421,"pid":3417,"hostname":"Mac.lan","policyPref":null,"allowNative":false,"allowCloud":true,"allowPrivate":true,"msg":"[TranscriptionPolicy] Resolving mode:"}
{"level":30,"time":1772985012421,"pid":3417,"hostname":"Mac.lan","resolved":"cloud","source":"fallback","msg":"[TranscriptionPolicy] Resolved mode"}
{"level":30,"time":1772985012421,"pid":3417,"hostname":"Mac.lan","policyPref":null,"allowNative":false,"allowCloud":false,"allowPrivate":true,"msg":"[TranscriptionPolicy] Resolving mode:"}
{"level":30,"time":1772985012421,"pid":3417,"hostname":"Mac.lan","resolved":"private","source":"fallback","msg":"[TranscriptionPolicy] Resolved mode"}
{"level":30,"time":1772985012422,"pid":3417,"hostname":"Mac.lan","policyPref":null,"allowNative":false,"allowCloud":false,"allowPrivate":false,"msg":"[TranscriptionPolicy] Resolving mode:"}
 [32m✓[39m frontend/src/services/transcription/__tests__/TranscriptionPolicy.test.ts [2m([22m[2m14 tests[22m[2m)[22m[32m 8[2mms[22m[39m
{"level":30,"time":1772985012797,"pid":3419,"hostname":"Mac.lan","msg":"[WhisperTurbo] [PERF] Initializing engine via Registry at 2026-03-08T15:50:12.797Z"}
{"level":30,"time":1772985012797,"pid":3419,"hostname":"Mac.lan","msg":"[WhisperTurbo] [PERF] Engine acquisition took 0.00ms"}
{"level":30,"time":1772985012799,"pid":3419,"hostname":"Mac.lan","msg":"[WhisperTurbo] [PERF] Initializing engine via Registry at 2026-03-08T15:50:12.799Z"}
{"level":30,"time":1772985012799,"pid":3419,"hostname":"Mac.lan","msg":"[WhisperTurbo] [PERF] Engine acquisition took 0.00ms"}
 [32m✓[39m frontend/src/services/transcription/engines/__tests__/WhisperTurboEngine.test.ts [2m([22m[2m2 tests[22m[2m)[22m[32m 6[2mms[22m[39m
{"level":30,"time":1772985013194,"pid":3421,"hostname":"Mac.lan","msg":"[TestRegistry] Cleared all registrations"}
{"level":30,"time":1772985013194,"pid":3421,"hostname":"Mac.lan","msg":"[EngineFactory] 🌐 Starting Native Browser mode"}
{"level":30,"time":1772985013195,"pid":3421,"hostname":"Mac.lan","msg":"[TestRegistry] Cleared all registrations"}
{"level":30,"time":1772985013195,"pid":3421,"hostname":"Mac.lan","key":"nativeSTT","priority":100,"testName":"unknown","msg":"[TestRegistry] Registered factory"}
{"level":30,"time":1772985013195,"pid":3421,"hostname":"Mac.lan","key":"nativeSTT","testName":"unknown","age":0,"msg":"[TestRegistry] Retrieved factory"}
{"level":30,"time":1772985013196,"pid":3421,"hostname":"Mac.lan","msg":"[TestRegistry] Cleared all registrations"}
{"level":30,"time":1772985013196,"pid":3421,"hostname":"Mac.lan","msg":"[EngineFactory] ☁️ Starting Cloud (AssemblyAI) mode"}
{"level":30,"time":1772985013196,"pid":3421,"hostname":"Mac.lan","msg":"[TestRegistry] Cleared all registrations"}
{"level":30,"time":1772985013196,"pid":3421,"hostname":"Mac.lan","key":"cloudSTT","priority":100,"testName":"unknown","msg":"[TestRegistry] Registered factory"}
{"level":30,"time":1772985013196,"pid":3421,"hostname":"Mac.lan","key":"cloudSTT","testName":"unknown","age":0,"msg":"[TestRegistry] Retrieved factory"}
{"level":30,"time":1772985013196,"pid":3421,"hostname":"Mac.lan","msg":"[TestRegistry] Cleared all registrations"}
 [32m✓[39m frontend/src/services/transcription/__tests__/EngineFactory.test.ts [2m([22m[2m5 tests[22m[2m)[22m[32m 7[2mms[22m[39m
{"level":30,"time":1772985013577,"pid":3423,"hostname":"Mac.lan","msg":"[PrivateSTT] 🚀 Automatic engine selection started..."}
{"level":30,"time":1772985013577,"pid":3423,"hostname":"Mac.lan","msg":"[PrivateSTT] 🧪 Test environment detected. Using MockEngine."}
{"level":30,"time":1772985013577,"pid":3423,"hostname":"Mac.lan","msg":"[PrivateSTT] 🛠️ Loading MockEngine..."}
{"level":30,"time":1772985013577,"pid":3423,"hostname":"Mac.lan","msg":"[PrivateSTT] ✅ MockEngine ready."}
{"level":30,"time":1772985013577,"pid":3423,"hostname":"Mac.lan","msg":"[PrivateSTT] MockEngine initialized successfully."}
{"level":30,"time":1772985013578,"pid":3423,"hostname":"Mac.lan","msg":"[PrivateSTT] 🚀 Automatic engine selection started..."}
{"level":30,"time":1772985013578,"pid":3423,"hostname":"Mac.lan","msg":"[PrivateSTT] 🧪 Test environment detected. Using MockEngine."}
{"level":30,"time":1772985013578,"pid":3423,"hostname":"Mac.lan","msg":"[PrivateSTT] 🛠️ Loading MockEngine..."}
{"level":30,"time":1772985013578,"pid":3423,"hostname":"Mac.lan","msg":"[PrivateSTT] ✅ MockEngine ready."}
{"level":30,"time":1772985013578,"pid":3423,"hostname":"Mac.lan","msg":"[PrivateSTT] MockEngine initialized successfully."}
{"level":30,"time":1772985013578,"pid":3423,"hostname":"Mac.lan","msg":"[PrivateSTT] 🚀 Automatic engine selection started..."}
{"level":30,"time":1772985013578,"pid":3423,"hostname":"Mac.lan","forceEngine":"whisper-turbo","msg":"[PrivateSTT] 🎯 Forcing engine"}
{"level":30,"time":1772985013578,"pid":3423,"hostname":"Mac.lan","msg":"[PrivateSTT] 📥 Importing WhisperTurbo engine..."}
{"level":30,"time":1772985013578,"pid":3423,"hostname":"Mac.lan","msg":"[PrivateSTT] ⏳ calling WhisperTurbo.init()..."}
{"level":30,"time":1772985013578,"pid":3423,"hostname":"Mac.lan","msg":"[PrivateSTT] WhisperTurbo engine initialized successfully."}
{"level":30,"time":1772985013578,"pid":3423,"hostname":"Mac.lan","msg":"[PrivateSTT] 🚀 Automatic engine selection started..."}
{"level":30,"time":1772985013578,"pid":3423,"hostname":"Mac.lan","forceEngine":"transformers-js","msg":"[PrivateSTT] 🎯 Forcing engine"}
{"level":30,"time":1772985013578,"pid":3423,"hostname":"Mac.lan","msg":"[PrivateSTT] 📥 Importing TransformersJS engine..."}
{"level":30,"time":1772985013578,"pid":3423,"hostname":"Mac.lan","msg":"[PrivateSTT] ⏳ calling TransformersJS.init()..."}
{"level":30,"time":1772985015578,"pid":3423,"hostname":"Mac.lan","msg":"[PrivateSTT] ✅ TransformersJS engine initialized successfully."}
{"level":30,"time":1772985015578,"pid":3423,"hostname":"Mac.lan","msg":"[PrivateSTT] TransformersJS engine initialized successfully."}
 [32m✓[39m frontend/src/services/transcription/engines/__tests__/PrivateSTT.test.ts [2m([22m[2m4 tests[22m[2m)[22m[32m 6[2mms[22m[39m
{"level":30,"time":1772985014136,"pid":3425,"hostname":"Mac.lan","msg":"[TestRegistry] Cleared all registrations"}
{"level":30,"time":1772985014136,"pid":3425,"hostname":"Mac.lan","from":"IDLE","to":"ACTIVATING_MIC","event":"START_REQUESTED","msg":"[FSM] State transition: IDLE -> ACTIVATING_MIC"}
{"level":30,"time":1772985014136,"pid":3425,"hostname":"Mac.lan","from":"ACTIVATING_MIC","to":"READY","event":"MIC_ACQUIRED","msg":"[FSM] State transition: ACTIVATING_MIC -> READY"}
{"level":30,"time":1772985014136,"pid":3425,"hostname":"Mac.lan","key":"nativeSTT","priority":100,"testName":"unknown","msg":"[TestRegistry] Registered factory"}
{"level":30,"time":1772985014136,"pid":3425,"hostname":"Mac.lan","from":"READY","to":"INITIALIZING_ENGINE","event":"ENGINE_INIT_REQUESTED","msg":"[FSM] State transition: READY -> INITIALIZING_ENGINE"}
{"level":30,"time":1772985014136,"pid":3425,"hostname":"Mac.lan","policyId":"test","policyPref":"native","allowNative":true,"allowCloud":false,"allowPrivate":false,"msg":"[TranscriptionPolicy] Resolving mode:"}
{"level":30,"time":1772985014136,"pid":3425,"hostname":"Mac.lan","resolved":"native","source":"policy-preference","msg":"[TranscriptionPolicy] Resolved mode"}
{"level":30,"time":1772985014136,"pid":3425,"hostname":"Mac.lan","msg":"[TranscriptionService] Preparing engine for mode: native"}
{"level":30,"time":1772985014136,"pid":3425,"hostname":"Mac.lan","key":"nativeSTT","testName":"unknown","age":0,"msg":"[TestRegistry] Retrieved factory"}
{"level":30,"time":1772985014136,"pid":3425,"hostname":"Mac.lan","from":"INITIALIZING_ENGINE","to":"RECORDING","event":"ENGINE_STARTED","msg":"[FSM] State transition: INITIALIZING_ENGINE -> RECORDING"}
{"level":30,"time":1772985014136,"pid":3425,"hostname":"Mac.lan","msg":"[TranscriptionService] 🧹 Starting cleanup sequence"}
{"level":30,"time":1772985014136,"pid":3425,"hostname":"Mac.lan","from":"RECORDING","to":"CLEANING_UP","event":"TERMINATE_REQUESTED","msg":"[FSM] State transition: RECORDING -> CLEANING_UP"}
{"level":40,"time":1772985014136,"pid":3425,"hostname":"Mac.lan","status":{"type":"idle","message":"Ready"},"msg":"[Store] ⚠️ Attempted to overwrite recording state"}
{"level":30,"time":1772985014186,"pid":3425,"hostname":"Mac.lan","from":"CLEANING_UP","to":"IDLE","event":"RESET_REQUESTED","msg":"[FSM] State transition: CLEANING_UP -> IDLE"}
{"level":30,"time":1772985014186,"pid":3425,"hostname":"Mac.lan","msg":"[TranscriptionService] ✅ Cleanup complete"}
{"level":30,"time":1772985014236,"pid":3425,"hostname":"Mac.lan","msg":"[TestRegistry] Cleared all registrations"}
{"level":30,"time":1772985014140,"pid":3425,"hostname":"Mac.lan","msg":"[TestRegistry] Cleared all registrations"}
{"level":30,"time":1772985014140,"pid":3425,"hostname":"Mac.lan","from":"IDLE","to":"ACTIVATING_MIC","event":"START_REQUESTED","msg":"[FSM] State transition: IDLE -> ACTIVATING_MIC"}
{"level":30,"time":1772985014140,"pid":3425,"hostname":"Mac.lan","from":"ACTIVATING_MIC","to":"READY","event":"MIC_ACQUIRED","msg":"[FSM] State transition: ACTIVATING_MIC -> READY"}
{"level":30,"time":1772985014140,"pid":3425,"hostname":"Mac.lan","key":"nativeSTT","priority":100,"testName":"unknown","msg":"[TestRegistry] Registered factory"}
{"level":30,"time":1772985014140,"pid":3425,"hostname":"Mac.lan","from":"IDLE","to":"ACTIVATING_MIC","event":"START_REQUESTED","msg":"[FSM] State transition: IDLE -> ACTIVATING_MIC"}
{"level":30,"time":1772985014140,"pid":3425,"hostname":"Mac.lan","from":"ACTIVATING_MIC","to":"READY","event":"MIC_ACQUIRED","msg":"[FSM] State transition: ACTIVATING_MIC -> READY"}
{"level":30,"time":1772985014140,"pid":3425,"hostname":"Mac.lan","msg":"[TranscriptionService] 🧹 Starting cleanup sequence"}
{"level":30,"time":1772985014140,"pid":3425,"hostname":"Mac.lan","from":"READY","to":"CLEANING_UP","event":"TERMINATE_REQUESTED","msg":"[FSM] State transition: READY -> CLEANING_UP"}
{"level":30,"time":1772985014140,"pid":3425,"hostname":"Mac.lan","from":"CLEANING_UP","to":"IDLE","event":"RESET_REQUESTED","msg":"[FSM] State transition: CLEANING_UP -> IDLE"}
{"level":30,"time":1772985014140,"pid":3425,"hostname":"Mac.lan","msg":"[TranscriptionService] ✅ Cleanup complete"}
{"level":30,"time":1772985014240,"pid":3425,"hostname":"Mac.lan","msg":"[TranscriptionService] 🧹 Starting cleanup sequence"}
{"level":30,"time":1772985014240,"pid":3425,"hostname":"Mac.lan","from":"READY","to":"CLEANING_UP","event":"TERMINATE_REQUESTED","msg":"[FSM] State transition: READY -> CLEANING_UP"}
{"level":30,"time":1772985014240,"pid":3425,"hostname":"Mac.lan","from":"CLEANING_UP","to":"IDLE","event":"RESET_REQUESTED","msg":"[FSM] State transition: CLEANING_UP -> IDLE"}
{"level":30,"time":1772985014240,"pid":3425,"hostname":"Mac.lan","msg":"[TranscriptionService] ✅ Cleanup complete"}
{"level":30,"time":1772985014240,"pid":3425,"hostname":"Mac.lan","msg":"[TestRegistry] Cleared all registrations"}
 [32m✓[39m frontend/src/services/transcription/__tests__/TranscriptionService.race.test.ts [2m([22m[2m2 tests[22m[2m)[22m[32m 7[2mms[22m[39m
{"level":30,"time":1772985014687,"pid":3427,"hostname":"Mac.lan","msg":"[TestRegistry] Cleared all registrations"}
{"level":30,"time":1772985014687,"pid":3427,"hostname":"Mac.lan","from":"IDLE","to":"ACTIVATING_MIC","event":"START_REQUESTED","msg":"[FSM] State transition: IDLE -> ACTIVATING_MIC"}
{"level":30,"time":1772985014687,"pid":3427,"hostname":"Mac.lan","from":"ACTIVATING_MIC","to":"READY","event":"MIC_ACQUIRED","msg":"[FSM] State transition: ACTIVATING_MIC -> READY"}
{"level":30,"time":1772985014687,"pid":3427,"hostname":"Mac.lan","key":"privateSTT","priority":100,"testName":"unknown","msg":"[TestRegistry] Registered factory"}
{"level":30,"time":1772985014687,"pid":3427,"hostname":"Mac.lan","key":"nativeSTT","priority":100,"testName":"unknown","msg":"[TestRegistry] Registered factory"}
{"level":30,"time":1772985014687,"pid":3427,"hostname":"Mac.lan","from":"READY","to":"INITIALIZING_ENGINE","event":"ENGINE_INIT_REQUESTED","msg":"[FSM] State transition: READY -> INITIALIZING_ENGINE"}
{"level":30,"time":1772985014687,"pid":3427,"hostname":"Mac.lan","policyId":"test-max-attempts","policyPref":"private","allowNative":true,"allowCloud":false,"allowPrivate":true,"msg":"[TranscriptionPolicy] Resolving mode:"}
{"level":30,"time":1772985014687,"pid":3427,"hostname":"Mac.lan","resolved":"private","source":"policy-preference","msg":"[TranscriptionPolicy] Resolved mode"}
{"level":40,"time":1772985014687,"pid":3427,"hostname":"Mac.lan","failures":3,"max":2,"msg":"[TranscriptionService] Max Private attempts reached. Forcing Native Fallback."}
{"level":30,"time":1772985014687,"pid":3427,"hostname":"Mac.lan","msg":"[TranscriptionService] Preparing engine for mode: native"}
{"level":30,"time":1772985014687,"pid":3427,"hostname":"Mac.lan","key":"nativeSTT","testName":"unknown","age":0,"msg":"[TestRegistry] Retrieved factory"}
{"level":30,"time":1772985014687,"pid":3427,"hostname":"Mac.lan","from":"INITIALIZING_ENGINE","to":"RECORDING","event":"ENGINE_STARTED","msg":"[FSM] State transition: INITIALIZING_ENGINE -> RECORDING"}
{"level":30,"time":1772985014687,"pid":3427,"hostname":"Mac.lan","msg":"[TranscriptionService] 🧹 Starting cleanup sequence"}
{"level":30,"time":1772985014687,"pid":3427,"hostname":"Mac.lan","from":"RECORDING","to":"CLEANING_UP","event":"TERMINATE_REQUESTED","msg":"[FSM] State transition: RECORDING -> CLEANING_UP"}
{"level":40,"time":1772985014687,"pid":3427,"hostname":"Mac.lan","status":{"type":"idle","message":"Ready"},"msg":"[Store] ⚠️ Attempted to overwrite recording state"}
{"level":30,"time":1772985014687,"pid":3427,"hostname":"Mac.lan","from":"CLEANING_UP","to":"IDLE","event":"RESET_REQUESTED","msg":"[FSM] State transition: CLEANING_UP -> IDLE"}
{"level":30,"time":1772985014687,"pid":3427,"hostname":"Mac.lan","msg":"[TranscriptionService] ✅ Cleanup complete"}
{"level":30,"time":1772985014687,"pid":3427,"hostname":"Mac.lan","msg":"[TestRegistry] Cleared all registrations"}
 [32m✓[39m frontend/src/services/transcription/__tests__/TranscriptionService.maxAttempts.test.ts [2m([22m[2m1 test[22m[2m)[22m[32m 5[2mms[22m[39m
 [32m✓[39m frontend/src/lib/__tests__/storage.validation.test.ts [2m([22m[2m2 tests[22m[2m)[22m[32m 6[2mms[22m[39m
 [32m✓[39m frontend/src/stores/__tests__/useSessionStore.test.ts [2m([22m[2m10 tests[22m[2m)[22m[32m 3[2mms[22m[39m
 [32m✓[39m frontend/src/components/session/__tests__/StatusNotificationBar.test.tsx [2m([22m[2m2 tests[22m[2m)[22m[32m 18[2mms[22m[39m

[31m⎯⎯⎯⎯⎯⎯[39m[1m[41m Failed Tests 19 [49m[22m[31m⎯⎯⎯⎯⎯⎯⎯[39m

[41m[1m FAIL [22m[49m frontend/src/hooks/__tests__/useSessionLifecycle.test.tsx[2m > [22museSessionLifecycle - Auto-Stop Logic[2m > [22mshould trigger handleStartStop when elapsed time exceeds limit
[31m[1mError[22m: useTranscriptionContext must be used within a TranscriptionProvider[39m
[36m [2m❯[22m useTranscriptionContext frontend/src/providers/useTranscriptionContext.ts:[2m7:15[22m[39m
    [90m  5| [39m    [35mconst[39m context [33m=[39m [34museContext[39m([33mTranscriptionContext[39m)[33m;[39m
    [90m  6| [39m    [35mif[39m ([33m![39mcontext) {
    [90m  7| [39m        throw new Error('useTranscriptionContext must be used within a…
    [90m   | [39m              [31m^[39m
    [90m  8| [39m    }
    [90m  9| [39m    [35mreturn[39m context[33m;[39m
[90m [2m❯[22m Module.useSessionLifecycle frontend/src/hooks/useSessionLifecycle.ts:[2m34:25[22m[39m
[90m [2m❯[22m frontend/src/hooks/__tests__/useSessionLifecycle.test.tsx:[2m232:26[22m[39m
[90m [2m❯[22m TestComponent node_modules/@testing-library/react/dist/pure.js:[2m309:27[22m[39m
[90m [2m❯[22m renderWithHooks node_modules/react-dom/cjs/react-dom.development.js:[2m15486:18[22m[39m
[90m [2m❯[22m mountIndeterminateComponent node_modules/react-dom/cjs/react-dom.development.js:[2m20103:13[22m[39m
[90m [2m❯[22m beginWork node_modules/react-dom/cjs/react-dom.development.js:[2m21626:16[22m[39m
[90m [2m❯[22m HTMLUnknownElement.callCallback node_modules/react-dom/cjs/react-dom.development.js:[2m4164:14[22m[39m
[90m [2m❯[22m HTMLUnknownElement.#callDispatchEventListeners node_modules/happy-dom/src/event/EventTarget.ts:[2m299:42[22m[39m
[90m [2m❯[22m HTMLUnknownElement.dispatchEvent node_modules/happy-dom/src/event/EventTarget.ts:[2m136:35[22m[39m

[31m[2m⎯⎯⎯⎯⎯⎯⎯⎯⎯⎯⎯⎯⎯⎯⎯⎯⎯⎯⎯⎯⎯⎯⎯[1/19]⎯[22m[39m

[41m[1m FAIL [22m[49m frontend/src/hooks/__tests__/useSessionLifecycle.test.tsx[2m > [22museSessionLifecycle - Auto-Stop Logic[2m > [22mshould NOT trigger stop when time remains
[31m[1mError[22m: useTranscriptionContext must be used within a TranscriptionProvider[39m
[36m [2m❯[22m useTranscriptionContext frontend/src/providers/useTranscriptionContext.ts:[2m7:15[22m[39m
    [90m  5| [39m    [35mconst[39m context [33m=[39m [34museContext[39m([33mTranscriptionContext[39m)[33m;[39m
    [90m  6| [39m    [35mif[39m ([33m![39mcontext) {
    [90m  7| [39m        throw new Error('useTranscriptionContext must be used within a…
    [90m   | [39m              [31m^[39m
    [90m  8| [39m    }
    [90m  9| [39m    [35mreturn[39m context[33m;[39m
[90m [2m❯[22m Module.useSessionLifecycle frontend/src/hooks/useSessionLifecycle.ts:[2m34:25[22m[39m
[90m [2m❯[22m frontend/src/hooks/__tests__/useSessionLifecycle.test.tsx:[2m281:26[22m[39m
[90m [2m❯[22m TestComponent node_modules/@testing-library/react/dist/pure.js:[2m309:27[22m[39m
[90m [2m❯[22m renderWithHooks node_modules/react-dom/cjs/react-dom.development.js:[2m15486:18[22m[39m
[90m [2m❯[22m mountIndeterminateComponent node_modules/react-dom/cjs/react-dom.development.js:[2m20103:13[22m[39m
[90m [2m❯[22m beginWork node_modules/react-dom/cjs/react-dom.development.js:[2m21626:16[22m[39m
[90m [2m❯[22m HTMLUnknownElement.callCallback node_modules/react-dom/cjs/react-dom.development.js:[2m4164:14[22m[39m
[90m [2m❯[22m HTMLUnknownElement.#callDispatchEventListeners node_modules/happy-dom/src/event/EventTarget.ts:[2m299:42[22m[39m
[90m [2m❯[22m HTMLUnknownElement.dispatchEvent node_modules/happy-dom/src/event/EventTarget.ts:[2m136:35[22m[39m

[31m[2m⎯⎯⎯⎯⎯⎯⎯⎯⎯⎯⎯⎯⎯⎯⎯⎯⎯⎯⎯⎯⎯⎯⎯[2/19]⎯[22m[39m

[41m[1m FAIL [22m[49m frontend/src/pages/__tests__/SessionPage.feedback.component.test.tsx[2m > [22mSessionPage Feedback Logic[2m > [22mshould show "Session too short" warning in status bar when stopped < 5s
[41m[1m FAIL [22m[49m frontend/src/pages/__tests__/SessionPage.feedback.component.test.tsx[2m > [22mSessionPage Feedback Logic[2m > [22mshould show "Session saved" success in status bar when stopped > 5s
[41m[1m FAIL [22m[49m frontend/src/pages/__tests__/SessionPage.feedback.component.test.tsx[2m > [22mSessionPage Feedback Logic[2m > [22mshould clear feedback message when new session starts
[31m[1mError[22m: useTranscriptionContext must be used within a TranscriptionProvider[39m
[36m [2m❯[22m useTranscriptionContext frontend/src/providers/useTranscriptionContext.ts:[2m7:15[22m[39m
    [90m  5| [39m    [35mconst[39m context [33m=[39m [34museContext[39m([33mTranscriptionContext[39m)[33m;[39m
    [90m  6| [39m    [35mif[39m ([33m![39mcontext) {
    [90m  7| [39m        throw new Error('useTranscriptionContext must be used within a…
    [90m   | [39m              [31m^[39m
    [90m  8| [39m    }
    [90m  9| [39m    [35mreturn[39m context[33m;[39m
[90m [2m❯[22m useSessionLifecycle frontend/src/hooks/useSessionLifecycle.ts:[2m34:25[22m[39m
[90m [2m❯[22m SessionPage frontend/src/pages/SessionPage.tsx:[2m54:9[22m[39m
[90m [2m❯[22m renderWithHooks node_modules/react-dom/cjs/react-dom.development.js:[2m15486:18[22m[39m
[90m [2m❯[22m mountIndeterminateComponent node_modules/react-dom/cjs/react-dom.development.js:[2m20103:13[22m[39m
[90m [2m❯[22m beginWork node_modules/react-dom/cjs/react-dom.development.js:[2m21626:16[22m[39m
[90m [2m❯[22m HTMLUnknownElement.callCallback node_modules/react-dom/cjs/react-dom.development.js:[2m4164:14[22m[39m
[90m [2m❯[22m HTMLUnknownElement.#callDispatchEventListeners node_modules/happy-dom/src/event/EventTarget.ts:[2m299:42[22m[39m
[90m [2m❯[22m HTMLUnknownElement.dispatchEvent node_modules/happy-dom/src/event/EventTarget.ts:[2m136:35[22m[39m
[90m [2m❯[22m HTMLUnknownElement.#goThroughDispatchEventPhases node_modules/happy-dom/src/event/EventTarget.ts:[2m208:33[22m[39m

[31m[2m⎯⎯⎯⎯⎯⎯⎯⎯⎯⎯⎯⎯⎯⎯⎯⎯⎯⎯⎯⎯⎯⎯⎯[3/19]⎯[22m[39m

[41m[1m FAIL [22m[49m frontend/src/pages/__tests__/SessionPage.timer.component.test.tsx[2m > [22museSessionLifecycle Timer Logic[2m > [22mshould update elapsed time when listening
[31m[1mError[22m: useTranscriptionContext must be used within a TranscriptionProvider[39m
[36m [2m❯[22m useTranscriptionContext frontend/src/providers/useTranscriptionContext.ts:[2m7:15[22m[39m
    [90m  5| [39m    [35mconst[39m context [33m=[39m [34museContext[39m([33mTranscriptionContext[39m)[33m;[39m
    [90m  6| [39m    [35mif[39m ([33m![39mcontext) {
    [90m  7| [39m        throw new Error('useTranscriptionContext must be used within a…
    [90m   | [39m              [31m^[39m
    [90m  8| [39m    }
    [90m  9| [39m    [35mreturn[39m context[33m;[39m
[90m [2m❯[22m Module.useSessionLifecycle frontend/src/hooks/useSessionLifecycle.ts:[2m34:25[22m[39m
[90m [2m❯[22m frontend/src/pages/__tests__/SessionPage.timer.component.test.tsx:[2m159:26[22m[39m
[90m [2m❯[22m TestComponent node_modules/@testing-library/react/dist/pure.js:[2m309:27[22m[39m
[90m [2m❯[22m renderWithHooks node_modules/react-dom/cjs/react-dom.development.js:[2m15486:18[22m[39m
[90m [2m❯[22m mountIndeterminateComponent node_modules/react-dom/cjs/react-dom.development.js:[2m20103:13[22m[39m
[90m [2m❯[22m beginWork node_modules/react-dom/cjs/react-dom.development.js:[2m21626:16[22m[39m
[90m [2m❯[22m HTMLUnknownElement.callCallback node_modules/react-dom/cjs/react-dom.development.js:[2m4164:14[22m[39m
[90m [2m❯[22m HTMLUnknownElement.#callDispatchEventListeners node_modules/happy-dom/src/event/EventTarget.ts:[2m299:42[22m[39m
[90m [2m❯[22m HTMLUnknownElement.dispatchEvent node_modules/happy-dom/src/event/EventTarget.ts:[2m136:35[22m[39m

[31m[2m⎯⎯⎯⎯⎯⎯⎯⎯⎯⎯⎯⎯⎯⎯⎯⎯⎯⎯⎯⎯⎯⎯⎯[4/19]⎯[22m[39m

[41m[1m FAIL [22m[49m frontend/src/pages/__tests__/SessionPage.timer.component.test.tsx[2m > [22museSessionLifecycle Timer Logic[2m > [22mshould reset elapsed time when stopped (on mount)
[31m[1mError[22m: useTranscriptionContext must be used within a TranscriptionProvider[39m
[36m [2m❯[22m useTranscriptionContext frontend/src/providers/useTranscriptionContext.ts:[2m7:15[22m[39m
    [90m  5| [39m    [35mconst[39m context [33m=[39m [34museContext[39m([33mTranscriptionContext[39m)[33m;[39m
    [90m  6| [39m    [35mif[39m ([33m![39mcontext) {
    [90m  7| [39m        throw new Error('useTranscriptionContext must be used within a…
    [90m   | [39m              [31m^[39m
    [90m  8| [39m    }
    [90m  9| [39m    [35mreturn[39m context[33m;[39m
[90m [2m❯[22m Module.useSessionLifecycle frontend/src/hooks/useSessionLifecycle.ts:[2m34:25[22m[39m
[90m [2m❯[22m frontend/src/pages/__tests__/SessionPage.timer.component.test.tsx:[2m182:26[22m[39m
[90m [2m❯[22m TestComponent node_modules/@testing-library/react/dist/pure.js:[2m309:27[22m[39m
[90m [2m❯[22m renderWithHooks node_modules/react-dom/cjs/react-dom.development.js:[2m15486:18[22m[39m
[90m [2m❯[22m mountIndeterminateComponent node_modules/react-dom/cjs/react-dom.development.js:[2m20103:13[22m[39m
[90m [2m❯[22m beginWork node_modules/react-dom/cjs/react-dom.development.js:[2m21626:16[22m[39m
[90m [2m❯[22m HTMLUnknownElement.callCallback node_modules/react-dom/cjs/react-dom.development.js:[2m4164:14[22m[39m
[90m [2m❯[22m HTMLUnknownElement.#callDispatchEventListeners node_modules/happy-dom/src/event/EventTarget.ts:[2m299:42[22m[39m
[90m [2m❯[22m HTMLUnknownElement.dispatchEvent node_modules/happy-dom/src/event/EventTarget.ts:[2m136:35[22m[39m

[31m[2m⎯⎯⎯⎯⎯⎯⎯⎯⎯⎯⎯⎯⎯⎯⎯⎯⎯⎯⎯⎯⎯⎯⎯[5/19]⎯[22m[39m

[41m[1m FAIL [22m[49m frontend/src/pages/__tests__/SessionPage.ui.component.test.tsx[2m > [22mSessionPage - STT Mode Selection UI[2m > [22mshould disable Pro options (Private, Cloud) for Free users
[31m[1mTestingLibraryElementError[22m[39m: Unable to find an element with the text: Private. This could be because the text is broken up by multiple elements. In this case, you can provide a function for your text matcher to make your matcher more flexible.

Ignored nodes: comments, script, style
[36m<body[39m
  [33mdata-scroll-locked[39m=[32m"1"[39m
  [33mstyle[39m=[32m"pointer-events: none;"[39m
[36m>[39m
  [36m<span[39m
    [33maria-hidden[39m=[32m"true"[39m
    [33mdata-aria-hidden[39m=[32m"true"[39m
    [33mdata-radix-focus-guard[39m=[32m""[39m
    [33mstyle[39m=[32m"opacity: 0; position: fixed; pointer-events: none; outline-color: none; outline-style: none; outline-width: initial;"[39m
    [33mtabindex[39m=[32m"0"[39m
  [36m/>[39m
  [36m<div>[39m
    [36m<main[39m
      [33maria-label[39m=[32m"Practice Session"[39m
      [33mclass[39m=[32m"min-h-screen bg-gradient-subtle pt-20"[39m
      [33mdata-testid[39m=[32m"session-page"[39m
    [36m>[39m
      [36m<div[39m
        [33maria-hidden[39m=[32m"true"[39m
        [33mclass[39m=[32m"text-center py-4 px-6 max-w-7xl mx-auto"[39m
        [33mdata-aria-hidden[39m=[32m"true"[39m
      [36m>[39m
        [36m<h1[39m
          [33mclass[39m=[32m"text-2xl font-bold text-foreground mb-1"[39m
        [36m>[39m
          [0mPractice Session[0m
        [36m</h1>[39m
        [36m<p[39m
          [33mclass[39m=[32m"text-xs text-muted-foreground"[39m
        [36m>[39m
          [0mWe'll analyze your speech patterns in real-time[0m
        [36m</p>[39m
      [36m</div>[39m
      [36m<div[39m
        [33mclass[39m=[32m"max-w-7xl mx-auto px-6 mb-0"[39m
      [36m>[39m
        [36m<div[39m
          [33maria-live[39m=[32m"polite"[39m
          [33mclass[39m=[32m"flex items-center gap-4 w-full px-5 py-2 rounded-t-xl border-b border-white/5 bg-emerald-500/10 border-emerald-500/20 shadow-sm backdrop-blur-xl shadow-lg transition-all duration-300"[39m
          [33mdata-engine[39m=[32m"none"[39m
          [33mdata-state[39m=[32m"ready"[39m
          [33mdata-testid[39m=[32m"stt-status-bar"[39m
          [33mrole[39m=[32m"status"[39m
        [36m>[39m
          [36m<div[39m
            [33mclass[39m=[32m"flex items-center gap-3"[39m
            [33mdata-testid[39m=[32m"session-status-indicator"[39m
          [36m>[39m
            [36m<div[39m
              [33mclass[39m=[32m"relative"[39m
            [36m>[39m
              [36m<svg[39m
                [33maria-hidden[39m=[32m"true"[39m
                [33mclass[39m=[32m"lucide lucide-circle-check h-5 w-5 text-emerald-500 font-bold"[39m
                [33mfill[39m=[32m"none"[39m
                [33mheight[39m=[32m"24"[39m
                [33mstroke[39m=[32m"currentColor"[39m
                [33mstroke-linecap[39m=[32m"round"[39m
                [33mstroke-linejoin[39m=[32m"round"[39m
                [33mstroke-width[39m=[32m"2"[39m
                [33mviewBox[39m=[32m"0 0 24 24"[39m
                [33mwidth[39m=[32m"24"[39m
                [33mxmlns[39m=[32m"http://www.w3.org/2000/svg"[39m
              [36m>[39m
                [36m<circle[39m
                  [33mcx[39m=[32m"12"[39m
                  [33mcy[39m=[32m"12"[39m
                  [33mr[39m=[32m"10"[39m
                [36m/>[39m
                [36m<path[39m
                  [33md[39m=[32m"m9 12 2 2 4-4"[39m
                [36m/>[39m
              [36m</svg>[39m
            [36m</div>[39m
            [36m<div[39m
              [33mclass[39m=[32m"flex flex-col"[39m
            [36m>[39m
              [36m<span[39m
                [33mclass[39m=[32m"text-xs font-black uppercase tracking-widest text-emerald-500 font-bold"[39m
                [33mdata-testid[39m=[32m"status-message-text"[39m
              [36m>[39m
                [0mReady to record[0m
              [36m</span>[39m
            [36m</div>[39m
          [36m</div>[39m
          [36m<div[39m
            [33mclass[39m=[32m"flex-1"[39m
          [36m/>[39m
        [36m</div>[39m
      [36m</div>[39m
      [36m<div[39m
        [33mclass[39m=[32m"max-w-7xl mx-auto px-6 pb-6 mt-0"[39m
      [36m>[39m
        [36m<div[39m
          [33mclass[39m=[32m"grid lg:grid-cols-3 gap-6 pt-6"[39m
        [36m>[39m
          [36m<div[39m
            [33maria-hidden[39m=[32m"true"[39m
            [33mclass[39m=[32m"lg:col-span-2 grid grid-cols-1 md:grid-cols-2 gap-6"[39m
            [33mdata-aria-hidden[39m=[32m"true"[39m
          [36m>[39m
            [36m<div[39m
              [33mclass[39m=[32m"bg-primary/5 border border-primary/20 rounded-2xl p-8 shadow-[0_0_40px_-10px_rgba(251,191,36,0.15)] relative z-10 h-full flex flex-col items-center justify-center text-center gap-4 min-h-half"[39m
              [33mdata-testid[39m=[32m"live-recording-card"[39m
            [36m>[39m
              [36m<div[39m
                [33mclass[39m=[32m"flex items-center justify-center gap-6 w-full translate-x-[-10px]"[39m
              [36m>[39m
                [0m [0m
                [36m<div[39m
                  [33mclass[39m=[32m"flex flex-col items-start gap-1 flex-shrink-0 min-w-0"[39m
                [36m>[39m
                  [36m<div[39m
                    [33mclass[39m=[32m"inline-flex items-center gap-1.5 px-2 py-0.5 rounded-full bg-emerald-500/10 border border-emerald-500/20 text-[7px] font-black text-emerald-500 uppercase tracking-tighter"[39m
                    [33mdata-state[39m=[32m"secure"[39m
                  [36m>[39m
                    [36m<svg[39m
                      [33maria-hidden[39m=[32m"true"[39m
                      [33mclass[39m=[32m"lucide lucide-shield h-2 w-2 fill-emerald-500/10"[39m
                      [33mfill[39m=[32m"none"[39m
                      [33mheight[39m=[32m"24"[39m
                      [33mstroke[39m=[32m"currentColor"[39m
                      [33mstroke-linecap[39m=[32m"round"[39m
                      [33mstroke-linejoin[39m=[32m"round"[39m
                      [33mstroke-width[39m=[32m"2"[39m
                      [33mviewBox[39m=[32m"0 0 24 24"[39m
                      [33mwidth[39m=[32m"24"[39m
                      [33mxmlns[39m=[32m"http://www.w3.org/2000/svg"[39m
                    [36m>[39m
                      [36m<path[39m
                        [33md[39m=[32m"M20 13c0 5-3.5 7.5-7.66 8.95a1 1 0 0 1-.67-.01C7.5 20.5 4 18 4 13V6a1 1 0 0 1 1-1c2 0 4.5-1.2 6.24-2.72a1.17 1.17 0 0 1 1.52 0C14.51 3.81 17 5 19 5a1 1 0 0 1 1 1z"[39m
                      [36m/>[39m
                    [36m</svg>[39m
                    [36m<span>[39m
                      [0mSECURE[0m
                    [36m</span>[39m
                  [36m</div>[39m
                  [36m<button[39m
                    [33maria-controls[39m=[32m"radix-:r1:"[39m
                    [33maria-expanded[39m=[32m"true"[39m
                    [33maria-haspopup[39m=[32m"menu"[39m
                    [33mclass[39m=[32m"inline-flex items-center ...

Ignored nodes: comments, script, style
[36m<body[39m
  [33mdata-scroll-locked[39m=[32m"1"[39m
  [33mstyle[39m=[32m"pointer-events: none;"[39m
[36m>[39m
  [36m<span[39m
    [33maria-hidden[39m=[32m"true"[39m
    [33mdata-aria-hidden[39m=[32m"true"[39m
    [33mdata-radix-focus-guard[39m=[32m""[39m
    [33mstyle[39m=[32m"opacity: 0; position: fixed; pointer-events: none; outline-color: none; outline-style: none; outline-width: initial;"[39m
    [33mtabindex[39m=[32m"0"[39m
  [36m/>[39m
  [36m<div>[39m
    [36m<main[39m
      [33maria-label[39m=[32m"Practice Session"[39m
      [33mclass[39m=[32m"min-h-screen bg-gradient-subtle pt-20"[39m
      [33mdata-testid[39m=[32m"session-page"[39m
    [36m>[39m
      [36m<div[39m
        [33maria-hidden[39m=[32m"true"[39m
        [33mclass[39m=[32m"text-center py-4 px-6 max-w-7xl mx-auto"[39m
        [33mdata-aria-hidden[39m=[32m"true"[39m
      [36m>[39m
        [36m<h1[39m
          [33mclass[39m=[32m"text-2xl font-bold text-foreground mb-1"[39m
        [36m>[39m
          [0mPractice Session[0m
        [36m</h1>[39m
        [36m<p[39m
          [33mclass[39m=[32m"text-xs text-muted-foreground"[39m
        [36m>[39m
          [0mWe'll analyze your speech patterns in real-time[0m
        [36m</p>[39m
      [36m</div>[39m
      [36m<div[39m
        [33mclass[39m=[32m"max-w-7xl mx-auto px-6 mb-0"[39m
      [36m>[39m
        [36m<div[39m
          [33maria-live[39m=[32m"polite"[39m
          [33mclass[39m=[32m"flex items-center gap-4 w-full px-5 py-2 rounded-t-xl border-b border-white/5 bg-emerald-500/10 border-emerald-500/20 shadow-sm backdrop-blur-xl shadow-lg transition-all duration-300"[39m
          [33mdata-engine[39m=[32m"none"[39m
          [33mdata-state[39m=[32m"ready"[39m
          [33mdata-testid[39m=[32m"stt-status-bar"[39m
          [33mrole[39m=[32m"status"[39m
        [36m>[39m
          [36m<div[39m
            [33mclass[39m=[32m"flex items-center gap-3"[39m
            [33mdata-testid[39m=[32m"session-status-indicator"[39m
          [36m>[39m
            [36m<div[39m
              [33mclass[39m=[32m"relative"[39m
            [36m>[39m
              [36m<svg[39m
                [33maria-hidden[39m=[32m"true"[39m
                [33mclass[39m=[32m"lucide lucide-circle-check h-5 w-5 text-emerald-500 font-bold"[39m
                [33mfill[39m=[32m"none"[39m
                [33mheight[39m=[32m"24"[39m
                [33mstroke[39m=[32m"currentColor"[39m
                [33mstroke-linecap[39m=[32m"round"[39m
                [33mstroke-linejoin[39m=[32m"round"[39m
                [33mstroke-width[39m=[32m"2"[39m
                [33mviewBox[39m=[32m"0 0 24 24"[39m
                [33mwidth[39m=[32m"24"[39m
                [33mxmlns[39m=[32m"http://www.w3.org/2000/svg"[39m
              [36m>[39m
                [36m<circle[39m
                  [33mcx[39m=[32m"12"[39m
                  [33mcy[39m=[32m"12"[39m
                  [33mr[39m=[32m"10"[39m
                [36m/>[39m
                [36m<path[39m
                  [33md[39m=[32m"m9 12 2 2 4-4"[39m
                [36m/>[39m
              [36m</svg>[39m
            [36m</div>[39m
            [36m<div[39m
              [33mclass[39m=[32m"flex flex-col"[39m
            [36m>[39m
              [36m<span[39m
                [33mclass[39m=[32m"text-xs font-black uppercase tracking-widest text-emerald-500 font-bold"[39m
                [33mdata-testid[39m=[32m"status-message-text"[39m
              [36m>[39m
                [0mReady to record[0m
              [36m</span>[39m
            [36m</div>[39m
          [36m</div>[39m
          [36m<div[39m
            [33mclass[39m=[32m"flex-1"[39m
          [36m/>[39m
        [36m</div>[39m
      [36m</div>[39m
      [36m<div[39m
        [33mclass[39m=[32m"max-w-7xl mx-auto px-6 pb-6 mt-0"[39m
      [36m>[39m
        [36m<div[39m
          [33mclass[39m=[32m"grid lg:grid-cols-3 gap-6 pt-6"[39m
        [36m>[39m
          [36m<div[39m
            [33maria-hidden[39m=[32m"true"[39m
            [33mclass[39m=[32m"lg:col-span-2 grid grid-cols-1 md:grid-cols-2 gap-6"[39m
            [33mdata-aria-hidden[39m=[32m"true"[39m
          [36m>[39m
            [36m<div[39m
              [33mclass[39m=[32m"bg-primary/5 border border-primary/20 rounded-2xl p-8 shadow-[0_0_40px_-10px_rgba(251,191,36,0.15)] relative z-10 h-full flex flex-col items-center justify-center text-center gap-4 min-h-half"[39m
              [33mdata-testid[39m=[32m"live-recording-card"[39m
            [36m>[39m
              [36m<div[39m
                [33mclass[39m=[32m"flex items-center justify-center gap-6 w-full translate-x-[-10px]"[39m
              [36m>[39m
                [0m [0m
                [36m<div[39m
                  [33mclass[39m=[32m"flex flex-col items-start gap-1 flex-shrink-0 min-w-0"[39m
                [36m>[39m
                  [36m<div[39m
                    [33mclass[39m=[32m"inline-flex items-center gap-1.5 px-2 py-0.5 rounded-full bg-emerald-500/10 border border-emerald-500/20 text-[7px] font-black text-emerald-500 uppercase tracking-tighter"[39m
                    [33mdata-state[39m=[32m"secure"[39m
                  [36m>[39m
                    [36m<svg[39m
                      [33maria-hidden[39m=[32m"true"[39m
                      [33mclass[39m=[32m"lucide lucide-shield h-2 w-2 fill-emerald-500/10"[39m
                      [33mfill[39m=[32m"none"[39m
                      [33mheight[39m=[32m"24"[39m
                      [33mstroke[39m=[32m"currentColor"[39m
                      [33mstroke-linecap[39m=[32m"round"[39m
                      [33mstroke-linejoin[39m=[32m"round"[39m
                      [33mstroke-width[39m=[32m"2"[39m
                      [33mviewBox[39m=[32m"0 0 24 24"[39m
                      [33mwidth[39m=[32m"24"[39m
                      [33mxmlns[39m=[32m"http://www.w3.org/2000/svg"[39m
                    [36m>[39m
                      [36m<path[39m
                        [33md[39m=[32m"M20 13c0 5-3.5 7.5-7.66 8.95a1 1 0 0 1-.67-.01C7.5 20.5 4 18 4 13V6a1 1 0 0 1 1-1c2 0 4.5-1.2 6.24-2.72a1.17 1.17 0 0 1 1.52 0C14.51 3.81 17 5 19 5a1 1 0 0 1 1 1z"[39m
                      [36m/>[39m
                    [36m</svg>[39m
                    [36m<span>[39m
                      [0mSECURE[0m
                    [36m</span>[39m
                  [36m</div>[39m
                  [36m<button[39m
                    [33maria-controls[39m=[32m"radix-:r1:"[39m
                    [33maria-expanded[39m=[32m"true"[39m
                    [33maria-haspopup[39m=[32m"menu"[39m
                    [33mclass[39m=[32m"inline-flex items-center ...
[90m [2m❯[22m waitForWrapper node_modules/@testing-library/dom/dist/wait-for.js:[2m163:27[22m[39m
[90m [2m❯[22m node_modules/@testing-library/dom/dist/query-helpers.js:[2m86:33[22m[39m
[36m [2m❯[22m frontend/src/pages/__tests__/SessionPage.ui.component.test.tsx:[2m124:43[22m[39m
    [90m122| [39m        // Radix UI renders content in a specific way, userEvent shoul…
    [90m123| [39m        // Wait for items to appear - Free users see "Private" and "Cl…
    [90m124| [39m        [35mconst[39m onDeviceItem [33m=[39m [35mawait[39m screen[33m.[39m[34mfindByText[39m([32m'Private'[39m)[33m;[39m
    [90m   | [39m                                          [31m^[39m
    [90m125| [39m        [35mconst[39m cloudItem [33m=[39m [35mawait[39m screen[33m.[39m[34mfindByText[39m([32m'Cloud'[39m)[33m;[39m
    [90m126| [39m

[31m[2m⎯⎯⎯⎯⎯⎯⎯⎯⎯⎯⎯⎯⎯⎯⎯⎯⎯⎯⎯⎯⎯⎯⎯[6/19]⎯[22m[39m

[41m[1m FAIL [22m[49m frontend/src/pages/__tests__/SessionPage.ui.component.test.tsx[2m > [22mSessionPage - STT Mode Selection UI[2m > [22mshould enable options for Pro users
[31m[1mTestingLibraryElementError[22m[39m: Unable to find an element with the text: Private. This could be because the text is broken up by multiple elements. In this case, you can provide a function for your text matcher to make your matcher more flexible.

Ignored nodes: comments, script, style
[36m<body[39m
  [33mdata-scroll-locked[39m=[32m"1"[39m
  [33mstyle[39m=[32m"pointer-events: none;"[39m
[36m>[39m
  [36m<span[39m
    [33maria-hidden[39m=[32m"true"[39m
    [33mdata-aria-hidden[39m=[32m"true"[39m
    [33mdata-radix-focus-guard[39m=[32m""[39m
    [33mstyle[39m=[32m"opacity: 0; position: fixed; pointer-events: none; outline-color: none; outline-style: none; outline-width: initial;"[39m
    [33mtabindex[39m=[32m"0"[39m
  [36m/>[39m
  [36m<div>[39m
    [36m<main[39m
      [33maria-label[39m=[32m"Practice Session"[39m
      [33mclass[39m=[32m"min-h-screen bg-gradient-subtle pt-20"[39m
      [33mdata-testid[39m=[32m"session-page"[39m
    [36m>[39m
      [36m<div[39m
        [33maria-hidden[39m=[32m"true"[39m
        [33mclass[39m=[32m"text-center py-4 px-6 max-w-7xl mx-auto"[39m
        [33mdata-aria-hidden[39m=[32m"true"[39m
      [36m>[39m
        [36m<h1[39m
          [33mclass[39m=[32m"text-2xl font-bold text-foreground mb-1"[39m
        [36m>[39m
          [0mPractice Session[0m
        [36m</h1>[39m
        [36m<p[39m
          [33mclass[39m=[32m"text-xs text-muted-foreground"[39m
        [36m>[39m
          [0mWe'll analyze your speech patterns in real-time[0m
        [36m</p>[39m
      [36m</div>[39m
      [36m<div[39m
        [33mclass[39m=[32m"max-w-7xl mx-auto px-6 mb-0"[39m
      [36m>[39m
        [36m<div[39m
          [33maria-live[39m=[32m"polite"[39m
          [33mclass[39m=[32m"flex items-center gap-4 w-full px-5 py-2 rounded-t-xl border-b border-white/5 bg-emerald-500/10 border-emerald-500/20 shadow-sm backdrop-blur-xl shadow-lg transition-all duration-300"[39m
          [33mdata-engine[39m=[32m"none"[39m
          [33mdata-state[39m=[32m"ready"[39m
          [33mdata-testid[39m=[32m"stt-status-bar"[39m
          [33mrole[39m=[32m"status"[39m
        [36m>[39m
          [36m<div[39m
            [33mclass[39m=[32m"flex items-center gap-3"[39m
            [33mdata-testid[39m=[32m"session-status-indicator"[39m
          [36m>[39m
            [36m<div[39m
              [33mclass[39m=[32m"relative"[39m
            [36m>[39m
              [36m<svg[39m
                [33maria-hidden[39m=[32m"true"[39m
                [33mclass[39m=[32m"lucide lucide-circle-check h-5 w-5 text-emerald-500 font-bold"[39m
                [33mfill[39m=[32m"none"[39m
                [33mheight[39m=[32m"24"[39m
                [33mstroke[39m=[32m"currentColor"[39m
                [33mstroke-linecap[39m=[32m"round"[39m
                [33mstroke-linejoin[39m=[32m"round"[39m
                [33mstroke-width[39m=[32m"2"[39m
                [33mviewBox[39m=[32m"0 0 24 24"[39m
                [33mwidth[39m=[32m"24"[39m
                [33mxmlns[39m=[32m"http://www.w3.org/2000/svg"[39m
              [36m>[39m
                [36m<circle[39m
                  [33mcx[39m=[32m"12"[39m
                  [33mcy[39m=[32m"12"[39m
                  [33mr[39m=[32m"10"[39m
                [36m/>[39m
                [36m<path[39m
                  [33md[39m=[32m"m9 12 2 2 4-4"[39m
                [36m/>[39m
              [36m</svg>[39m
            [36m</div>[39m
            [36m<div[39m
              [33mclass[39m=[32m"flex flex-col"[39m
            [36m>[39m
              [36m<span[39m
                [33mclass[39m=[32m"text-xs font-black uppercase tracking-widest text-emerald-500 font-bold"[39m
                [33mdata-testid[39m=[32m"status-message-text"[39m
              [36m>[39m
                [0mReady to record[0m
              [36m</span>[39m
            [36m</div>[39m
          [36m</div>[39m
          [36m<div[39m
            [33mclass[39m=[32m"flex-1"[39m
          [36m/>[39m
        [36m</div>[39m
      [36m</div>[39m
      [36m<div[39m
        [33mclass[39m=[32m"max-w-7xl mx-auto px-6 pb-6 mt-0"[39m
      [36m>[39m
        [36m<div[39m
          [33mclass[39m=[32m"grid lg:grid-cols-3 gap-6 pt-6"[39m
        [36m>[39m
          [36m<div[39m
            [33maria-hidden[39m=[32m"true"[39m
            [33mclass[39m=[32m"lg:col-span-2 grid grid-cols-1 md:grid-cols-2 gap-6"[39m
            [33mdata-aria-hidden[39m=[32m"true"[39m
          [36m>[39m
            [36m<div[39m
              [33mclass[39m=[32m"bg-primary/5 border border-primary/20 rounded-2xl p-8 shadow-[0_0_40px_-10px_rgba(251,191,36,0.15)] relative z-10 h-full flex flex-col items-center justify-center text-center gap-4 min-h-half"[39m
              [33mdata-testid[39m=[32m"live-recording-card"[39m
            [36m>[39m
              [36m<div[39m
                [33mclass[39m=[32m"flex items-center justify-center gap-6 w-full translate-x-[-10px]"[39m
              [36m>[39m
                [0m [0m
                [36m<div[39m
                  [33mclass[39m=[32m"flex flex-col items-start gap-1 flex-shrink-0 min-w-0"[39m
                [36m>[39m
                  [36m<div[39m
                    [33mclass[39m=[32m"inline-flex items-center gap-1.5 px-2 py-0.5 rounded-full bg-emerald-500/10 border border-emerald-500/20 text-[7px] font-black text-emerald-500 uppercase tracking-tighter"[39m
                    [33mdata-state[39m=[32m"secure"[39m
                  [36m>[39m
                    [36m<svg[39m
                      [33maria-hidden[39m=[32m"true"[39m
                      [33mclass[39m=[32m"lucide lucide-shield h-2 w-2 fill-emerald-500/10"[39m
                      [33mfill[39m=[32m"none"[39m
                      [33mheight[39m=[32m"24"[39m
                      [33mstroke[39m=[32m"currentColor"[39m
                      [33mstroke-linecap[39m=[32m"round"[39m
                      [33mstroke-linejoin[39m=[32m"round"[39m
                      [33mstroke-width[39m=[32m"2"[39m
                      [33mviewBox[39m=[32m"0 0 24 24"[39m
                      [33mwidth[39m=[32m"24"[39m
                      [33mxmlns[39m=[32m"http://www.w3.org/2000/svg"[39m
                    [36m>[39m
                      [36m<path[39m
                        [33md[39m=[32m"M20 13c0 5-3.5 7.5-7.66 8.95a1 1 0 0 1-.67-.01C7.5 20.5 4 18 4 13V6a1 1 0 0 1 1-1c2 0 4.5-1.2 6.24-2.72a1.17 1.17 0 0 1 1.52 0C14.51 3.81 17 5 19 5a1 1 0 0 1 1 1z"[39m
                      [36m/>[39m
                    [36m</svg>[39m
                    [36m<span>[39m
                      [0mSECURE[0m
                    [36m</span>[39m
                  [36m</div>[39m
                  [36m<button[39m
                    [33maria-controls[39m=[32m"radix-:rd:"[39m
                    [33maria-expanded[39m=[32m"true"[39m
                    [33maria-haspopup[39m=[32m"menu"[39m
                    [33mclass[39m=[32m"inline-flex items-center ...

Ignored nodes: comments, script, style
[36m<body[39m
  [33mdata-scroll-locked[39m=[32m"1"[39m
  [33mstyle[39m=[32m"pointer-events: none;"[39m
[36m>[39m
  [36m<span[39m
    [33maria-hidden[39m=[32m"true"[39m
    [33mdata-aria-hidden[39m=[32m"true"[39m
    [33mdata-radix-focus-guard[39m=[32m""[39m
    [33mstyle[39m=[32m"opacity: 0; position: fixed; pointer-events: none; outline-color: none; outline-style: none; outline-width: initial;"[39m
    [33mtabindex[39m=[32m"0"[39m
  [36m/>[39m
  [36m<div>[39m
    [36m<main[39m
      [33maria-label[39m=[32m"Practice Session"[39m
      [33mclass[39m=[32m"min-h-screen bg-gradient-subtle pt-20"[39m
      [33mdata-testid[39m=[32m"session-page"[39m
    [36m>[39m
      [36m<div[39m
        [33maria-hidden[39m=[32m"true"[39m
        [33mclass[39m=[32m"text-center py-4 px-6 max-w-7xl mx-auto"[39m
        [33mdata-aria-hidden[39m=[32m"true"[39m
      [36m>[39m
        [36m<h1[39m
          [33mclass[39m=[32m"text-2xl font-bold text-foreground mb-1"[39m
        [36m>[39m
          [0mPractice Session[0m
        [36m</h1>[39m
        [36m<p[39m
          [33mclass[39m=[32m"text-xs text-muted-foreground"[39m
        [36m>[39m
          [0mWe'll analyze your speech patterns in real-time[0m
        [36m</p>[39m
      [36m</div>[39m
      [36m<div[39m
        [33mclass[39m=[32m"max-w-7xl mx-auto px-6 mb-0"[39m
      [36m>[39m
        [36m<div[39m
          [33maria-live[39m=[32m"polite"[39m
          [33mclass[39m=[32m"flex items-center gap-4 w-full px-5 py-2 rounded-t-xl border-b border-white/5 bg-emerald-500/10 border-emerald-500/20 shadow-sm backdrop-blur-xl shadow-lg transition-all duration-300"[39m
          [33mdata-engine[39m=[32m"none"[39m
          [33mdata-state[39m=[32m"ready"[39m
          [33mdata-testid[39m=[32m"stt-status-bar"[39m
          [33mrole[39m=[32m"status"[39m
        [36m>[39m
          [36m<div[39m
            [33mclass[39m=[32m"flex items-center gap-3"[39m
            [33mdata-testid[39m=[32m"session-status-indicator"[39m
          [36m>[39m
            [36m<div[39m
              [33mclass[39m=[32m"relative"[39m
            [36m>[39m
              [36m<svg[39m
                [33maria-hidden[39m=[32m"true"[39m
                [33mclass[39m=[32m"lucide lucide-circle-check h-5 w-5 text-emerald-500 font-bold"[39m
                [33mfill[39m=[32m"none"[39m
                [33mheight[39m=[32m"24"[39m
                [33mstroke[39m=[32m"currentColor"[39m
                [33mstroke-linecap[39m=[32m"round"[39m
                [33mstroke-linejoin[39m=[32m"round"[39m
                [33mstroke-width[39m=[32m"2"[39m
                [33mviewBox[39m=[32m"0 0 24 24"[39m
                [33mwidth[39m=[32m"24"[39m
                [33mxmlns[39m=[32m"http://www.w3.org/2000/svg"[39m
              [36m>[39m
                [36m<circle[39m
                  [33mcx[39m=[32m"12"[39m
                  [33mcy[39m=[32m"12"[39m
                  [33mr[39m=[32m"10"[39m
                [36m/>[39m
                [36m<path[39m
                  [33md[39m=[32m"m9 12 2 2 4-4"[39m
                [36m/>[39m
              [36m</svg>[39m
            [36m</div>[39m
            [36m<div[39m
              [33mclass[39m=[32m"flex flex-col"[39m
            [36m>[39m
              [36m<span[39m
                [33mclass[39m=[32m"text-xs font-black uppercase tracking-widest text-emerald-500 font-bold"[39m
                [33mdata-testid[39m=[32m"status-message-text"[39m
              [36m>[39m
                [0mReady to record[0m
              [36m</span>[39m
            [36m</div>[39m
          [36m</div>[39m
          [36m<div[39m
            [33mclass[39m=[32m"flex-1"[39m
          [36m/>[39m
        [36m</div>[39m
      [36m</div>[39m
      [36m<div[39m
        [33mclass[39m=[32m"max-w-7xl mx-auto px-6 pb-6 mt-0"[39m
      [36m>[39m
        [36m<div[39m
          [33mclass[39m=[32m"grid lg:grid-cols-3 gap-6 pt-6"[39m
        [36m>[39m
          [36m<div[39m
            [33maria-hidden[39m=[32m"true"[39m
            [33mclass[39m=[32m"lg:col-span-2 grid grid-cols-1 md:grid-cols-2 gap-6"[39m
            [33mdata-aria-hidden[39m=[32m"true"[39m
          [36m>[39m
            [36m<div[39m
              [33mclass[39m=[32m"bg-primary/5 border border-primary/20 rounded-2xl p-8 shadow-[0_0_40px_-10px_rgba(251,191,36,0.15)] relative z-10 h-full flex flex-col items-center justify-center text-center gap-4 min-h-half"[39m
              [33mdata-testid[39m=[32m"live-recording-card"[39m
            [36m>[39m
              [36m<div[39m
                [33mclass[39m=[32m"flex items-center justify-center gap-6 w-full translate-x-[-10px]"[39m
              [36m>[39m
                [0m [0m
                [36m<div[39m
                  [33mclass[39m=[32m"flex flex-col items-start gap-1 flex-shrink-0 min-w-0"[39m
                [36m>[39m
                  [36m<div[39m
                    [33mclass[39m=[32m"inline-flex items-center gap-1.5 px-2 py-0.5 rounded-full bg-emerald-500/10 border border-emerald-500/20 text-[7px] font-black text-emerald-500 uppercase tracking-tighter"[39m
                    [33mdata-state[39m=[32m"secure"[39m
                  [36m>[39m
                    [36m<svg[39m
                      [33maria-hidden[39m=[32m"true"[39m
                      [33mclass[39m=[32m"lucide lucide-shield h-2 w-2 fill-emerald-500/10"[39m
                      [33mfill[39m=[32m"none"[39m
                      [33mheight[39m=[32m"24"[39m
                      [33mstroke[39m=[32m"currentColor"[39m
                      [33mstroke-linecap[39m=[32m"round"[39m
                      [33mstroke-linejoin[39m=[32m"round"[39m
                      [33mstroke-width[39m=[32m"2"[39m
                      [33mviewBox[39m=[32m"0 0 24 24"[39m
                      [33mwidth[39m=[32m"24"[39m
                      [33mxmlns[39m=[32m"http://www.w3.org/2000/svg"[39m
                    [36m>[39m
                      [36m<path[39m
                        [33md[39m=[32m"M20 13c0 5-3.5 7.5-7.66 8.95a1 1 0 0 1-.67-.01C7.5 20.5 4 18 4 13V6a1 1 0 0 1 1-1c2 0 4.5-1.2 6.24-2.72a1.17 1.17 0 0 1 1.52 0C14.51 3.81 17 5 19 5a1 1 0 0 1 1 1z"[39m
                      [36m/>[39m
                    [36m</svg>[39m
                    [36m<span>[39m
                      [0mSECURE[0m
                    [36m</span>[39m
                  [36m</div>[39m
                  [36m<button[39m
                    [33maria-controls[39m=[32m"radix-:rd:"[39m
                    [33maria-expanded[39m=[32m"true"[39m
                    [33maria-haspopup[39m=[32m"menu"[39m
                    [33mclass[39m=[32m"inline-flex items-center ...
[90m [2m❯[22m waitForWrapper node_modules/@testing-library/dom/dist/wait-for.js:[2m163:27[22m[39m
[90m [2m❯[22m node_modules/@testing-library/dom/dist/query-helpers.js:[2m86:33[22m[39m
[36m [2m❯[22m frontend/src/pages/__tests__/SessionPage.ui.component.test.tsx:[2m147:43[22m[39m
    [90m145| [39m
    [90m146| [39m        [90m// Note: For Pro users, the "(Pro)" suffix is not shown[39m
    [90m147| [39m        [35mconst[39m onDeviceItem [33m=[39m [35mawait[39m screen[33m.[39m[34mfindByText[39m([32m'Private'[39m)[33m;[39m
    [90m   | [39m                                          [31m^[39m
    [90m148| [39m        [35mconst[39m cloudItem [33m=[39m [35mawait[39m screen[33m.[39m[34mfindByText[39m([32m'Cloud'[39m)[33m;[39m
    [90m149| [39m

[31m[2m⎯⎯⎯⎯⎯⎯⎯⎯⎯⎯⎯⎯⎯⎯⎯⎯⎯⎯⎯⎯⎯⎯⎯[7/19]⎯[22m[39m

[41m[1m FAIL [22m[49m frontend/src/components/analytics/__tests__/STTAccuracyVsBenchmark.test.tsx[2m > [22mSTTAccuracyVsBenchmark[2m > [22mshould render specific session view when URL has sessionId parameter
[31m[1mTestingLibraryElementError[22m: Found multiple elements with the text: /Private/

Here are the matching elements:

Ignored nodes: comments, script, style
[36m<h3[31m
  [33mclass[31m=[32m"font-semibold leading-none tracking-tight"[31m
[36m>[31m
  [0mSession Accuracy vs [0m
  [0mPrivate[0m
  [0m Benchmark[0m
[36m</h3>[31m

Ignored nodes: comments, script, style
[36m<strong>[31m
  [0mPrivate[0m
[36m</strong>[31m

(If this is intentional, then use the `*AllBy*` variant of the query (like `queryAllByText`, `getAllByText`, or `findAllByText`)).

Ignored nodes: comments, script, style
[36m<body>[31m
  [36m<div>[31m
    [36m<div[31m
      [33mclass[31m=[32m"bg-card rounded-lg border-2 border-white shadow-card p-6"[31m
    [36m>[31m
      [36m<div[31m
        [33mclass[31m=[32m"flex flex-col space-y-1.5"[31m
      [36m>[31m
        [36m<h3[31m
          [33mclass[31m=[32m"font-semibold leading-none tracking-tight"[31m
        [36m>[31m
          [0mSession Accuracy vs [0m
          [0mPrivate[0m
          [0m Benchmark[0m
        [36m</h3>[31m
      [36m</div>[31m
      [36m<div>[31m
        [36m<div[31m
          [33mclass[31m=[32m"recharts-responsive-container"[31m
          [33mstyle[31m=[32m"width: 100%; height: 180px; min-width: 0;"[31m
        [36m>[31m
          [36m<div[31m
            [33mstyle[31m=[32m"width: 0px; overflow-x: visible;"[31m
          [36m/>[31m
        [36m</div>[31m
        [36m<p[31m
          [33mclass[31m=[32m"text-xs text-muted-foreground mt-2 text-center"[31m
        [36m>[31m
          [0mThis session used the [0m
          [36m<strong>[31m
            [0mPrivate[0m
          [36m</strong>[31m
          [0m engine. Its theoretical maximum memory-ceiling is [0m
          [0m93[0m
          [0m%.[0m
        [36m</p>[31m
      [36m</div>[31m
    [36m</div>[31m
  [36m</div>[31m
[36m</body>[31m[39m
[90m [2m❯[22m Object.getElementError node_modules/@testing-library/dom/dist/config.js:[2m37:19[22m[39m
[90m [2m❯[22m getElementError node_modules/@testing-library/dom/dist/query-helpers.js:[2m20:35[22m[39m
[90m [2m❯[22m getMultipleElementsFoundError node_modules/@testing-library/dom/dist/query-helpers.js:[2m23:10[22m[39m
[90m [2m❯[22m node_modules/@testing-library/dom/dist/query-helpers.js:[2m55:13[22m[39m
[90m [2m❯[22m node_modules/@testing-library/dom/dist/query-helpers.js:[2m95:19[22m[39m
[36m [2m❯[22m frontend/src/components/analytics/__tests__/STTAccuracyVsBenchmark.test.tsx:[2m143:23[22m[39m
    [90m141| [39m        [34mrender[39m([33m<[39m[33mSTTAccuracyVsBenchmark[39m [33m/[39m[33m>[39m)[33m;[39m
    [90m142| [39m        expect(screen.getByText(/Session Accuracy vs/)).toBeInTheDocum…
    [90m143| [39m        [34mexpect[39m(screen[33m.[39m[34mgetByText[39m([36m/Private/[39m))[33m.[39m[34mtoBeInTheDocument[39m()[33m;[39m
    [90m   | [39m                      [31m^[39m
    [90m144| [39m        expect(screen.getByText(/This session used the/)).toBeInTheDoc…
    [90m145| [39m    })[33m;[39m

[31m[2m⎯⎯⎯⎯⎯⎯⎯⎯⎯⎯⎯⎯⎯⎯⎯⎯⎯⎯⎯⎯⎯⎯⎯[8/19]⎯[22m[39m

[41m[1m FAIL [22m[49m frontend/src/hooks/useSpeechRecognition/__tests__/integration.test.tsx[2m > [22museSpeechRecognition Integration[2m > [22mshould handle service errors gracefully
[31m[1mAssertionError[22m: expected 'Error occurred' to be 'Microphone access denied' // Object.is equality[39m

Expected: [32m"[7mMicrophone access deni[27med"[39m
Received: [31m"[7mError occurr[27med"[39m

[36m [2m❯[22m vi.waitFor.timeout frontend/src/hooks/useSpeechRecognition/__tests__/integration.test.tsx:[2m134:54[22m[39m
    [90m132| [39m        [35mawait[39m vi[33m.[39m[34mwaitFor[39m(() [33m=>[39m {
    [90m133| [39m            [34mexpect[39m(result[33m.[39mcurrent[33m.[39msttStatus[33m.[39mtype)[33m.[39m[34mtoBe[39m([32m'error'[39m)[33m;[39m
    [90m134| [39m            expect(result.current.sttStatus.message).toBe('Microphone …
    [90m   | [39m                                                     [31m^[39m
    [90m135| [39m        }[33m,[39m { timeout[33m:[39m [34m3000[39m })[33m;[39m
    [90m136| [39m

[31m[2m⎯⎯⎯⎯⎯⎯⎯⎯⎯⎯⎯⎯⎯⎯⎯⎯⎯⎯⎯⎯⎯⎯⎯[9/19]⎯[22m[39m

[41m[1m FAIL [22m[49m frontend/src/hooks/useSpeechRecognition/__tests__/integration.test.tsx[2m > [22museSpeechRecognition Integration[2m > [22mshould capture usage limit exceeded state mid-session
[31m[1mAssertionError[22m: expected 'recording' to be 'error' // Object.is equality[39m

Expected: [32m"error"[39m
Received: [31m"recording"[39m

[36m [2m❯[22m vi.waitFor.timeout frontend/src/hooks/useSpeechRecognition/__tests__/integration.test.tsx:[2m161:51[22m[39m
    [90m159| [39m        [90m// Verify the hook reflects the limit error[39m
    [90m160| [39m        [35mawait[39m vi[33m.[39m[34mwaitFor[39m(() [33m=>[39m {
    [90m161| [39m            [34mexpect[39m(result[33m.[39mcurrent[33m.[39msttStatus[33m.[39mtype)[33m.[39m[34mtoBe[39m([32m'error'[39m)[33m;[39m
    [90m   | [39m                                                  [31m^[39m
    [90m162| [39m            expect(result.current.sttStatus.message).toBe('Daily usage…
    [90m163| [39m        }[33m,[39m { timeout[33m:[39m [34m3000[39m })[33m;[39m

[31m[2m⎯⎯⎯⎯⎯⎯⎯⎯⎯⎯⎯⎯⎯⎯⎯⎯⎯⎯⎯⎯⎯⎯[10/19]⎯[22m[39m

[41m[1m FAIL [22m[49m frontend/src/hooks/useSpeechRecognition/__tests__/integration.test.tsx[2m > [22museSpeechRecognition Integration[2m > [22mshould cleanup on unmount
[31m[1mAssertionError[22m: expected "spy" to be called at least once[39m
[36m [2m❯[22m frontend/src/hooks/useSpeechRecognition/__tests__/integration.test.tsx:[2m185:34[22m[39m
    [90m183| [39m
    [90m184| [39m        [35mawait[39m vi[33m.[39m[34mwaitFor[39m(() [33m=>[39m {
    [90m185| [39m            [34mexpect[39m(terminateSpy)[33m.[39m[34mtoHaveBeenCalled[39m()[33m;[39m
    [90m   | [39m                                 [31m^[39m
    [90m186| [39m        })[33m;[39m
    [90m187| [39m    })[33m;[39m

[31m[2m⎯⎯⎯⎯⎯⎯⎯⎯⎯⎯⎯⎯⎯⎯⎯⎯⎯⎯⎯⎯⎯⎯[11/19]⎯[22m[39m

[41m[1m FAIL [22m[49m frontend/src/hooks/useSpeechRecognition/__tests__/useTranscriptionService.component.test.tsx[2m > [22museTranscriptionService[2m > [22mshould initialize with correct default state
[41m[1m FAIL [22m[49m frontend/src/hooks/useSpeechRecognition/__tests__/useTranscriptionService.component.test.tsx[2m > [22museTranscriptionService[2m > [22mshould start listening successfully
[41m[1m FAIL [22m[49m frontend/src/hooks/useSpeechRecognition/__tests__/useTranscriptionService.component.test.tsx[2m > [22museTranscriptionService[2m > [22mshould stop listening successfully
[41m[1m FAIL [22m[49m frontend/src/hooks/useSpeechRecognition/__tests__/useTranscriptionService.component.test.tsx[2m > [22museTranscriptionService[2m > [22mshould handle start listening errors
[41m[1m FAIL [22m[49m frontend/src/hooks/useSpeechRecognition/__tests__/useTranscriptionService.component.test.tsx[2m > [22museTranscriptionService[2m > [22mshould cleanup on unmount
[31m[1mError[22m: [vitest] No "getTranscriptionService" export is defined on the "../../../services/transcription/TranscriptionService" mock. Did you forget to return it from "vi.mock"?
If you need to partially mock a module, you can use "importOriginal" helper inside:
[39m
vi[33m.[39m[34mmock[39m([35mimport[39m([32m"../../../services/transcription/TranscriptionService"[39m)[33m,[39m [35masync[39m (importOriginal) [33m=>[39m {
  [35mconst[39m actual [33m=[39m [35mawait[39m [34mimportOriginal[39m()
  [35mreturn[39m {
    [33m...[39mactual[33m,[39m
    [90m// your mocked methods[39m
  }
})

[36m [2m❯[22m TranscriptionProvider frontend/src/providers/TranscriptionProvider.tsx:[2m13:21[22m[39m
    [90m 11| [39m}[33m>[39m [33m=[39m ({ children[33m,[39m policy }) [33m=>[39m {
    [90m 12| [39m    [90m// 1. Singleton Acquisition (Survives Remounts)[39m
    [90m 13| [39m    [35mconst[39m service [33m=[39m [34mgetTranscriptionService[39m(policy [33m?[39m { policy } [33m:[39m {})[33m;[39m
    [90m   | [39m                    [31m^[39m
    [90m 14| [39m    [35mconst[39m [isReady] [33m=[39m [34museState[39m([35mtrue[39m)[33m;[39m
    [90m 15| [39m
[90m [2m❯[22m renderWithHooks node_modules/react-dom/cjs/react-dom.development.js:[2m15486:18[22m[39m
[90m [2m❯[22m mountIndeterminateComponent node_modules/react-dom/cjs/react-dom.development.js:[2m20103:13[22m[39m
[90m [2m❯[22m beginWork node_modules/react-dom/cjs/react-dom.development.js:[2m21626:16[22m[39m
[90m [2m❯[22m HTMLUnknownElement.callCallback node_modules/react-dom/cjs/react-dom.development.js:[2m4164:14[22m[39m
[90m [2m❯[22m HTMLUnknownElement.#callDispatchEventListeners node_modules/happy-dom/src/event/EventTarget.ts:[2m299:42[22m[39m
[90m [2m❯[22m HTMLUnknownElement.dispatchEvent node_modules/happy-dom/src/event/EventTarget.ts:[2m136:35[22m[39m
[90m [2m❯[22m HTMLUnknownElement.#goThroughDispatchEventPhases node_modules/happy-dom/src/event/EventTarget.ts:[2m208:33[22m[39m

[31m[2m⎯⎯⎯⎯⎯⎯⎯⎯⎯⎯⎯⎯⎯⎯⎯⎯⎯⎯⎯⎯⎯⎯[12/19]⎯[22m[39m

[41m[1m FAIL [22m[49m frontend/src/services/transcription/engines/__tests__/TransformersJSEngine.test.ts[2m > [22mTransformersJSEngine (Unit)[2m > [22mshould handle transcription errors
[31m[1mAssertionError[22m: expected false to be true // Object.is equality[39m

[32m- Expected[39m
[31m+ Received[39m

[32m- true[39m
[31m+ false[39m

[36m [2m❯[22m frontend/src/services/transcription/engines/__tests__/TransformersJSEngine.test.ts:[2m126:30[22m[39m
    [90m124| [39m
    [90m125| [39m        const result = await engine.transcribe(new Float32Array(16000)…
    [90m126| [39m        [34mexpect[39m(result[33m.[39misErr)[33m.[39m[34mtoBe[39m([35mtrue[39m)[33m;[39m
    [90m   | [39m                             [31m^[39m
    [90m127| [39m    })[33m;[39m
    [90m128| [39m

[31m[2m⎯⎯⎯⎯⎯⎯⎯⎯⎯⎯⎯⎯⎯⎯⎯⎯⎯⎯⎯⎯⎯⎯[13/19]⎯[22m[39m


[2m Test Files [22m [1m[31m8 failed[39m[22m[2m | [22m[1m[32m81 passed[39m[22m[90m (89)[39m
[2m      Tests [22m [1m[31m19 failed[39m[22m[2m | [22m[1m[32m537 passed[39m[22m[90m (556)[39m
[2m   Start at [22m 11:49:17
[2m   Duration [22m 59.08s[2m (transform 1.05s, setup 8.82s, collect 7.91s, tests 15.31s, environment 10.94s, prepare 3.32s)[22m

 ELIFECYCLE  Command failed with exit code 1.
