
> speaksharp@0.6.17 test:unit /Users/fibonacci/SW_Dev/Antigravity_Dev/speaksharp
> cross-env CI=true vitest run --config frontend/vitest.config.mjs frontend/src/hooks/useSpeechRecognition/__tests__/integration.test.tsx frontend/src/services/transcription/__tests__/SttSafeguards.test.ts

[VITEST-CONFIG] 🏁 Loading from /Users/fibonacci/SW_Dev/Antigravity_Dev/speaksharp/frontend/vitest.config.mjs
[VITEST-CONFIG] 📍 __dirname: /Users/fibonacci/SW_Dev/Antigravity_Dev/speaksharp/frontend
[VITEST-CONFIG] 🗺️ Alias @ -> /Users/fibonacci/SW_Dev/Antigravity_Dev/speaksharp/frontend/src
 ELIFECYCLE  Command failed with exit code 1.
