
#1304 BROWSER lane — set=corpus (selection), 600 clips / 10894 normalized words, mirror mode=pinned


  v2:tiny.en  — not measured under targeted-finalists-v1 (not_a_targeted_finalist)

  v2:base.en  (v2 whisper-base.en — SHIPPING)
    backend: wasm:1 module(s) (PROVEN)
    POOLED WER = 0.0690  words=10894 S=568 D=71 I=113
    selection eligible: YES
    cold load 956ms · warm p50 1650ms p95 2633ms · RTF p50 0.309 p95 0.622
    download 92.2 MB over 14 files · reliability decoded=600/600 threw=0 empty=0 missing=0 truncated=0

  v2:base.en:no-conditioning  — not measured under targeted-finalists-v1 (invalid_runtime_option_unsupported)

  v2:small.en  — not measured under targeted-finalists-v1 (not_a_targeted_finalist)

  v4:base:q4-decoder:wasm  (v4 base, fp32 encoder + q4 decoder, WASM)
    backend: wasm:1 module(s) (PROVEN)
    POOLED WER = 0.0699  words=10894 S=580 D=75 I=106
    selection eligible: YES
    cold load 2164ms · warm p50 1528ms p95 2418ms · RTF p50 0.295 p95 0.590
    download 234.3 MB over 30 files · reliability decoded=600/600 threw=0 empty=0 missing=0 truncated=0

  v4:base:q4-decoder:cpu  — not measured under targeted-finalists-v1 (diagnostic_duplicate_of_q4_wasm)

  v4:base:q4-decoder:webgpu  — not measured under targeted-finalists-v1 (not_run_hardware_unrepresentative)

  v4:base:fp32-decoder:cpu  — not measured under targeted-finalists-v1 (not_a_targeted_finalist)

  v4:base:int8-decoder:cpu  (v4 base, int8 decoder)
    backend: wasm:1 module(s) (PROVEN)
    POOLED WER = 0.0681  words=10894 S=560 D=73 I=109
    selection eligible: YES
    cold load 1483ms · warm p50 1331ms p95 1889ms · RTF p50 0.253 p95 0.534
    download 164.4 MB over 30 files · reliability decoded=600/600 threw=0 empty=0 missing=0 truncated=0

  v4:base:q8-decoder:cpu  — not measured under targeted-finalists-v1 (alias_of_int8)

  v4:distil-small.en:q4-decoder:webgpu  — not measured under targeted-finalists-v1 (not_run_hardware_unrepresentative)

  moonshine:streaming-small  — not measured under targeted-finalists-v1 (not_a_targeted_finalist)

  moonshine:streaming-medium  (Moonshine Streaming Medium (official @moonshine-ai/moonshine-wasm))
